 DttSP

 Timestamp is 67a4346c (Wed Feb  5 22:02:52 2025)

 Preferred load address is 10000000

 Start         Length     Name                   Class
 0001:00000000 00019501H .text$mn                CODE
 0002:00000000 00000188H .idata$5                DATA
 0002:00000188 0000000cH .00cfg                  DATA
 0002:00000194 00000004H .CRT$XCA                DATA
 0002:00000198 00000004H .CRT$XCZ                DATA
 0002:0000019c 00000004H .CRT$XIA                DATA
 0002:000001a0 00000004H .CRT$XIZ                DATA
 0002:000001a4 00000004H .CRT$XPA                DATA
 0002:000001a8 00000004H .CRT$XPZ                DATA
 0002:000001ac 00000004H .CRT$XTA                DATA
 0002:000001b0 00000010H .CRT$XTZ                DATA
 0002:000001b4 00000000H .gfids$y                DATA
 0002:000001c0 00001740H .rdata                  DATA
 0002:00001900 00000040H .rdata$CastGuardVftablesA DATA
 0002:00001940 00000040H .rdata$CastGuardVftablesC DATA
 0002:00001980 00000004H .rdata$sxdata           DATA
 0002:00001984 0000038cH .rdata$voltmd           DATA
 0002:00001d10 000002f8H .rdata$zzzdbg           DATA
 0002:00002008 00000004H .rtc$IAA                DATA
 0002:0000200c 00000004H .rtc$IZZ                DATA
 0002:00002010 00000004H .rtc$TAA                DATA
 0002:00002014 00000004H .rtc$TZZ                DATA
 0002:00002018 00000088H .xdata$x                DATA
 0002:000020a0 00001044H .edata                  DATA
 0002:000030e4 00000118H .idata$2                DATA
 0002:000031fc 00000014H .idata$3                DATA
 0002:00003210 00000188H .idata$4                DATA
 0002:00003398 0000078cH .idata$6                DATA
 0003:00000000 000007e0H .data                   DATA
 0003:000007e0 000319fcH .bss                    DATA
 0004:00000000 000000a0H .rsrc$01                DATA
 0004:000000a0 00000498H .rsrc$02                DATA

  Address         Publics by Value              Rva+Base       Lib:Object

 0000:00000000       ___AbsoluteZero            00000000     <absolute>
 0000:00000000       ___arm64x_extra_rfe_table  00000000     <absolute>
 0000:00000000       ___arm64x_extra_rfe_table_size 00000000     <absolute>
 0000:00000000       ___arm64x_native_entrypoint 00000000     <absolute>
 0000:00000000       ___arm64x_redirection_metadata 00000000     <absolute>
 0000:00000000       ___arm64x_redirection_metadata_count 00000000     <absolute>
 0000:00000000       ___dynamic_value_reloc_table 00000000     <absolute>
 0000:00000000       ___enclave_config          00000000     <absolute>
 0000:00000000       ___guard_check_icall_a64n_fptr 00000000     <absolute>
 0000:00000000       ___guard_eh_cont_count     00000000     <absolute>
 0000:00000000       ___guard_eh_cont_table     00000000     <absolute>
 0000:00000000       ___guard_fids_count        00000000     <absolute>
 0000:00000000       ___guard_fids_table        00000000     <absolute>
 0000:00000000       ___guard_iat_count         00000000     <absolute>
 0000:00000000       ___guard_iat_table         00000000     <absolute>
 0000:00000000       ___guard_longjmp_count     00000000     <absolute>
 0000:00000000       ___guard_longjmp_table     00000000     <absolute>
 0000:00000000       ___hybrid_auxiliary_delayload_iat 00000000     <absolute>
 0000:00000000       ___hybrid_auxiliary_delayload_iat_copy 00000000     <absolute>
 0000:00000000       ___hybrid_auxiliary_iat    00000000     <absolute>
 0000:00000000       ___hybrid_auxiliary_iat_copy 00000000     <absolute>
 0000:00000000       ___hybrid_code_map         00000000     <absolute>
 0000:00000000       ___hybrid_code_map_count   00000000     <absolute>
 0000:00000000       ___hybrid_image_info_bitfield 00000000     <absolute>
 0000:00000000       ___x64_code_ranges_to_entry_points 00000000     <absolute>
 0000:00000000       ___x64_code_ranges_to_entry_points_count 00000000     <absolute>
 0000:00000001       ___safe_se_handler_count   00000001     <absolute>
 0000:00000100       ___guard_flags             00000100     <absolute>
 0000:00000000       ___ImageBase               10000000     <linker-defined>
 0001:00000000       _AMDemod                   10001000 f   am_demod.obj
 0001:000002f0       _newAMD                    100012f0 f   am_demod.obj
 0001:000003e0       _delAMD                    100013e0 f   am_demod.obj
 0001:00000410       _nilfunc                   10001410 f   banal.obj
 0001:00000420       _popcnt                    10001420 f   banal.obj
 0001:00000490       _npoof2                    10001490 f   banal.obj
 0001:000004b0       _nblock2                   100014b0 f   banal.obj
 0001:000004d0       _in_blocks                 100014d0 f   banal.obj
 0001:00000510       _efopen                    10001510 f   banal.obj
 0001:00000550       _efreopen                  10001550 f   banal.obj
 0001:000005a0       _filesize                  100015a0 f   banal.obj
 0001:000005d0       _fdsize                    100015d0 f   banal.obj
 0001:00000600       _now_tv                    10001600 f   banal.obj
 0001:00000650       _diff_tv                   10001650 f   banal.obj
 0001:00000690       _sum_tv                    10001690 f   banal.obj
 0001:000006c0       _fmt_tv                    100016c0 f   banal.obj
 0001:000006f0       _since                     100016f0 f   banal.obj
 0001:00000790       _hinterp_vec               10001790 f   banal.obj
 0001:00000830       _status_message            10001830 f   banal.obj
 0001:00000860       _find_rcfile               10001860 f   banal.obj
 0001:00000900       _hash                      10001900 f   banal.obj
 0001:00000930       _gcd                       10001930 f   banal.obj
 0001:00000950       _least_common_mul          10001950 f   banal.obj
 0001:000009c0       ___local_stdio_printf_options 100019c0 f i banal.obj
 0001:000009d0       __snprintf                 100019d0 f i banal.obj
 0001:00000a10       _fprintf                   10001a10 f i banal.obj
 0001:00000a40       _sprintf                   10001a40 f i banal.obj
 0001:00000a80       _sqr                       10001a80 f i banal.obj
 0001:00000a90       _safealloc                 10001a90 f   bufvec.obj
 0001:00000b00       _safefree                  10001b00 f   bufvec.obj
 0001:00000b20       _safememcurrcount          10001b20 f   bufvec.obj
 0001:00000b30       _safememreset              10001b30 f   bufvec.obj
 0001:00000b40       _newvec_REAL               10001b40 f   bufvec.obj
 0001:00000bb0       _newvec_REAL_16            10001bb0 f   bufvec.obj
 0001:00000c20       _delvec_REAL               10001c20 f   bufvec.obj
 0001:00000c40       _newvec_IMAG               10001c40 f   bufvec.obj
 0001:00000cb0       _delvec_IMAG               10001cb0 f   bufvec.obj
 0001:00000cd0       _newvec_COMPLEX            10001cd0 f   bufvec.obj
 0001:00000d40       _delvec_COMPLEX            10001d40 f   bufvec.obj
 0001:00000d60       _newvec_COMPLEX_16         10001d60 f   bufvec.obj
 0001:00000de0       _delvec_COMPLEX_16         10001de0 f   bufvec.obj
 0001:00000df0       _dump_REAL                 10001df0 f   bufvec.obj
 0001:00000e60       _dump_IMAG                 10001e60 f   bufvec.obj
 0001:00000ed0       _dump_CX                   10001ed0 f   bufvec.obj
 0001:00000f50       _newCXB                    10001f50 f   bufvec.obj
 0001:00001030       _delCXB                    10002030 f   bufvec.obj
 0001:00001060       _newRLB                    10002060 f   bufvec.obj
 0001:00001140       _delRLB                    10002140 f   bufvec.obj
 0001:00001170       _normalize_vec_REAL        10002170 f   bufvec.obj
 0001:00001290       _normalize_vec_COMPLEX     10002290 f   bufvec.obj
 0001:000013e0       _safealloc16               100023e0 f   bufvec.obj
 0001:00001460       _newCorrectIQ              10002460 f   correctIQ.obj
 0001:00001500       _delCorrectIQ              10002500 f   correctIQ.obj
 0001:00001530       _correctIQ                 10002530 f   correctIQ.obj
 0001:00001750       _newCWToneGen              10002750 f   cwtones.obj
 0001:000017f0       _delCWToneGen              100027f0 f   cwtones.obj
 0001:00001820       _setCWToneGenVals          10002820 f   cwtones.obj
 0001:00001850       _CWToneOn                  10002850 f   cwtones.obj
 0001:00001960       _CWToneOff                 10002960 f   cwtones.obj
 0001:00001970       _CWTone                    10002970 f   cwtones.obj
 0001:00001bc0       _CWComplexOSC              10002bc0 f   cwtones.obj
 0001:00001cc0       _DCBlock                   10002cc0 f   dcblock.obj
 0001:000022a0       _resetDCBlocker            100032a0 f   dcblock.obj
 0001:000022e0       _newDCBlocker              100032e0 f   dcblock.obj
 0001:00002340       _delDCBlocker              10003340 f   dcblock.obj
 0001:00002360       _DttSPAgc                  10003360 f   dttspagc.obj
 0001:000026b0       _newDttSPAgc               100036b0 f   dttspagc.obj
 0001:00002910       _delDttSPAgc               10003910 f   dttspagc.obj
 0001:00002940       _DttSPAgc_flushbuf         10003940 f   dttspagc.obj
 0001:00002970       _new_IIR_LPF_2P            10003970 f   filt2p2z.obj
 0001:000029e0       _del_IIR_LPF_2P            100039e0 f   filt2p2z.obj
 0001:00002a00       _do_IIR_LPF_2P             10003a00 f   filt2p2z.obj
 0001:00002aa0       _new_IIR_BPF_2P            10003aa0 f   filt2p2z.obj
 0001:00002b20       _del_IIR_BPF_2P            10003b20 f   filt2p2z.obj
 0001:00002b40       _do_IIR_BPF_2P             10003b40 f   filt2p2z.obj
 0001:00002c00       _new_IIR_HPF_2P            10003c00 f   filt2p2z.obj
 0001:00002c90       _del_IIR_HPF_2P            10003c90 f   filt2p2z.obj
 0001:00002cb0       _do_IIR_HPF_2P             10003cb0 f   filt2p2z.obj
 0001:00002d90       _new_IIR_2P2Z              10003d90 f   filt2p2z.obj
 0001:000031c0       _del_IIR_2P2Z              100041c0 f   filt2p2z.obj
 0001:000031e0       _do_IIR_2P2Z               100041e0 f   filt2p2z.obj
 0001:00003310       _new_IIR_1P1Z              10004310 f   filt2p2z.obj
 0001:000033e0       _del_IIR_1P1Z              100043e0 f   filt2p2z.obj
 0001:00003400       _do_IIR_1P1Z               10004400 f   filt2p2z.obj
 0001:00003480       _newFIR_REAL               10004480 f   filter.obj
 0001:000034d0       _newFIR_COMPLEX            100044d0 f   filter.obj
 0001:00003520       _delFIR_REAL               10004520 f   filter.obj
 0001:00003540       _delFIR_COMPLEX            10004540 f   filter.obj
 0001:00003560       _newFIR_Lowpass_REAL       10004560 f   filter.obj
 0001:000036c0       _newFIR_Lowpass_COMPLEX    100046c0 f   filter.obj
 0001:00003800       _newFIR_Bandpass_REAL      10004800 f   filter.obj
 0001:000039c0       _newFIR_Bandpass_COMPLEX   100049c0 f   filter.obj
 0001:00003bc0       _newFIR_Highpass_REAL      10004bc0 f   filter.obj
 0001:00003e00       _newFIR_Highpass_COMPLEX   10004e00 f   filter.obj
 0001:00003fa0       _newFIR_Hilbert_REAL       10004fa0 f   filter.obj
 0001:00004150       _newFIR_Hilbert_COMPLEX    10005150 f   filter.obj
 0001:00004320       _newFIR_Bandstop_REAL      10005320 f   filter.obj
 0001:000045e0       _newFIR_Bandstop_COMPLEX   100055e0 f   filter.obj
 0001:00004850       _newFIRPFBChannelizer      10005850 f   filterbank.obj
 0001:000049c0       _newFIRHBPFBChannelizer    100059c0 f   filterbank.obj
 0001:00004b10       _delFIRDownsampler         10005b10 f   filterbank.obj
 0001:00004b60       _doFIRPFBChannelizer       10005b60 f   filterbank.obj
 0001:00004c70       _newFIRPDownsampler        10005c70 f   filterbank.obj
 0001:00004e60       _newFIRPUpsampler          10005e60 f   filterbank.obj
 0001:00005050       _delFIRPB                  10006050 f   filterbank.obj
 0001:000050b0       _doFIRPFBUpsampler         100060b0 f   filterbank.obj
 0001:000051c0       _doFIRPFBdownsampler       100061c0 f   filterbank.obj
 0001:000052e0       _delFIRUpsample            100062e0 f   filterbank.obj
 0001:00005330       _FMDemod                   10006330 f   fm_demod.obj
 0001:00005800       _newFMD                    10006800 f   fm_demod.obj
 0001:00005b70       _delFMD                    10006b70 f   fm_demod.obj
 0001:00005bf0       _new_EQ                    10006bf0 f   graphiceq.obj
 0001:00005dc0       _graphiceq                 10006dc0 f   graphiceq.obj
 0001:00006150       _delEQ                     10007150 f   graphiceq.obj
 0001:00006180       _newHilbert                10007180 f   hilbert.obj
 0001:00006470       _newHilbertsim             10007470 f   hilbert.obj
 0001:000064e0       _delHilbert                100074e0 f   hilbert.obj
 0001:00006520       _delHilsim                 10007520 f   hilbert.obj
 0001:00006550       _hilbert_transform         10007550 f   hilbert.obj
 0001:00006770       _hilsim_transform          10007770 f   hilbert.obj
 0001:000068a0       _ISOband_get_nominal       100078a0 f   isoband.obj
 0001:000068e0       _ISOband_get_exact         100078e0 f   isoband.obj
 0001:00006920       _ISOband_get_low           10007920 f   isoband.obj
 0001:00006960       _ISOband_get_high          10007960 f   isoband.obj
 0001:000069a0       _CWtoneExchange            100079a0 f   keyd.obj
 0001:00006b30       _send_tone                 10007b30 f   keyd.obj
 0001:00006c00       _send_silence              10007c00 f   keyd.obj
 0001:00006c90       _timer_callback@20         10007c90 f   keyd.obj
 0001:00006ca0       _sound_thread_keyd         10007ca0 f   keyd.obj
 0001:00006e80       _read_key                  10007e80 f   keyd.obj
 0001:00006f30       _SetWhichKey               10007f30 f   keyd.obj
 0001:00006f40       _key_thread_process        10007f40 f   keyd.obj
 0001:000070b0       _KeyerPlaying              100080b0 f   keyd.obj
 0001:00007100       _SetKeyerBug               10008100 f   keyd.obj
 0001:00007170       _SetKeyerSpeed             10008170 f   keyd.obj
 0001:000071b0       _SetKeyerWeight            100081b0 f   keyd.obj
 0001:000071e0       _SetKeyerIambic            100081e0 f   keyd.obj
 0001:00007250       _SetKeyerAutoSpace         10008250 f   keyd.obj
 0001:00007280       _SetKeyerModeBStrict       10008280 f   keyd.obj
 0001:000072b0       _SetKeyerFreq              100082b0 f   keyd.obj
 0001:00007320       _SetKeyerHarmonicRemove    10008320 f   keyd.obj
 0001:00007370       _SetKeyerGain              10008370 f   keyd.obj
 0001:00007410       _SetKeyerRamp              10008410 f   keyd.obj
 0001:00007480       _SetKeyerMode              10008480 f   keyd.obj
 0001:000074f0       _SetKeyerDeBounce          100084f0 f   keyd.obj
 0001:00007520       _SetKeyerRevPdl            10008520 f   keyd.obj
 0001:00007550       _NewKeyer                  10008550 f   keyd.obj
 0001:00007710       _NewCriticalSection        10008710 f   keyd.obj
 0001:00007730       _DestroyCriticalSection    10008730 f   keyd.obj
 0001:00007740       _CWRingRestart             10008740 f   keyd.obj
 0001:00007750       _StartKeyer                10008750 f   keyd.obj
 0001:000077b0       _StopKeyer                 100087b0 f   keyd.obj
 0001:000077f0       _KeyerRunning              100087f0 f   keyd.obj
 0001:00007800       _DeleteKeyer               10008800 f   keyd.obj
 0001:000078f0       _KeyerClockFireWait        100088f0 f   keyd.obj
 0001:00007900       _KeyerClockFireRelease     10008900 f   keyd.obj
 0001:00007910       _KeyerStartedWait          10008910 f   keyd.obj
 0001:00007920       _KeyerStartedRelease       10008920 f   keyd.obj
 0001:00007930       _PollTimerWait             10008930 f   keyd.obj
 0001:00007940       _PollTimerRelease          10008940 f   keyd.obj
 0001:00007950       _SetKeyerResetSize         10008950 f   keyd.obj
 0001:00007970       _SetKeyerSampleRate        10008970 f   keyd.obj
 0001:00007a00       _newKeyerState             10008a00 f   keyer.obj
 0001:00007a20       _delKeyerState             10008a20 f   keyer.obj
 0001:00007a30       _newKeyerLogic             10008a30 f   keyer.obj
 0001:00007a50       _delKeyerLogic             10008a50 f   keyer.obj
 0001:00007a60       _klogic                    10008a60 f   keyer.obj
 0001:00008330       _read_straight_key         10009330 f   keyerio.obj
 0001:00008440       _read_iambic_key           10009440 f   keyerio.obj
 0001:000085a0       _new_lmsr                  100095a0 f   lmadf.obj
 0001:00008640       _del_lmsr                  10009640 f   lmadf.obj
 0001:00008670       _lmsr_adapt                10009670 f   lmadf.obj
 0001:000088a0       _new_blms                  100098a0 f   lmadf.obj
 0001:00008a00       _blms_adapt                10009a00 f   lmadf.obj
 0001:00008ed0       _del_blms                  10009ed0 f   lmadf.obj
 0001:00008f60       _dump_filter               10009f60 f   lmadf.obj
 0001:00008ff0       _dump_delay                10009ff0 f   lmadf.obj
 0001:00009080       _malloc16Align             1000a080 f   malloc16.obj
 0001:000090b0       _calloc16Align             1000a0b0 f   malloc16.obj
 0001:00009100       _free16Align               1000a100 f   malloc16.obj
 0001:00009120       _new_noiseblanker          1000a120 f   noiseblanker.obj
 0001:00009190       _del_nb                    1000a190 f   noiseblanker.obj
 0001:000091b0       _noiseblanker              1000a1b0 f   noiseblanker.obj
 0001:00009620       _SDROMnoiseblanker         1000a620 f   noiseblanker.obj
 0001:00009750       _ComplexOSC                1000a750 f   oscillator.obj
 0001:00009800       _RealOSC                   1000a800 f   oscillator.obj
 0001:00009870       _newOSC                    1000a870 f   oscillator.obj
 0001:000098f0       _delOSC                    1000a8f0 f   oscillator.obj
 0001:00009930       _newFiltOvSv               1000a930 f   ovsv.obj
 0001:00009a80       _delFiltOvSv               1000aa80 f   ovsv.obj
 0001:00009ad0       _FiltOvSv_initpoint        1000aad0 f   ovsv.obj
 0001:00009ae0       _FiltOvSv_initsize         1000aae0 f   ovsv.obj
 0001:00009af0       _FiltOvSv_fetchpoint       1000aaf0 f   ovsv.obj
 0001:00009b00       _FiltOvSv_fetchsize        1000ab00 f   ovsv.obj
 0001:00009b10       _FiltOvSv_storepoint       1000ab10 f   ovsv.obj
 0001:00009b20       _FiltOvSv_storesize        1000ab20 f   ovsv.obj
 0001:00009b30       _filter_OvSv               1000ab30 f   ovsv.obj
 0001:00009be0       _reset_OvSv                1000abe0 f   ovsv.obj
 0001:00009c10       _newPolyPhaseFIR           1000ac10 f   resample.obj
 0001:00009cc0       _PolyPhaseFIR              1000acc0 f   resample.obj
 0001:00009e00       _delPolyPhaseFIR           1000ae00 f   resample.obj
 0001:00009e30       _newPolyPhaseFIRF          1000ae30 f   resampleF.obj
 0001:00009ec0       _PolyPhaseFIRF             1000aec0 f   resampleF.obj
 0001:00009fb0       _delPolyPhaseFIRF          1000afb0 f   resampleF.obj
 0001:00009fe0       _ringb_create_usemem       1000afe0 f   ringb.obj
 0001:0000a010       _ringb_create              1000b010 f   ringb.obj
 0001:0000a060       _ringb_float_create        1000b060 f   ringb.obj
 0001:0000a0b0       _ringb_free                1000b0b0 f   ringb.obj
 0001:0000a0d0       _ringb_float_free          1000b0d0 f   ringb.obj
 0001:0000a0f0       _ringb_get_read_vector     1000b0f0 f   ringb.obj
 0001:0000a180       _ringb_get_write_vector    1000b180 f   ringb.obj
 0001:0000a220       _ringb_read                1000b220 f   ringb.obj
 0001:0000a2f0       _ringb_float_read          1000b2f0 f   ringb.obj
 0001:0000a3d0       _ringb_peek                1000b3d0 f   ringb.obj
 0001:0000a490       _ringb_read_advance        1000b490 f   ringb.obj
 0001:0000a4b0       _ringb_float_read_advance  1000b4b0 f   ringb.obj
 0001:0000a4d0       _ringb_read_space          1000b4d0 f   ringb.obj
 0001:0000a500       _ringb_float_read_space    1000b500 f   ringb.obj
 0001:0000a530       _ringb_reset               1000b530 f   ringb.obj
 0001:0000a550       _ringb_float_reset         1000b550 f   ringb.obj
 0001:0000a570       _ringb_write               1000b570 f   ringb.obj
 0001:0000a650       _ringb_float_write         1000b650 f   ringb.obj
 0001:0000a730       _ringb_write_advance       1000b730 f   ringb.obj
 0001:0000a750       _ringb_float_write_advance 1000b750 f   ringb.obj
 0001:0000a770       _ringb_write_space         1000b770 f   ringb.obj
 0001:0000a7a0       _ringb_float_write_space   1000b7a0 f   ringb.obj
 0001:0000a7d0       _ringb_clear               1000b7d0 f   ringb.obj
 0001:0000a8c0       _ringb_float_clear         1000b8c0 f   ringb.obj
 0001:0000a9c0       _ringb_restart             1000b9c0 f   ringb.obj
 0001:0000a9e0       _ringb_float_restart       1000b9e0 f   ringb.obj
 0001:0000aa00       _reset_meters              1000ba00 f   sdr.obj
 0001:0000aab0       _reset_spectrum            1000bab0 f   sdr.obj
 0001:0000aae0       _reset_counters            1000bae0 f   sdr.obj
 0001:0000ab30       _setup_workspace           1000bb30 f   sdr.obj
 0001:0000abd0       _destroy_workspace         1000bbd0 f   sdr.obj
 0001:0000ae10       _dump_buf                  1000be10 f   sdr.obj
 0001:0000af70       _process_samples           1000bf70 f   sdr.obj
 0001:0000ec40       _init_spectrum             1000fc40 f   spectrum.obj
 0001:0000ed30       _reinit_spectrum           1000fd30 f   spectrum.obj
 0001:0000ed90       _snap_spectrum             1000fd90 f   spectrum.obj
 0001:0000f100       _snap_scope                10010100 f   spectrum.obj
 0001:0000f160       _compute_spectrum          10010160 f   spectrum.obj
 0001:0000f3c0       _compute_complex_spectrum  100103c0 f   spectrum.obj
 0001:0000f440       _finish_spectrum           10010440 f   spectrum.obj
 0001:0000f4b0       _newSpeechProc             100104b0 f   speechproc.obj
 0001:0000f570       _delSpeechProc             10010570 f   speechproc.obj
 0001:0000f5a0       _SpeechProcessor           100105a0 f   speechproc.obj
 0001:0000f850       _F                         10010850 f   splitfields.obj
 0001:0000f860       _Fptr                      10010860 f   splitfields.obj
 0001:0000f870       _NF                        10010870 f   splitfields.obj
 0001:0000f880       _splitonto                 10010880 f   splitfields.obj
 0001:0000f8c0       _spliton                   100108c0 f   splitfields.obj
 0001:0000f920       _split                     10010920 f   splitfields.obj
 0001:0000f980       _newSPLIT                  10010980 f   splitfields.obj
 0001:0000f9a0       _delSPLIT                  100109a0 f   splitfields.obj
 0001:0000f9c0       _newSpotToneGen            100109c0 f   spottone.obj
 0001:0000fa60       _delSpotToneGen            10010a60 f   spottone.obj
 0001:0000fa90       _setSpotToneGenVals        10010a90 f   spottone.obj
 0001:0000fac0       _SpotToneOn                10010ac0 f   spottone.obj
 0001:0000fbe0       _SpotToneOff               10010be0 f   spottone.obj
 0001:0000fbf0       _SpotTone                  10010bf0 f   spottone.obj
 0001:0000fd40       _Setup_SDR                 10010d40 f   update.obj
 0001:0000fd50       _Destroy_SDR               10010d50 f   update.obj
 0001:0000fd60       _SetThreadNo               10010d60 f   update.obj
 0001:0000fdc0       _SetThreadCom              10010dc0 f   update.obj
 0001:0000fe10       _SetSwchFlag               10010e10 f   update.obj
 0001:0000fe40       _SetSwchRiseThresh         10010e40 f   update.obj
 0001:0000fe80       _SetThreadProcessingMode   10010e80 f   update.obj
 0001:0000ff30       _SetMode                   10010f30 f   update.obj
 0001:00010000       _AudioReset                10011000 f   update.obj
 0001:00010010       _SetRXManualNotchEnable    10011010 f   update.obj
 0001:00010050       _SetRXManualNotchBW        10011050 f   update.obj
 0001:000100a0       _SetRXManualNotchFreq      100110a0 f   update.obj
 0001:000101e0       _SetRXDCBlock              100111e0 f   update.obj
 0001:00010230       _SetRXDCBlockGain          10011230 f   update.obj
 0001:00010280       _SetTXDCBlock              10011280 f   update.obj
 0001:000102c0       _SetTXFMDeviation          100112c0 f   update.obj
 0001:00010320       _SetTXFMDataMode           10011320 f   update.obj
 0001:00010360       _SetHiResPan               10011360 f   update.obj
 0001:000103a0       _SetRXFMDeviation          100113a0 f   update.obj
 0001:00010420       _SetCTCSSFreq              10011420 f   update.obj
 0001:00010490       _SetCTCSSFlag              10011490 f   update.obj
 0001:000104d0       _SetFMSquelchThreshold     100114d0 f   update.obj
 0001:00010540       _SetTXFilter               10011540 f   update.obj
 0001:00010710       _SetRXFilter               10011710 f   update.obj
 0001:000108e0       _Release_Update            100118e0 f   update.obj
 0001:00010910       _SetRXOutputGain           10011910 f   update.obj
 0001:00010960       _SetOscPhase               10011960 f   update.obj
 0001:000109f0       _SetRXOsc                  100119f0 f   update.obj
 0001:00010a90       _SetTXOsc                  10011a90 f   update.obj
 0001:00010b30       _SetSampleRate             10011b30 f   update.obj
 0001:00010be0       _SetNR                     10011be0 f   update.obj
 0001:00010c40       _SetNRvals                 10011c40 f   update.obj
 0001:00010ce0       _SetTXCompandSt            10011ce0 f   update.obj
 0001:00010d20       _SetTXCompand              10011d20 f   update.obj
 0001:00010d70       _SetTXSquelchSt            10011d70 f   update.obj
 0001:00010db0       _SetTXSquelchVal           10011db0 f   update.obj
 0001:00010df0       _SetTXSquelchAtt           10011df0 f   update.obj
 0001:00010e30       _SetANF                    10011e30 f   update.obj
 0001:00010e90       _SetANFvals                10011e90 f   update.obj
 0001:00010f30       _SetNB                     10011f30 f   update.obj
 0001:00010f70       _SetNBvals                 10011f70 f   update.obj
 0001:00010fe0       _SetSDROM                  10011fe0 f   update.obj
 0001:00011020       _SetSDROMvals              10012020 f   update.obj
 0001:00011070       _SetBIN                    10012070 f   update.obj
 0001:000110b0       _SetRXAGC                  100120b0 f   update.obj
 0001:000113a0       _SetRXAGCAttack            100123a0 f   update.obj
 0001:000114c0       _SetRXAGCDecay             100124c0 f   update.obj
 0001:00011570       _SetRXAGCHang              10012570 f   update.obj
 0001:000115d0       _SetRXAGCSlope             100125d0 f   update.obj
 0001:00011640       _SetRXAGCHangThreshold     10012640 f   update.obj
 0001:000116a0       _SetTXALCAttack            100126a0 f   update.obj
 0001:000117c0       _SetTXAMCarrierLevel       100127c0 f   update.obj
 0001:00011800       _SetTXALCDecay             10012800 f   update.obj
 0001:000118b0       _SetTXALCBot               100128b0 f   update.obj
 0001:00011910       _SetTXALCHang              10012910 f   update.obj
 0001:00011970       _SetTXLevelerSt            10012970 f   update.obj
 0001:000119b0       _SetTXLevelerAttack        100129b0 f   update.obj
 0001:00011ad0       _SetTXLevelerDecay         10012ad0 f   update.obj
 0001:00011b80       _SetTXLevelerHang          10012b80 f   update.obj
 0001:00011bd0       _SetTXLevelerTop           10012bd0 f   update.obj
 0001:00011c40       _SetFixedAGC               10012c40 f   update.obj
 0001:00011cb0       _SetRXAGCTop               10012cb0 f   update.obj
 0001:00011d30       _GetSAMPLLvals             10012d30 f   update.obj
 0001:00011d90       _SetSAMPLLvals             10012d90 f   update.obj
 0001:00011df0       _GetSAMFreq                10012df0 f   update.obj
 0001:00011e40       _GetFMSquelchBreak         10012e40 f   update.obj
 0001:00011e90       _SetCorrectIQ              10012e90 f   update.obj
 0001:00011f10       _SetCorrectIQGain          10012f10 f   update.obj
 0001:00011f70       _SetCorrectIQPhase         10012f70 f   update.obj
 0001:00011fc0       _SetCorrectIQEnable        10012fc0 f   update.obj
 0001:00011ff0       _SetCorrectRXIQMu          10012ff0 f   update.obj
 0001:00012040       _SetCorrectWBIRState       10013040 f   update.obj
 0001:00012080       _GetCorrectRXIQMu          10013080 f   update.obj
 0001:000120a0       _SetCorrectRXIQw           100130a0 f   update.obj
 0001:00012120       _GetCorrectRXIQw           10013120 f   update.obj
 0001:00012180       _SetCorrectRXIQwReal       10013180 f   update.obj
 0001:000121d0       _SetCorrectRXIQwImag       100131d0 f   update.obj
 0001:00012220       _SetCorrectTXIQ            10013220 f   update.obj
 0001:00012290       _SetCorrectTXIQGain        10013290 f   update.obj
 0001:000122f0       _SetCorrectTXIQPhase       100132f0 f   update.obj
 0001:00012340       _SetCorrectTXIQMu          10013340 f   update.obj
 0001:00012390       _SetCorrectTXIQW           10013390 f   update.obj
 0001:000123f0       _SetPWSmode                100133f0 f   update.obj
 0001:000124d0       _SetWindow                 100134d0 f   update.obj
 0001:00012530       _SetSpectrumPolyphase      10013530 f   update.obj
 0001:000126c0       _SetGrphTXEQ               100136c0 f   update.obj
 0001:00012d50       _SetGrphTXEQ10             10013d50 f   update.obj
 0001:00013130       _SetGrphTXEQ28             10014130 f   update.obj
 0001:000134f0       _SetGrphTXEQ37             100144f0 f   update.obj
 0001:00013a40       _SetGrphTXPEQ              10014a40 f   update.obj
 0001:00013e10       _SetGrphTXEQcmd            10014e10 f   update.obj
 0001:00013e50       _SetNotch160               10014e50 f   update.obj
 0001:00013e60       _SetGrphRXEQ               10014e60 f   update.obj
 0001:00014510       _SetGrphRXEQ10             10015510 f   update.obj
 0001:000148f0       _SetGrphRXEQcmd            100158f0 f   update.obj
 0001:00014930       _SetTXAGCFF                10015930 f   update.obj
 0001:00014970       _SetTXAGCFFCompression     10015970 f   update.obj
 0001:00014a10       _SetSquelchVal             10015a10 f   update.obj
 0001:00014a60       _SetSquelchState           10015a60 f   update.obj
 0001:00014aa0       _SetTRX                    10015aa0 f   update.obj
 0001:00014ae0       _FlushAllBufs              10015ae0 f   update.obj
 0001:00014c00       _SetDSPBuflen              10015c00 f   update.obj
 0001:00014c50       _SetAudioSize              10015c50 f   update.obj
 0001:00014d10       _SetTXAGCCompression       10015d10 f   update.obj
 0001:00014d20       _Process_ComplexSpectrum   10015d20 f   update.obj
 0001:00014d80       _Process_Spectrum          10015d80 f   update.obj
 0001:00014de0       _Process_Panadapter        10015de0 f   update.obj
 0001:00014e60       _Process_Phase             10015e60 f   update.obj
 0001:00014f00       _Process_Scope             10015f00 f   update.obj
 0001:00014fe0       _SetRingBufferOffset       10015fe0 f   update.obj
 0001:00015020       _CalculateRXMeter          10016020 f   update.obj
 0001:00015110       _CalculateTXMeter          10016110 f   update.obj
 0001:00015290       _NewResampler              10016290 f   update.obj
 0001:000152c0       _DoResampler               100162c0 f   update.obj
 0001:000152f0       _DelPolyPhaseFIR           100162f0 f   update.obj
 0001:00015300       _NewResamplerF             10016300 f   update.obj
 0001:00015330       _DoResamplerF              10016330 f   update.obj
 0001:00015360       _DelPolyPhaseFIRF          10016360 f   update.obj
 0001:00015370       _SetSubRXSt                10016370 f   update.obj
 0001:00015450       _SetRXPan                  10016450 f   update.obj
 0001:00015540       _SetDiversity              10016540 f   update.obj
 0001:00015590       _SetDiversityScalar        10016590 f   update.obj
 0001:000155d0       _SetDiversityGain          100165d0 f   update.obj
 0001:00015600       _makewindow                10016600 f   window.obj
 0001:00015dd0       _Audio_Callback            10016dd0 f   winmain.obj
 0001:00015f80       _Audio_Callback2           10016f80 f   winmain.obj
 0001:00016330       _process_samples_thread    10017330 f   winmain.obj
 0001:00016540       _closeup                   10017540 f   winmain.obj
 0001:000165f0       _setup                     100175f0 f   winmain.obj
 0001:000168e0       _reset_for_buflen          100178e0 f   winmain.obj
 0001:000169c0       _reset_for_samplerate      100179c0 f   winmain.obj
 0001:00017020       _WSCompand                 10018020 f   wscompand.obj
 0001:00017140       _WSCReset                  10018140 f   wscompand.obj
 0001:00017210       _newWSCompander            10018210 f   wscompand.obj
 0001:00017330       _delWSCompander            10018330 f   wscompand.obj
 0001:00017360       _InitSPEEDTRIG             10018360 f   fastrig1.obj
 0001:000173d0       _fast_sin                  100183d0 f   fastrig1.obj
 0001:00017450       _fast_cos                  10018450 f   fastrig1.obj
 0001:000174d0       _fast_atan2                100184d0 f   fastrig1.obj
 0001:00017630       _phasemod                  10018630 f   fastrig1.obj
 0001:00017683       _timeSetEvent@20           10018683 f   winMM:WINMM.dll
 0001:00017689       _timeKillEvent@4           10018689 f   winMM:WINMM.dll
 0001:0001768f       _fftwf_execute             1001868f f   libfftw3f-3:libfftw3f-3.dll
 0001:00017695       _fftwf_plan_dft_1d         10018695 f   libfftw3f-3:libfftw3f-3.dll
 0001:0001769b       _fftwf_destroy_plan        1001869b f   libfftw3f-3:libfftw3f-3.dll
 0001:000176a1       _fftwf_import_wisdom_from_string 100186a1 f   libfftw3f-3:libfftw3f-3.dll
 0001:000176a7       _sem_init                  100186a7 f   pthreadVC:pthreadVC.dll
 0001:000176ad       _sem_destroy               100186ad f   pthreadVC:pthreadVC.dll
 0001:000176b3       _sem_wait                  100186b3 f   pthreadVC:pthreadVC.dll
 0001:000176b9       _sem_post                  100186b9 f   pthreadVC:pthreadVC.dll
 0001:000176c0       __alldiv                   100186c0 f   MSVCRT:lldiv.obj
 0001:00017770       __ftol2_sse_excpt          10018770 f   MSVCRT:ftol2.obj
 0001:00017780       __ftol2_sse                10018780 f   MSVCRT:ftol2.obj
 0001:00017790       __ftoi2                    10018790 f   MSVCRT:ftol2.obj
 0001:00017810       __ftoui2                   10018810 f   MSVCRT:ftol2.obj
 0001:000178c0       __ftol2                    100188c0 f   MSVCRT:ftol2.obj
 0001:00017970       __ftoul2                   10018970 f   MSVCRT:ftol2.obj
 0001:00017a30       __ftoul2_legacy            10018a30 f   MSVCRT:ftol2.obj
 0001:00017a50       __alloca_probe             10018a50 f   MSVCRT:chkstk.obj
 0001:00017a50       __chkstk                   10018a50 f   MSVCRT:chkstk.obj
 0001:00017a80       __ftoui3                   10018a80 f   MSVCRT:ftol3.obj
 0001:00017ad0       __ftoul3                   10018ad0 f   MSVCRT:ftol3.obj
 0001:00017b40       __ftoul3_legacy            10018b40 f   MSVCRT:ftol3.obj
 0001:00017b70       __ftol3                    10018b70 f   MSVCRT:ftol3.obj
 0001:00017be0       __dtoui3                   10018be0 f   MSVCRT:ftol3.obj
 0001:00017c60       __dtoul3                   10018c60 f   MSVCRT:ftol3.obj
 0001:00017d10       __dtoul3_legacy            10018d10 f   MSVCRT:ftol3.obj
 0001:00017d40       __dtol3                    10018d40 f   MSVCRT:ftol3.obj
 0001:00017df0       __ultod3                   10018df0 f   MSVCRT:ftol3.obj
 0001:00017e40       __ltod3                    10018e40 f   MSVCRT:ftol3.obj
 0001:00017e90       __ultof3                   10018e90 f   MSVCRT:ftol3.obj
 0001:00017f10       __ltof3                    10018f10 f   MSVCRT:ftol3.obj
 0001:00018294       __CRT_INIT@12              10019294 f   MSVCRT:dll_dllmain.obj
 0001:0001829d       __DllMainCRTStartup@12     1001929d f   MSVCRT:dll_dllmain.obj
 0001:000182c0       ___isa_available_init      100192c0 f   MSVCRT:cpu_disp.obj
 0001:0001863a       ___security_init_cookie    1001963a f   MSVCRT:gs_support.obj
 0001:00018685       _DllMain@12                10019685 f   MSVCRT:dll_dllmain_stub.obj
 0001:000186a7       ?__scrt_initialize_type_info@@YAXXZ 100196a7 f   MSVCRT:tncleanup.obj
 0001:000186b3       ?__scrt_uninitialize_type_info@@YAXXZ 100196b3 f   MSVCRT:tncleanup.obj
 0001:000186bf       ___local_stdio_scanf_options 100196bf f i MSVCRT:default_local_stdio_options.obj
 0001:000186c5       ___scrt_initialize_default_local_stdio_options 100196c5 f   MSVCRT:default_local_stdio_options.obj
 0001:000186e2       ?configure_argv@__scrt_narrow_argv_policy@@SAHXZ 100196e2 f i MSVCRT:utility.obj
 0001:00018731       ?initialize_environment@__scrt_narrow_environment_policy@@SAHXZ 10019731 f i MSVCRT:utility.obj
 0001:00018769       _NtCurrentTeb              10019769 f i MSVCRT:utility.obj
 0001:00018770       ___scrt_acquire_startup_lock 10019770 f   MSVCRT:utility.obj
 0001:000187a2       ___scrt_dllmain_after_initialize_c 100197a2 f   MSVCRT:utility.obj
 0001:000187cd       ___scrt_dllmain_before_initialize_c 100197cd f   MSVCRT:utility.obj
 0001:000187db       ___scrt_dllmain_crt_thread_attach 100197db f   MSVCRT:utility.obj
 0001:000187fa       ___scrt_dllmain_crt_thread_detach 100197fa f   MSVCRT:utility.obj
 0001:00018807       ___scrt_dllmain_exception_filter 10019807 f   MSVCRT:utility.obj
 0001:0001883b       ___scrt_dllmain_uninitialize_c 1001983b f   MSVCRT:utility.obj
 0001:0001885e       ___scrt_dllmain_uninitialize_critical 1001985e f   MSVCRT:utility.obj
 0001:0001886b       ___scrt_initialize_crt     1001986b f   MSVCRT:utility.obj
 0001:000188a4       ___scrt_initialize_onexit_tables 100198a4 f   MSVCRT:utility.obj
 0001:0001892b       ___scrt_is_nonwritable_in_current_image 1001992b f   MSVCRT:utility.obj
 0001:000189bf       ___scrt_release_startup_lock 100199bf f   MSVCRT:utility.obj
 0001:000189dc       ___scrt_uninitialize_crt   100199dc f   MSVCRT:utility.obj
 0001:00018a04       __onexit                   10019a04 f   MSVCRT:utility.obj
 0001:00018a32       _at_quick_exit             10019a32 f   MSVCRT:utility.obj
 0001:00018a55       _atexit                    10019a55 f   MSVCRT:utility.obj
 0001:00018a6a       ___scrt_get_dyn_tls_init_callback 10019a6a f   MSVCRT:dyn_tls_init.obj
 0001:00018a70       ___scrt_fastfail           10019a70 f   MSVCRT:utility_desktop.obj
 0001:00018b85       ___scrt_get_show_window_mode 10019b85 f   MSVCRT:utility_desktop.obj
 0001:00018bb5       ___scrt_initialize_mta     10019bb5 f   MSVCRT:utility_desktop.obj
 0001:00018bba       ___scrt_initialize_winrt   10019bba f   MSVCRT:utility_desktop.obj
 0001:00018bbd       ___scrt_is_managed_app     10019bbd f   MSVCRT:utility_desktop.obj
 0001:00018bff       ___scrt_set_unhandled_exception_filter 10019bff f   MSVCRT:utility_desktop.obj
 0001:00018c0b       ___scrt_exe_initialize_mta 10019c0b f   MSVCRT:utility_desktop.obj
 0001:00018c0b       ___scrt_stub_for_initialize_mta 10019c0b f   MSVCRT:utility_desktop.obj
 0001:00018c0e       ___scrt_unhandled_exception_filter@4 10019c0e f   MSVCRT:utility_desktop.obj
 0001:00018c64       __crt_debugger_hook        10019c64 f   MSVCRT:utility_desktop.obj
 0001:00018c6c       __RTC_Initialize           10019c6c f   MSVCRT:initsect.obj
 0001:00018c98       __RTC_Terminate            10019c98 f   MSVCRT:initsect.obj
 0001:00018cd0       __SEH_prolog4              10019cd0 f   MSVCRT:sehprolg4.obj
 0001:00018d20       __SEH_epilog4              10019d20 f   MSVCRT:sehprolg4.obj
 0001:00018d34       __except_handler4          10019d34 f   MSVCRT:chandler4gs.obj
 0001:00018d63       @_guard_check_icall_nop@4  10019d63 f i MSVCRT:guard_support.obj
 0001:00018d66       _ReadNoFence               10019d66 f i MSVCRT:guard_support.obj
 0001:00018d70       _ReadPointerNoFence        10019d70 f i MSVCRT:guard_support.obj
 0001:00018d7a       __InlineInterlockedExchangePointer 10019d7a f i MSVCRT:guard_support.obj
 0001:00018d87       ___castguard_check_failure_debugbreak 10019d87 f i MSVCRT:guard_support.obj
 0001:00018da2       ___castguard_check_failure_fastfail 10019da2 f i MSVCRT:guard_support.obj
 0001:00018dc1       ___castguard_check_failure_nop 10019dc1 f i MSVCRT:guard_support.obj
 0001:00018dc4       ___castguard_check_failure_os_handled 10019dc4 f i MSVCRT:guard_support.obj
 0001:00018dfb       ___castguard_check_failure_user_handled 10019dfb f i MSVCRT:guard_support.obj
 0001:00018e69       ___castguard_set_user_handler 10019e69 f i MSVCRT:guard_support.obj
 0001:00018e78       ___castguard_slow_path_check_debugbreak 10019e78 f i MSVCRT:guard_support.obj
 0001:00018ea5       ___castguard_slow_path_check_fastfail 10019ea5 f i MSVCRT:guard_support.obj
 0001:00018ed6       ___castguard_slow_path_check_nop 10019ed6 f i MSVCRT:guard_support.obj
 0001:00018ed9       ___castguard_slow_path_check_os_handled 10019ed9 f i MSVCRT:guard_support.obj
 0001:00018f15       ___castguard_slow_path_check_user_handled 10019f15 f i MSVCRT:guard_support.obj
 0001:00018f76       __guard_icall_checks_enforced 10019f76 f i MSVCRT:guard_support.obj
 0001:00018f88       __get_startup_argv_mode    10019f88 f   MSVCRT:argv_mode.obj
 0001:00018f8c       ___scrt_is_ucrt_dll_in_use 10019f8c f   MSVCRT:ucrt_detection.obj
 0001:00018f98       @__security_check_cookie@4 10019f98 f   MSVCRT:secchk.obj
 0001:00018fa6       ___raise_securityfailure   10019fa6 f   MSVCRT:gs_report.obj
 0001:00018fce       ___report_gsfailure        10019fce f   MSVCRT:gs_report.obj
 0001:000190c9       ___report_rangecheckfailure 1001a0c9 f   MSVCRT:gs_report.obj
 0001:000190d6       ___report_securityfailure  1001a0d6 f   MSVCRT:gs_report.obj
 0001:000191a6       ___report_securityfailureEx 1001a1a6 f   MSVCRT:gs_report.obj
 0001:000192bc       _GetSystemTimeAsFileTime@4 1001a2bc f   kernel32:KERNEL32.dll
 0001:000192c2       _EnterCriticalSection@4    1001a2c2 f   kernel32:KERNEL32.dll
 0001:000192c8       _LeaveCriticalSection@4    1001a2c8 f   kernel32:KERNEL32.dll
 0001:000192ce       _InitializeCriticalSectionAndSpinCount@8 1001a2ce f   kernel32:KERNEL32.dll
 0001:000192d4       _DeleteCriticalSection@4   1001a2d4 f   kernel32:KERNEL32.dll
 0001:000192da       _Sleep@4                   1001a2da f   kernel32:KERNEL32.dll
 0001:000192e0       _GetCurrentThreadId@0      1001a2e0 f   kernel32:KERNEL32.dll
 0001:000192e6       _IsProcessorFeaturePresent@4 1001a2e6 f   kernel32:KERNEL32.dll
 0001:000192ec       _QueryPerformanceCounter@4 1001a2ec f   kernel32:KERNEL32.dll
 0001:000192f2       _GetCurrentProcessId@0     1001a2f2 f   kernel32:KERNEL32.dll
 0001:000192f8       _DisableThreadLibraryCalls@4 1001a2f8 f   kernel32:KERNEL32.dll
 0001:000192fe       _InitializeSListHead@4     1001a2fe f   kernel32:KERNEL32.dll
 0001:00019304       _IsDebuggerPresent@0       1001a304 f   kernel32:KERNEL32.dll
 0001:0001930a       _UnhandledExceptionFilter@4 1001a30a f   kernel32:KERNEL32.dll
 0001:00019310       _SetUnhandledExceptionFilter@4 1001a310 f   kernel32:KERNEL32.dll
 0001:00019316       _GetStartupInfoW@4         1001a316 f   kernel32:KERNEL32.dll
 0001:0001931c       _GetModuleHandleW@4        1001a31c f   kernel32:KERNEL32.dll
 0001:00019322       _GetCurrentProcess@0       1001a322 f   kernel32:KERNEL32.dll
 0001:00019328       _TerminateProcess@8        1001a328 f   kernel32:KERNEL32.dll
 0001:0001932e       _memset                    1001a32e f   vcruntime:VCRUNTIME140.dll
 0001:00019334       _memcpy                    1001a334 f   vcruntime:VCRUNTIME140.dll
 0001:0001933a       ___std_type_info_destroy_list 1001a33a f   vcruntime:VCRUNTIME140.dll
 0001:00019340       ___current_exception       1001a340 f   vcruntime:VCRUNTIME140.dll
 0001:00019346       ___current_exception_context 1001a346 f   vcruntime:VCRUNTIME140.dll
 0001:0001934c       __except_handler4_common   1001a34c f   vcruntime:VCRUNTIME140.dll
 0001:00019352       __libm_sse2_cos_precise    1001a352 f   ucrt:api-ms-win-crt-math-l1-1-0.dll
 0001:00019358       __libm_sse2_sin_precise    1001a358 f   ucrt:api-ms-win-crt-math-l1-1-0.dll
 0001:0001935e       __libm_sse2_sqrt_precise   1001a35e f   ucrt:api-ms-win-crt-math-l1-1-0.dll
 0001:00019364       __fstat64i32               1001a364 f   ucrt:api-ms-win-crt-filesystem-l1-1-0.dll
 0001:0001936a       __stat64i32                1001a36a f   ucrt:api-ms-win-crt-filesystem-l1-1-0.dll
 0001:00019370       ___daylight                1001a370 f   ucrt:api-ms-win-crt-time-l1-1-0.dll
 0001:00019376       ___timezone                1001a376 f   ucrt:api-ms-win-crt-time-l1-1-0.dll
 0001:0001937c       __tzset                    1001a37c f   ucrt:api-ms-win-crt-time-l1-1-0.dll
 0001:00019382       _exit                      1001a382 f   ucrt:api-ms-win-crt-runtime-l1-1-0.dll
 0001:00019388       _getenv                    1001a388 f   ucrt:api-ms-win-crt-environment-l1-1-0.dll
 0001:0001938e       ___acrt_iob_func           1001a38e f   ucrt:api-ms-win-crt-stdio-l1-1-0.dll
 0001:00019394       _fopen                     1001a394 f   ucrt:api-ms-win-crt-stdio-l1-1-0.dll
 0001:0001939a       _freopen                   1001a39a f   ucrt:api-ms-win-crt-stdio-l1-1-0.dll
 0001:000193a0       ___stdio_common_vfprintf   1001a3a0 f   ucrt:api-ms-win-crt-stdio-l1-1-0.dll
 0001:000193a6       ___stdio_common_vsprintf   1001a3a6 f   ucrt:api-ms-win-crt-stdio-l1-1-0.dll
 0001:000193ac       _calloc                    1001a3ac f   ucrt:api-ms-win-crt-heap-l1-1-0.dll
 0001:000193b2       _free                      1001a3b2 f   ucrt:api-ms-win-crt-heap-l1-1-0.dll
 0001:000193b8       __aligned_free             1001a3b8 f   ucrt:api-ms-win-crt-heap-l1-1-0.dll
 0001:000193be       __aligned_malloc           1001a3be f   ucrt:api-ms-win-crt-heap-l1-1-0.dll
 0001:000193c4       _perror                    1001a3c4 f   ucrt:api-ms-win-crt-runtime-l1-1-0.dll
 0001:000193ca       __libm_sse2_pow_precise    1001a3ca f   ucrt:api-ms-win-crt-math-l1-1-0.dll
 0001:000193d0       __libm_sse2_exp_precise    1001a3d0 f   ucrt:api-ms-win-crt-math-l1-1-0.dll
 0001:000193d6       _malloc                    1001a3d6 f   ucrt:api-ms-win-crt-heap-l1-1-0.dll
 0001:000193dc       __CIsinh                   1001a3dc f   ucrt:api-ms-win-crt-math-l1-1-0.dll
 0001:000193e2       __libm_sse2_log_precise    1001a3e2 f   ucrt:api-ms-win-crt-math-l1-1-0.dll
 0001:000193e8       _ceil                      1001a3e8 f   ucrt:api-ms-win-crt-math-l1-1-0.dll
 0001:000193ee       _rand                      1001a3ee f   ucrt:api-ms-win-crt-utility-l1-1-0.dll
 0001:000193f4       _fflush                    1001a3f4 f   ucrt:api-ms-win-crt-stdio-l1-1-0.dll
 0001:000193fa       __libm_sse2_log10_precise  1001a3fa f   ucrt:api-ms-win-crt-math-l1-1-0.dll
 0001:00019400       _fclose                    1001a400 f   ucrt:api-ms-win-crt-stdio-l1-1-0.dll
 0001:00019406       _fread                     1001a406 f   ucrt:api-ms-win-crt-stdio-l1-1-0.dll
 0001:0001940c       _fwrite                    1001a40c f   ucrt:api-ms-win-crt-stdio-l1-1-0.dll
 0001:00019412       _strtok                    1001a412 f   ucrt:api-ms-win-crt-string-l1-1-0.dll
 0001:00019418       __libm_sse2_atan_precise   1001a418 f   ucrt:api-ms-win-crt-math-l1-1-0.dll
 0001:0001941e       _floor                     1001a41e f   ucrt:api-ms-win-crt-math-l1-1-0.dll
 0001:00019424       __except1                  1001a424 f   ucrt:api-ms-win-crt-math-l1-1-0.dll
 0001:0001942a       __initterm                 1001a42a f   ucrt:api-ms-win-crt-runtime-l1-1-0.dll
 0001:00019430       __initterm_e               1001a430 f   ucrt:api-ms-win-crt-runtime-l1-1-0.dll
 0001:00019436       __seh_filter_dll           1001a436 f   ucrt:api-ms-win-crt-runtime-l1-1-0.dll
 0001:0001943c       __configure_narrow_argv    1001a43c f   ucrt:api-ms-win-crt-runtime-l1-1-0.dll
 0001:00019442       __initialize_narrow_environment 1001a442 f   ucrt:api-ms-win-crt-runtime-l1-1-0.dll
 0001:00019448       __initialize_onexit_table  1001a448 f   ucrt:api-ms-win-crt-runtime-l1-1-0.dll
 0001:0001944e       __register_onexit_function 1001a44e f   ucrt:api-ms-win-crt-runtime-l1-1-0.dll
 0001:00019454       __execute_onexit_table     1001a454 f   ucrt:api-ms-win-crt-runtime-l1-1-0.dll
 0001:0001945a       __crt_atexit               1001a45a f   ucrt:api-ms-win-crt-runtime-l1-1-0.dll
 0001:00019460       __crt_at_quick_exit        1001a460 f   ucrt:api-ms-win-crt-runtime-l1-1-0.dll
 0001:00019466       __cexit                    1001a466 f   ucrt:api-ms-win-crt-runtime-l1-1-0.dll
 0001:0001946c       _terminate                 1001a46c f   ucrt:api-ms-win-crt-runtime-l1-1-0.dll
 0001:00019472       __write                    1001a472 f   ucrt:api-ms-win-crt-stdio-l1-1-0.dll
 0001:00019472       _write                     1001a472 f   ucrt:api-ms-win-crt-stdio-l1-1-0.dll
 0001:00019478       ___acrt_initialize         1001a478 f   MSVCRT:ucrt_stubs.obj
 0001:00019478       ___scrt_stub_for_acrt_initialize 1001a478 f   MSVCRT:ucrt_stubs.obj
 0001:00019478       ___vcrt_initialize         1001a478 f   MSVCRT:ucrt_stubs.obj
 0001:0001947b       ___acrt_thread_attach      1001a47b f   MSVCRT:ucrt_stubs.obj
 0001:0001947b       ___scrt_stub_for_acrt_thread_attach 1001a47b f   MSVCRT:ucrt_stubs.obj
 0001:0001947b       ___vcrt_thread_attach      1001a47b f   MSVCRT:ucrt_stubs.obj
 0001:0001947e       ___acrt_thread_detach      1001a47e f   MSVCRT:ucrt_stubs.obj
 0001:0001947e       ___scrt_stub_for_acrt_thread_detach 1001a47e f   MSVCRT:ucrt_stubs.obj
 0001:0001947e       ___vcrt_thread_detach      1001a47e f   MSVCRT:ucrt_stubs.obj
 0001:00019481       ___acrt_uninitialize       1001a481 f   MSVCRT:ucrt_stubs.obj
 0001:00019481       ___scrt_stub_for_acrt_uninitialize 1001a481 f   MSVCRT:ucrt_stubs.obj
 0001:00019481       ___vcrt_uninitialize       1001a481 f   MSVCRT:ucrt_stubs.obj
 0001:00019484       ___acrt_uninitialize_critical 1001a484 f   MSVCRT:ucrt_stubs.obj
 0001:00019484       ___scrt_stub_for_acrt_uninitialize_critical 1001a484 f   MSVCRT:ucrt_stubs.obj
 0001:00019484       ___vcrt_uninitialize_critical 1001a484 f   MSVCRT:ucrt_stubs.obj
 0001:00019487       ___scrt_stub_for_is_c_termination_complete 1001a487 f   MSVCRT:ucrt_stubs.obj
 0001:00019487       __is_c_termination_complete 1001a487 f   MSVCRT:ucrt_stubs.obj
 0001:0001948a       __filter_x86_sse2_floating_point_exception 1001a48a f   MSVCRT:x86_exception_filter.obj
 0001:0001948a       __filter_x86_sse2_floating_point_exception_default 1001a48a f   MSVCRT:x86_exception_filter.obj
 0002:00000000       __imp__LeaveCriticalSection@4 1001b000     kernel32:KERNEL32.dll
 0002:00000004       __imp__GetModuleHandleW@4  1001b004     kernel32:KERNEL32.dll
 0002:00000008       __imp__GetStartupInfoW@4   1001b008     kernel32:KERNEL32.dll
 0002:0000000c       __imp__SetUnhandledExceptionFilter@4 1001b00c     kernel32:KERNEL32.dll
 0002:00000010       __imp__UnhandledExceptionFilter@4 1001b010     kernel32:KERNEL32.dll
 0002:00000014       __imp__IsDebuggerPresent@0 1001b014     kernel32:KERNEL32.dll
 0002:00000018       __imp__InitializeSListHead@4 1001b018     kernel32:KERNEL32.dll
 0002:0000001c       __imp__DisableThreadLibraryCalls@4 1001b01c     kernel32:KERNEL32.dll
 0002:00000020       __imp__GetCurrentProcessId@0 1001b020     kernel32:KERNEL32.dll
 0002:00000024       __imp__QueryPerformanceCounter@4 1001b024     kernel32:KERNEL32.dll
 0002:00000028       __imp__IsProcessorFeaturePresent@4 1001b028     kernel32:KERNEL32.dll
 0002:0000002c       __imp__GetCurrentThreadId@0 1001b02c     kernel32:KERNEL32.dll
 0002:00000030       __imp__TerminateProcess@8  1001b030     kernel32:KERNEL32.dll
 0002:00000034       __imp__GetSystemTimeAsFileTime@4 1001b034     kernel32:KERNEL32.dll
 0002:00000038       __imp__EnterCriticalSection@4 1001b038     kernel32:KERNEL32.dll
 0002:0000003c       __imp__GetCurrentProcess@0 1001b03c     kernel32:KERNEL32.dll
 0002:00000040       __imp__InitializeCriticalSectionAndSpinCount@8 1001b040     kernel32:KERNEL32.dll
 0002:00000044       __imp__DeleteCriticalSection@4 1001b044     kernel32:KERNEL32.dll
 0002:00000048       __imp__Sleep@4             1001b048     kernel32:KERNEL32.dll
 0002:0000004c       \177KERNEL32_NULL_THUNK_DATA 1001b04c     kernel32:KERNEL32.dll
 0002:00000050       __imp__memset              1001b050     vcruntime:VCRUNTIME140.dll
 0002:00000054       __imp__memcpy              1001b054     vcruntime:VCRUNTIME140.dll
 0002:00000058       __imp____std_type_info_destroy_list 1001b058     vcruntime:VCRUNTIME140.dll
 0002:0000005c       __imp____current_exception 1001b05c     vcruntime:VCRUNTIME140.dll
 0002:00000060       __imp____current_exception_context 1001b060     vcruntime:VCRUNTIME140.dll
 0002:00000064       __imp___except_handler4_common 1001b064     vcruntime:VCRUNTIME140.dll
 0002:00000068       \177VCRUNTIME140_NULL_THUNK_DATA 1001b068     vcruntime:VCRUNTIME140.dll
 0002:0000006c       __imp__timeKillEvent@4     1001b06c     winMM:WINMM.dll
 0002:00000070       __imp__timeSetEvent@20     1001b070     winMM:WINMM.dll
 0002:00000074       \177WINMM_NULL_THUNK_DATA  1001b074     winMM:WINMM.dll
 0002:00000078       __imp__getenv              1001b078     ucrt:api-ms-win-crt-environment-l1-1-0.dll
 0002:0000007c       \177api-ms-win-crt-environment-l1-1-0_NULL_THUNK_DATA 1001b07c     ucrt:api-ms-win-crt-environment-l1-1-0.dll
 0002:00000080       __imp___stat64i32          1001b080     ucrt:api-ms-win-crt-filesystem-l1-1-0.dll
 0002:00000084       __imp___fstat64i32         1001b084     ucrt:api-ms-win-crt-filesystem-l1-1-0.dll
 0002:00000088       \177api-ms-win-crt-filesystem-l1-1-0_NULL_THUNK_DATA 1001b088     ucrt:api-ms-win-crt-filesystem-l1-1-0.dll
 0002:0000008c       __imp__malloc              1001b08c     ucrt:api-ms-win-crt-heap-l1-1-0.dll
 0002:00000090       __imp___aligned_malloc     1001b090     ucrt:api-ms-win-crt-heap-l1-1-0.dll
 0002:00000094       __imp___aligned_free       1001b094     ucrt:api-ms-win-crt-heap-l1-1-0.dll
 0002:00000098       __imp__free                1001b098     ucrt:api-ms-win-crt-heap-l1-1-0.dll
 0002:0000009c       __imp__calloc              1001b09c     ucrt:api-ms-win-crt-heap-l1-1-0.dll
 0002:000000a0       \177api-ms-win-crt-heap-l1-1-0_NULL_THUNK_DATA 1001b0a0     ucrt:api-ms-win-crt-heap-l1-1-0.dll
 0002:000000a4       __imp___libm_sse2_sin_precise 1001b0a4     ucrt:api-ms-win-crt-math-l1-1-0.dll
 0002:000000a8       __imp__ceil                1001b0a8     ucrt:api-ms-win-crt-math-l1-1-0.dll
 0002:000000ac       __imp___libm_sse2_log10_precise 1001b0ac     ucrt:api-ms-win-crt-math-l1-1-0.dll
 0002:000000b0       __imp___libm_sse2_atan_precise 1001b0b0     ucrt:api-ms-win-crt-math-l1-1-0.dll
 0002:000000b4       __imp___CIsinh             1001b0b4     ucrt:api-ms-win-crt-math-l1-1-0.dll
 0002:000000b8       __imp__floor               1001b0b8     ucrt:api-ms-win-crt-math-l1-1-0.dll
 0002:000000bc       __imp___libm_sse2_exp_precise 1001b0bc     ucrt:api-ms-win-crt-math-l1-1-0.dll
 0002:000000c0       __imp___libm_sse2_pow_precise 1001b0c0     ucrt:api-ms-win-crt-math-l1-1-0.dll
 0002:000000c4       __imp___except1            1001b0c4     ucrt:api-ms-win-crt-math-l1-1-0.dll
 0002:000000c8       __imp___libm_sse2_cos_precise 1001b0c8     ucrt:api-ms-win-crt-math-l1-1-0.dll
 0002:000000cc       __imp___libm_sse2_log_precise 1001b0cc     ucrt:api-ms-win-crt-math-l1-1-0.dll
 0002:000000d0       __imp___libm_sse2_sqrt_precise 1001b0d0     ucrt:api-ms-win-crt-math-l1-1-0.dll
 0002:000000d4       \177api-ms-win-crt-math-l1-1-0_NULL_THUNK_DATA 1001b0d4     ucrt:api-ms-win-crt-math-l1-1-0.dll
 0002:000000d8       __imp___seh_filter_dll     1001b0d8     ucrt:api-ms-win-crt-runtime-l1-1-0.dll
 0002:000000dc       __imp___initterm           1001b0dc     ucrt:api-ms-win-crt-runtime-l1-1-0.dll
 0002:000000e0       __imp___initialize_onexit_table 1001b0e0     ucrt:api-ms-win-crt-runtime-l1-1-0.dll
 0002:000000e4       __imp___configure_narrow_argv 1001b0e4     ucrt:api-ms-win-crt-runtime-l1-1-0.dll
 0002:000000e8       __imp___execute_onexit_table 1001b0e8     ucrt:api-ms-win-crt-runtime-l1-1-0.dll
 0002:000000ec       __imp__perror              1001b0ec     ucrt:api-ms-win-crt-runtime-l1-1-0.dll
 0002:000000f0       __imp__exit                1001b0f0     ucrt:api-ms-win-crt-runtime-l1-1-0.dll
 0002:000000f4       __imp___crt_atexit         1001b0f4     ucrt:api-ms-win-crt-runtime-l1-1-0.dll
 0002:000000f8       __imp___crt_at_quick_exit  1001b0f8     ucrt:api-ms-win-crt-runtime-l1-1-0.dll
 0002:000000fc       __imp___cexit              1001b0fc     ucrt:api-ms-win-crt-runtime-l1-1-0.dll
 0002:00000100       __imp___initialize_narrow_environment 1001b100     ucrt:api-ms-win-crt-runtime-l1-1-0.dll
 0002:00000104       __imp__terminate           1001b104     ucrt:api-ms-win-crt-runtime-l1-1-0.dll
 0002:00000108       __imp___register_onexit_function 1001b108     ucrt:api-ms-win-crt-runtime-l1-1-0.dll
 0002:0000010c       __imp___initterm_e         1001b10c     ucrt:api-ms-win-crt-runtime-l1-1-0.dll
 0002:00000110       \177api-ms-win-crt-runtime-l1-1-0_NULL_THUNK_DATA 1001b110     ucrt:api-ms-win-crt-runtime-l1-1-0.dll
 0002:00000114       __imp__fread               1001b114     ucrt:api-ms-win-crt-stdio-l1-1-0.dll
 0002:00000118       __imp__fwrite              1001b118     ucrt:api-ms-win-crt-stdio-l1-1-0.dll
 0002:0000011c       __imp____acrt_iob_func     1001b11c     ucrt:api-ms-win-crt-stdio-l1-1-0.dll
 0002:00000120       __imp__fopen               1001b120     ucrt:api-ms-win-crt-stdio-l1-1-0.dll
 0002:00000124       __imp__fclose              1001b124     ucrt:api-ms-win-crt-stdio-l1-1-0.dll
 0002:00000128       __imp___write              1001b128     ucrt:api-ms-win-crt-stdio-l1-1-0.dll
 0002:0000012c       __imp__freopen             1001b12c     ucrt:api-ms-win-crt-stdio-l1-1-0.dll
 0002:00000130       __imp____stdio_common_vsprintf 1001b130     ucrt:api-ms-win-crt-stdio-l1-1-0.dll
 0002:00000134       __imp__fflush              1001b134     ucrt:api-ms-win-crt-stdio-l1-1-0.dll
 0002:00000138       __imp____stdio_common_vfprintf 1001b138     ucrt:api-ms-win-crt-stdio-l1-1-0.dll
 0002:0000013c       \177api-ms-win-crt-stdio-l1-1-0_NULL_THUNK_DATA 1001b13c     ucrt:api-ms-win-crt-stdio-l1-1-0.dll
 0002:00000140       __imp__strtok              1001b140     ucrt:api-ms-win-crt-string-l1-1-0.dll
 0002:00000144       \177api-ms-win-crt-string-l1-1-0_NULL_THUNK_DATA 1001b144     ucrt:api-ms-win-crt-string-l1-1-0.dll
 0002:00000148       __imp____timezone          1001b148     ucrt:api-ms-win-crt-time-l1-1-0.dll
 0002:0000014c       __imp___tzset              1001b14c     ucrt:api-ms-win-crt-time-l1-1-0.dll
 0002:00000150       __imp____daylight          1001b150     ucrt:api-ms-win-crt-time-l1-1-0.dll
 0002:00000154       \177api-ms-win-crt-time-l1-1-0_NULL_THUNK_DATA 1001b154     ucrt:api-ms-win-crt-time-l1-1-0.dll
 0002:00000158       __imp__rand                1001b158     ucrt:api-ms-win-crt-utility-l1-1-0.dll
 0002:0000015c       \177api-ms-win-crt-utility-l1-1-0_NULL_THUNK_DATA 1001b15c     ucrt:api-ms-win-crt-utility-l1-1-0.dll
 0002:00000160       __imp__fftwf_import_wisdom_from_string 1001b160     libfftw3f-3:libfftw3f-3.dll
 0002:00000164       __imp__fftwf_plan_dft_1d   1001b164     libfftw3f-3:libfftw3f-3.dll
 0002:00000168       __imp__fftwf_execute       1001b168     libfftw3f-3:libfftw3f-3.dll
 0002:0000016c       __imp__fftwf_destroy_plan  1001b16c     libfftw3f-3:libfftw3f-3.dll
 0002:00000170       \177libfftw3f-3_NULL_THUNK_DATA 1001b170     libfftw3f-3:libfftw3f-3.dll
 0002:00000174       __imp__sem_wait            1001b174     pthreadVC:pthreadVC.dll
 0002:00000178       __imp__sem_post            1001b178     pthreadVC:pthreadVC.dll
 0002:0000017c       __imp__sem_init            1001b17c     pthreadVC:pthreadVC.dll
 0002:00000180       __imp__sem_destroy         1001b180     pthreadVC:pthreadVC.dll
 0002:00000184       \177pthreadVC_NULL_THUNK_DATA 1001b184     pthreadVC:pthreadVC.dll
 0002:00000188       ___guard_check_icall_fptr  1001b188     MSVCRT:guard_support.obj
 0002:0000018c       ___guard_xfg_check_icall_fptr 1001b18c     MSVCRT:guard_support.obj
 0002:00000190       ___castguard_check_failure_os_handled_fptr 1001b190     MSVCRT:guard_support.obj
 0002:00000194       ___xc_a                    1001b194     MSVCRT:initializers.obj
 0002:00000198       ___xc_z                    1001b198     MSVCRT:initializers.obj
 0002:0000019c       ___xi_a                    1001b19c     MSVCRT:initializers.obj
 0002:000001a0       ___xi_z                    1001b1a0     MSVCRT:initializers.obj
 0002:000001a4       ___xp_a                    1001b1a4     MSVCRT:initializers.obj
 0002:000001a8       ___xp_z                    1001b1a8     MSVCRT:initializers.obj
 0002:000001ac       ___xt_a                    1001b1ac     MSVCRT:initializers.obj
 0002:000001b0       ___xt_z                    1001b1b0     MSVCRT:initializers.obj
 0002:000001c0       __real@3727c5ac            1001b1c0     am_demod.obj
 0002:000001c4       __real@38d1b717            1001b1c4     am_demod.obj
 0002:000001c8       __real@3e800000            1001b1c8     am_demod.obj
 0002:000001cc       __real@3e99999a            1001b1cc     am_demod.obj
 0002:000001d0       __real@3f000000            1001b1d0     am_demod.obj
 0002:000001d8       __real@3f50624dd2f1a9fc    1001b1d8     am_demod.obj
 0002:000001e0       __real@3f7ff972            1001b1e0     am_demod.obj
 0002:000001e4       __real@3f7fff58            1001b1e4     am_demod.obj
 0002:000001e8       __real@3feff7ced916872b    1001b1e8     am_demod.obj
 0002:000001f0       __real@401921fb54442d18    1001b1f0     am_demod.obj
 0002:000001f8       __real@40c90fdb            1001b1f8     am_demod.obj
 0002:00000200       __xmm@7fffffffffffffff7fffffffffffffff 1001b200     am_demod.obj
 0002:00000210       ??_C@_0BO@GJFJKLMD@block_size?5zero?5in?5in_blocks?6@ 1001b210     banal.obj
 0002:00000230       ??_C@_0BO@EFDGKKLN@can?8t?5open?5?$CC?$CFs?$CC?5in?5mode?5?$CC?$CFs?$CC?6@ 1001b230     banal.obj
 0002:00000250       ??_C@_0CA@NDENOFEA@can?8t?5reopen?5?$CC?$CFs?$CC?5in?5mode?5?$CC?$CFs?$CC?6@ 1001b250     banal.obj
 0002:00000270       ??_C@_06FIHLFAKK@?$CFds?$CFdu@ 1001b270     banal.obj
 0002:00000278       ??_C@_04IFOJIINB@?4?1?$CFs@ 1001b278     banal.obj
 0002:00000280       ??_C@_01KDCPPGHE@r@        1001b280     banal.obj
 0002:00000284       ??_C@_04GHGFPGNC@HOME@     1001b284     banal.obj
 0002:0000028c       ??_C@_0BB@LIOFJDLH@can?8t?5get?5HOME?$CB?6@ 1001b28c     banal.obj
 0002:000002a0       ??_C@_05GFOLEBJA@?$CFs?1?$CFs@ 1001b2a0     banal.obj
 0002:000002a8       ??_C@_0P@DMOPGNJA@safealloc?3?5?$CFs?6@ 1001b2a8     bufvec.obj
 0002:000002b8       ??_C@_09GGNIEMPK@safealloc@ 1001b2b8     bufvec.obj
 0002:000002c4       ??_C@_06IDJABAFD@newCXB@   1001b2c4     bufvec.obj
 0002:000002cc       ??_C@_06HABKCLAF@newRLB@   1001b2cc     bufvec.obj
 0002:000002d4       ??_C@_0P@BIJNLEIF@dump_REAL?3?5?$CFs?6@ 1001b2d4     bufvec.obj
 0002:000002e4       ??_C@_07KDCPMODK@?$CF5d?5?$CFg?6@ 1001b2e4     bufvec.obj
 0002:000002ec       ??_C@_0N@KKHGCHMP@dump_CX?3?5?$CFs?6@ 1001b2ec     bufvec.obj
 0002:000002fc       ??_C@_0L@HMLOPKPK@?$CF5d?5?$CFg?5?$CFg?6@ 1001b2fc     bufvec.obj
 0002:00000308       __real@00000000            1001b308     bufvec.obj
 0002:00000310       __real@3ff0000000000000    1001b310     bufvec.obj
 0002:00000318       __real@d8635fa9            1001b318     bufvec.obj
 0002:00000320       __xmm@80000000800000008000000080000000 1001b320     bufvec.obj
 0002:00000330       ??_C@_08HEPKGCKB@IQ?5state@ 1001b330     correctIQ.obj
 0002:0000033c       ??_C@_0M@PIKEBHDO@correctIQ?5w@ 1001b33c     correctIQ.obj
 0002:00000348       ??_C@_0M@GGCHDKLA@correctIQ?5y@ 1001b348     correctIQ.obj
 0002:00000354       ??_C@_0O@HOOLDAP@correctIQ?5del@ 1001b354     correctIQ.obj
 0002:00000364       ??_C@_0O@DDCKEHNH@CWToneGenDesc@ 1001b364     cwtones.obj
 0002:00000374       ??_C@_0L@JPDMIBMM@CWTone?5osc@ 1001b374     cwtones.obj
 0002:00000380       ??_C@_0O@LLLFCGBE@CWToneGen?5buf@ 1001b380     cwtones.obj
 0002:00000390       __real@3f800000            1001b390     cwtones.obj
 0002:00000398       __real@3fe0000000000000    1001b398     cwtones.obj
 0002:000003a0       __real@400921fb54442895    1001b3a0     cwtones.obj
 0002:000003a8       __real@401921fb54442895    1001b3a8     cwtones.obj
 0002:000003b0       __real@4024000000000000    1001b3b0     cwtones.obj
 0002:000003b8       __real@4034000000000000    1001b3b8     cwtones.obj
 0002:000003c0       __real@408f400000000000    1001b3c0     cwtones.obj
 0002:000003c8       __real@c01921fb54442d18    1001b3c8     cwtones.obj
 0002:000003d0       ??_C@_09NDJHDODP@DCBlocker@ 1001b3d0     dcblock.obj
 0002:000003dc       __real@3851b717            1001b3dc     dcblock.obj
 0002:000003e0       __real@3f7ffcb9            1001b3e0     dcblock.obj
 0002:000003e8       __real@3fedec74263f1a4c    1001b3e8     dcblock.obj
 0002:000003f0       __real@3fee6c0bad89f0c2    1001b3f0     dcblock.obj
 0002:000003f8       __real@3fef3e2df3b6cf12    1001b3f8     dcblock.obj
 0002:00000400       __real@3fef69c4ba752a7b    1001b400     dcblock.obj
 0002:00000408       __real@3ff026151dd2009c    1001b408     dcblock.obj
 0002:00000410       __real@3ff03126e978d4fe    1001b410     dcblock.obj
 0002:00000418       __real@3ff068e245afe286    1001b418     dcblock.obj
 0002:00000420       __real@3ff08bb964c3ac9b    1001b420     dcblock.obj
 0002:00000428       __real@3fffb43066863918    1001b428     dcblock.obj
 0002:00000430       __real@400f6e0e7a5afec3    1001b430     dcblock.obj
 0002:00000438       __real@400fcef675f1267c    1001b438     dcblock.obj
 0002:00000440       __real@4010000000000000    1001b440     dcblock.obj
 0002:00000448       __real@4017024316046d30    1001b448     dcblock.obj
 0002:00000450       __real@4017b6bcba277b11    1001b450     dcblock.obj
 0002:00000458       __real@4017cc3802233b86    1001b458     dcblock.obj
 0002:00000460       __real@4018000000000000    1001b460     dcblock.obj
 0002:00000468       __real@401e2cb149e47a93    1001b468     dcblock.obj
 0002:00000470       __real@401fbb4dc27b712d    1001b470     dcblock.obj
 0002:00000478       __real@4020000000000000    1001b478     dcblock.obj
 0002:00000480       __real@402d00fc4829534f    1001b480     dcblock.obj
 0002:00000488       __real@402d7f3364dc4d9e    1001b488     dcblock.obj
 0002:00000490       __real@402e000000000000    1001b490     dcblock.obj
 0002:00000498       __real@40337fd96de75b91    1001b498     dcblock.obj
 0002:000004a0       __real@403a9fdaa73393b4    1001b4a0     dcblock.obj
 0002:000004a8       __real@403b885b6be5c607    1001b4a8     dcblock.obj
 0002:000004b0       __real@403c000000000000    1001b4b0     dcblock.obj
 0002:000004b8       __real@404ad925b661c028    1001b4b8     dcblock.obj
 0002:000004c0       __real@404b4d648b76517c    1001b4c0     dcblock.obj
 0002:000004c8       __real@404c000000000000    1001b4c8     dcblock.obj
 0002:000004d0       __real@4050ebdea49fa0de    1001b4d0     dcblock.obj
 0002:000004d8       __real@4051800000000000    1001b4d8     dcblock.obj
 0002:000004e0       ??_C@_0O@MJIPOLKH@agc?5in?5buffer@ 1001b4e0     dttspagc.obj
 0002:000004f0       ??_C@_0BE@HKCBKDJA@circular?5agc?5buffer@ 1001b4f0     dttspagc.obj
 0002:00000504       __real@3a83126f            1001b504     dttspagc.obj
 0002:00000508       __real@3b30f27c            1001b508     dttspagc.obj
 0002:0000050c       __real@3b449ba6            1001b50c     dttspagc.obj
 0002:00000510       __real@3dcccccd            1001b510     dttspagc.obj
 0002:00000518       __real@3fc999999999999a    1001b518     dttspagc.obj
 0002:00000520       __real@4008000000000000    1001b520     dttspagc.obj
 0002:00000528       __real@c08f400000000000    1001b528     dttspagc.obj
 0002:00000530       __real@40000000            1001b530     filt2p2z.obj
 0002:00000538       __real@4000000000000000    1001b538     filt2p2z.obj
 0002:00000540       __real@40800000            1001b540     filt2p2z.obj
 0002:00000544       __real@41a00000            1001b544     filt2p2z.obj
 0002:00000548       __real@c0000000            1001b548     filt2p2z.obj
 0002:0000054c       ??_C@_0BE@DDNCOPCJ@newFIR_Lowpass_REAL@ 1001b54c     filter.obj
 0002:00000560       ??_C@_0BL@OCGNLGFL@newFIR_Lowpass_REAL?5window@ 1001b560     filter.obj
 0002:0000057c       ??_C@_0BH@JFOFIKHG@newFIR_Lowpass_COMPLEX@ 1001b57c     filter.obj
 0002:00000594       ??_C@_0BF@LANPMBP@newFIR_Bandpass_REAL@ 1001b594     filter.obj
 0002:000005ac       ??_C@_0BM@JCKGGOMA@newFIR_Bandpass_REAL?5window@ 1001b5ac     filter.obj
 0002:000005c8       ??_C@_0BI@MCIAJNLL@newFIR_Bandpass_COMPLEX@ 1001b5c8     filter.obj
 0002:000005e0       ??_C@_0BP@KANJJAON@newFIR_Bandpass_COMPLEX?5window@ 1001b5e0     filter.obj
 0002:00000600       ??_C@_0BF@BEIKFNLP@newFIR_Highpass_REAL@ 1001b600     filter.obj
 0002:00000618       ??_C@_0BM@MPBFEKO@newFIR_Highpass_REAL?5window@ 1001b618     filter.obj
 0002:00000634       ??_C@_0BE@OGDLFNBJ@newFIR_Hilbert_REAL@ 1001b634     filter.obj
 0002:00000648       ??_C@_0BL@CJECENHC@newFIR_Hilbert_REAL?5window@ 1001b648     filter.obj
 0002:00000664       ??_C@_0BH@LOKLPJNF@newFIR_Hilbert_COMPLEX@ 1001b664     filter.obj
 0002:0000067c       ??_C@_0BO@HPMNOLCI@newFIR_Hilbert_COMPLEX?5window@ 1001b67c     filter.obj
 0002:0000069c       ??_C@_0BF@BMJBHONL@newFIR_Bandstop_REAL@ 1001b69c     filter.obj
 0002:000006b4       ??_C@_0BM@CALEMFLM@newFIR_Bandstop_REAL?5window@ 1001b6b4     filter.obj
 0002:000006d0       __xmm@00000003000000020000000100000000 1001b6d0     filter.obj
 0002:000006e0       __xmm@3f8000003f8000003f8000003f800000 1001b6e0     filter.obj
 0002:000006f0       __xmm@3ff00000000000003ff0000000000000 1001b6f0     filter.obj
 0002:00000700       __xmm@80000000000000008000000000000000 1001b700     filter.obj
 0002:00000710       ??_C@_0BG@OOMKNAHB@fb?5partition?5pointers@ 1001b710     filterbank.obj
 0002:00000728       ??_C@_0BI@KOLIBJAF@fb?5partition?5delay?5line@ 1001b728     filterbank.obj
 0002:00000740       ??_C@_0CG@IGCBHPPI@newFIRDownsampler?3?5downsample?5r@ 1001b740     filterbank.obj
 0002:00000768       ??_C@_0CC@BNMOJGGG@newFIRUpsampler?3?5upsample?5rotat@ 1001b768     filterbank.obj
 0002:0000078c       ??_C@_0BB@CHMHLHAD@fft?5input?5buffer@ 1001b78c     filterbank.obj
 0002:000007a0       __xmm@41f00000000000000000000000000000 1001b7a0     filterbank.obj
 0002:000007b0       __real@24e69595            1001b7b0     fm_demod.obj
 0002:000007b8       __real@3f1a36e2eb1c432d    1001b7b8     fm_demod.obj
 0002:000007c0       __real@3f947ae147ae147b    1001b7c0     fm_demod.obj
 0002:000007c8       __real@3fc3333333333333    1001b7c8     fm_demod.obj
 0002:000007d0       __real@3fd999999999999a    1001b7d0     fm_demod.obj
 0002:000007d8       __real@3fefff2e48e8a71e    1001b7d8     fm_demod.obj
 0002:000007e0       __real@4069000000000000    1001b7e0     fm_demod.obj
 0002:000007e8       __real@40988b2f704a9409    1001b7e8     fm_demod.obj
 0002:000007f0       __real@40deadfb4c5d390c    1001b7f0     fm_demod.obj
 0002:000007f8       __real@4684d000            1001b7f8     fm_demod.obj
 0002:00000800       __real@bfe0000000000000    1001b800     fm_demod.obj
 0002:00000808       ??_C@_0N@NMJEKKDK@new?5eq?5state@ 1001b808     graphiceq.obj
 0002:00000818       ??_C@_0N@KCALNMGO@EQ?5input?5CXB@ 1001b818     graphiceq.obj
 0002:00000828       ??_C@_0O@DDEDDPMA@EQ?5output?5CXB@ 1001b828     graphiceq.obj
 0002:00000838       __real@473b8000            1001b838     graphiceq.obj
 0002:0000083c       __real@47bb8000            1001b83c     graphiceq.obj
 0002:00000840       __real@483b8000            1001b840     graphiceq.obj
 0002:00000844       ??_C@_0BE@FLFEMHH@Hilbert?5Transformer@ 1001b844     hilbert.obj
 0002:00000858       ??_C@_0BN@KIHJICCK@Hilbert?5Transformer?5c?5vector@ 1001b858     hilbert.obj
 0002:00000878       ??_C@_0BO@PAOPLDCN@Hilbert?5Transformer?5x1?5vector@ 1001b878     hilbert.obj
 0002:00000898       ??_C@_0BO@BPCNNIBD@Hilbert?5Transformer?5y1?5vector@ 1001b898     hilbert.obj
 0002:000008b8       ??_C@_0CB@BJONJLMD@Hilbert?5Transformer?5input?5buffe@ 1001b8b8     hilbert.obj
 0002:000008dc       ??_C@_0CC@EBADNGKN@Hilbert?5Transformer?5output?5buff@ 1001b8dc     hilbert.obj
 0002:00000900       __real@3b007358            1001b900     hilbert.obj
 0002:00000904       __real@3ee0c49c            1001b904     hilbert.obj
 0002:00000908       __real@3f160419            1001b908     hilbert.obj
 0002:0000090c       __real@3f3cac08            1001b90c     hilbert.obj
 0002:00000910       __real@3f6c8b44            1001b910     hilbert.obj
 0002:00000920       __xmm@400921fb54442895400921fb54442895 1001b920     hilbert.obj
 0002:00000930       __xmm@402e000000000000402e000000000000 1001b930     hilbert.obj
 0002:00000940       ??_C@_0CD@HJLDDBDG@ISO?3?5band?5index?5out?5of?5range?5?$CI?$CF@ 1001b940     isoband.obj
 0002:00000964       ??_C@_0P@LMJEKMAI@keyer?5PLAYING?6@ 1001b964     keyd.obj
 0002:00000974       ??_C@_09JAKBDCMK@Read?5key?6@ 1001b974     keyd.obj
 0002:00000980       ??_C@_0L@HANIJJBK@whichkey?5?6@ 1001b980     keyd.obj
 0002:0000098c       ??_C@_0M@OKAODJBG@key_thread?6@ 1001b98c     keyd.obj
 0002:00000998       ??_C@_0BD@MOBIECFL@keyer?5NOT?5playing?6@ 1001b998     keyd.obj
 0002:000009ac       ??_C@_0BB@NHJBFHFA@Critical?5Section@ 1001b9ac     keyd.obj
 0002:000009c0       ??_C@_0O@IPADDEGG@Timer?5failed?6@ 1001b9c0     keyd.obj
 0002:000009d0       __real@400c000000000000    1001b9d0     keyd.obj
 0002:000009d8       __real@40e7700000000000    1001b9d8     keyd.obj
 0002:000009e0       ??_C@_0M@IMKDHHNE@KEYERSTATE?6@ 1001b9e0     keyer.obj
 0002:000009f0       ??_C@_0FJ@GBEGAKOC@KEYERSTATE_DAH?$CImidway?5?$DN?5?$CFf?$CJ?3?5?5d@ 1001b9f0     keyer.obj
 0002:00000a50       ??_C@_0EP@HMPAPKKL@KEYERSTATE_DAH?$CI?$CFf?$CJ?3?5?5dahmem?5?$DN?51@ 1001ba50     keyer.obj
 0002:00000aa0       ??_C@_0GP@LIHJENDD@KEYERSTATE_DAH?$CI?$CFf?$CJ?3?5?5dahmem?5?$DN?51@ 1001baa0     keyer.obj
 0002:00000b10       ??_C@_0GP@LHKPPKCP@KEYERSTATE_DAH?$CI?$CFf?$CJ?3?5?5ditmem?5?$DN?51@ 1001bb10     keyer.obj
 0002:00000b80       ??_C@_0FJ@FHHJNNPL@KEYERSTATE_DAH?$CImiddle?5?$DN?5?$CFf?$CJ?3?5?5d@ 1001bb80     keyer.obj
 0002:00000be0       ??_C@_0EP@CBHKIDFO@KEYERSTATE_DAH?$CI?$CFf?$CJ?3?5?5ditmem?5?$DN?51@ 1001bbe0     keyer.obj
 0002:00000c30       ??_C@_0GL@NDJGCKNN@KEYERSTATE_DAH?$CI?$CFf?$CJ?3?5?5ditmem?5?$DN?51@ 1001bc30     keyer.obj
 0002:00000ca0       ??_C@_0GP@NIOKIGLN@KEYERSTATE_DAH?$CI?$CFf?$CJ?3?5?5ditmem?5?$DN?51@ 1001bca0     keyer.obj
 0002:00000d10       ??_C@_0FB@MPMHDBNI@KEYERSTATE_TIMEOUT_DAH?$CI?$CFf?$CJ?3?5?5di@ 1001bd10     keyer.obj
 0002:00000d68       ??_C@_0FD@NGHOOGDA@KEYERSTATE_TIMEOUT_DIT?$CI?$CFf?$CJ?3?5?5da@ 1001bd68     keyer.obj
 0002:00000dc0       ??_C@_0GM@GLCHABCH@KEYERSTATE_TIMEOUT_CHARACTER_SP@ 1001bdc0     keyer.obj
 0002:00000e30       ??_C@_0GM@OONPMGOJ@KEYERSTATE_TIMEOUT_CHARACTER_SP@ 1001be30     keyer.obj
 0002:00000e9c       ??_C@_0O@BJPHOFDF@newKeyerState@ 1001be9c     keyer.obj
 0002:00000eac       ??_C@_0O@JLIIDLJB@newKeyerLogic@ 1001beac     keyer.obj
 0002:00000ebc       __real@42480000            1001bebc     keyer.obj
 0002:00000ec0       __real@44960000            1001bec0     keyer.obj
 0002:00000ec4       ??_C@_0BB@ONHLDOEI@KEYERSTATE_DIT1?6@ 1001bec4     keyerio.obj
 0002:00000ee0       __xmm@00000001000000010000000100000001 1001bee0     keyerio.obj
 0002:00000ef0       __xmm@ffffffffffffffffffffffffffffffff 1001bef0     keyerio.obj
 0002:00000f00       ??_C@_0P@NJEKNCFN@new_lmsr?5state@ 1001bf00     lmadf.obj
 0002:00000f10       ??_C@_09CPBHLLEI@lmadf?5CXB@ 1001bf10     lmadf.obj
 0002:00000f1c       ??_C@_0L@GOGALCP@lmsr?5delay@ 1001bf1c     lmadf.obj
 0002:00000f28       ??_C@_0M@CEHIOMMN@lmsr?5filter@ 1001bf28     lmadf.obj
 0002:00000f34       ??_C@_01NOFIACDB@w@        1001bf34     lmadf.obj
 0002:00000f38       ??_C@_0N@LJCILFAA@lms_filt?4csv@ 1001bf38     lmadf.obj
 0002:00000f48       ??_C@_07FDNLNPCG@?$CFf?0?5?$CFf?6@ 1001bf48     lmadf.obj
 0002:00000f50       ??_C@_0O@EJMBFHEG@lms_delay?4csv@ 1001bf50     lmadf.obj
 0002:00000f60       ??_C@_09FGLKDPHL@block?5lms@ 1001bf60     lmadf.obj
 0002:00000f6c       ??_C@_0BF@FNGPFEGA@block?5lms?5delay?5line@ 1001bf6c     lmadf.obj
 0002:00000f84       ??_C@_0BI@GBCBLAFI@block?5lms?5output?5signal@ 1001bf84     lmadf.obj
 0002:00000f9c       ??_C@_0BL@CAOIPKGN@block?5lms?5output?5transform@ 1001bf9c     lmadf.obj
 0002:00000fb8       ??_C@_0BK@GPMGBDLC@block?5lms?5Error?5transform@ 1001bfb8     lmadf.obj
 0002:00000fd4       ??_C@_0BH@LEFFPIGO@block?5lms?5Error?5signal@ 1001bfd4     lmadf.obj
 0002:00000fec       ??_C@_0BL@GFDICNID@block?5lms?5signal?5transform@ 1001bfec     lmadf.obj
 0002:00001008       ??_C@_0BL@MJCGEMAP@block?5lms?5filter?5transform@ 1001c008     lmadf.obj
 0002:00001024       ??_C@_0BL@IKDIFLBM@block?5lms?5update?5transform@ 1001c024     lmadf.obj
 0002:00001040       ??_C@_0BI@PPJCCOEH@block?5lms?5update?5signal@ 1001c040     lmadf.obj
 0002:00001058       __real@3b800000            1001c058     lmadf.obj
 0002:00001060       __real@3e7ff19e23a836fc    1001c060     lmadf.obj
 0002:00001068       ??_C@_0M@GCOKLJJD@new?5nbstate@ 1001c068     noiseblanker.obj
 0002:00001074       __real@3c23d70a            1001c074     noiseblanker.obj
 0002:00001078       __real@3e4ccccd            1001c078     noiseblanker.obj
 0002:0000107c       __real@3ecccccd            1001c07c     noiseblanker.obj
 0002:00001080       __real@3f19999a            1001c080     noiseblanker.obj
 0002:00001084       __real@3f400000            1001c084     noiseblanker.obj
 0002:00001088       __real@3f4ccccd            1001c088     noiseblanker.obj
 0002:00001090       __real@3f847ae147ae147b    1001c090     noiseblanker.obj
 0002:00001098       ??_C@_0CF@NPIHDDKL@complex?5buffer?5for?5oscillator?5o@ 1001c098     oscillator.obj
 0002:000010c0       ??_C@_0CC@DAOPPKKK@real?5buffer?5for?5oscillator?5outp@ 1001c0c0     oscillator.obj
 0002:000010e4       ??_C@_0BI@IHIIAAPM@new?5overlap?1save?5filter@ 1001c0e4     ovsv.obj
 0002:000010fc       ??_C@_0BO@GEIFOEKP@raw?5signal?5vec?5in?5newFiltOvSv@ 1001c0fc     ovsv.obj
 0002:0000111c       ??_C@_0BM@HHFFPDBC@filter?5z?5vec?5in?5newFiltOvSv@ 1001c11c     ovsv.obj
 0002:00001138       ??_C@_0BP@KJOAOOPI@signal?5in?5z?5vec?5in?5newFiltOvSv@ 1001c138     ovsv.obj
 0002:00001158       ??_C@_0CA@LENGBLIF@signal?5out?5z?5vec?5in?5newFiltOvSv@ 1001c158     ovsv.obj
 0002:00001178       ??_C@_0CB@OMDAADCL@temp?5filter?5z?5vec?5in?5newFiltOvS@ 1001c178     ovsv.obj
 0002:0000119c       ??_C@_0N@GLJFPGDI@PF?5Resampler@ 1001c19c     resample.obj
 0002:000011ac       ??_C@_0BH@EGELPGEJ@Filter?5buff?3?5resampler@ 1001c1ac     resample.obj
 0002:000011c4       __real@3ee66666            1001c1c4     resample.obj
 0002:000011c8       ??_C@_0O@PFKCMGEA@Ring?5creation@ 1001c1c8     ringb.obj
 0002:000011d8       ??_C@_0BA@MLDEFPNP@Ring?5buffer?5buf@ 1001c1d8     ringb.obj
 0002:000011e8       ??_C@_0BE@HHDHKCOH@Float?5Ring?5creation@ 1001c1e8     ringb.obj
 0002:000011fc       ??_C@_0BG@CBFONBFM@Ring?5buffer?5float?5buf@ 1001c1fc     ringb.obj
 0002:00001214       _MAX_NOTCHES_IN_PASSBAND   1001c214     sdr.obj
 0002:00001218       ??_C@_0BA@EJLGOMD@RX?5filter?5cache@ 1001c218     sdr.obj
 0002:00001228       ??_C@_0BJ@BNCENDLM@init?5rx?$FLthread?$FN?$FLk?$FN?4buf?4i@ 1001c228     sdr.obj
 0002:00001244       ??_C@_0BJ@ELHOHEDK@init?5rx?$FLthread?$FN?$FLk?$FN?4buf?4o@ 1001c244     sdr.obj
 0002:00001260       ??_C@_0BC@FNMKKCHC@SDR?5RX?5Oscillator@ 1001c260     sdr.obj
 0002:00001274       ??_C@_03FDJCJIDI@AGC@      1001c274     sdr.obj
 0002:00001278       ??_C@_0BB@JNAMBCKD@AM?5detector?5blew@ 1001c278     sdr.obj
 0002:0000128c       ??_C@_0BH@MFJLJHMJ@New?5FM?5Demod?5structure@ 1001c28c     sdr.obj
[...]
 0001:00018f5c       ___castguard_slow_path_compat_check 10019f5c f   MSVCRT:guard_support.obj
 0002:00001770       two32                      1001c770     MSVCRT:ftol2.obj
 0002:00001774       two63                      1001c774     MSVCRT:ftol2.obj
 0002:00001778       _NaN                       1001c778     MSVCRT:ftol2.obj
 0002:00001780       _bias_low                  1001c780     MSVCRT:ftol3.obj
 0002:00001790       _bias_high                 1001c790     MSVCRT:ftol3.obj
 0002:000017a0       _DP2to32                   1001c7a0     MSVCRT:ftol3.obj
 0002:000017a8       _NaN                       1001c7a8     MSVCRT:ftol3.obj
 0002:000017ac       _onept5                    1001c7ac     MSVCRT:ftol3.obj
 0002:000017b4       _GS_ExceptionPointers      1001c7b4     MSVCRT:gs_report.obj
 0002:00002018       __sehtable$?dllmain_crt_process_attach@@YAHQAUHINSTANCE__@@QAX@Z 1001d018     MSVCRT:dll_dllmain.obj
 0002:00002038       __sehtable$?dllmain_crt_process_detach@@YAH_N@Z 1001d038     MSVCRT:dll_dllmain.obj
 0002:00002060       __sehtable$?dllmain_dispatch@@YAHQAUHINSTANCE__@@KQAX@Z 1001d060     MSVCRT:dll_dllmain.obj
 0002:00002080       __sehtable$___scrt_is_nonwritable_in_current_image 1001d080     MSVCRT:utility.obj
 0002:000020a0       .edata                     1001d0a0     DttSP.exp
 0002:000020c8       rgpv                       1001d0c8     DttSP.exp
 0002:0000235c       rgszName                   1001d35c     DttSP.exp
 0002:000025f0       rgwOrd                     1001d5f0     DttSP.exp
 0002:0000273a       szName                     1001d73a     DttSP.exp
 0002:00002744       $N00001                    1001d744     DttSP.exp
 0002:0000274f       $N00002                    1001d74f     DttSP.exp
 0002:0000275e       $N00003                    1001d75e     DttSP.exp
 0002:0000276e       $N00004                    1001d76e     DttSP.exp
 0002:0000277c       $N00005                    1001d77c     DttSP.exp
 0002:0000278b       $N00006                    1001d78b     DttSP.exp
 0002:0000279c       $N00007                    1001d79c     DttSP.exp
 0002:000027ad       $N00008                    1001d7ad     DttSP.exp
 0002:000027bd       $N00009                    1001d7bd     DttSP.exp
 0002:000027ce       $N00010                    1001d7ce     DttSP.exp
 0002:000027da       $N00011                    1001d7da     DttSP.exp
 0002:000027f1       $N00012                    1001d7f1     DttSP.exp
 0002:000027fd       $N00013                    1001d7fd     DttSP.exp
 0002:00002809       $N00014                    1001d809     DttSP.exp
 0002:00002816       $N00015                    1001d816     DttSP.exp
 0002:00002823       $N00016                    1001d823     DttSP.exp
 0002:00002834       $N00017                    1001d834     DttSP.exp
 0002:00002844       $N00018                    1001d844     DttSP.exp
 0002:00002856       $N00019                    1001d856     DttSP.exp
 0002:00002861       $N00020                    1001d861     DttSP.exp
 0002:0000286f       $N00021                    1001d86f     DttSP.exp
 0002:00002885       $N00022                    1001d885     DttSP.exp
 0002:00002898       $N00023                    1001d898     DttSP.exp
 0002:000028a5       $N00024                    1001d8a5     DttSP.exp
 0002:000028b2       $N00025                    1001d8b2     DttSP.exp
 0002:000028c6       $N00026                    1001d8c6     DttSP.exp
 0002:000028d7       $N00027                    1001d8d7     DttSP.exp
 0002:000028ea       $N00028                    1001d8ea     DttSP.exp
 0002:000028f3       $N00029                    1001d8f3     DttSP.exp
 0002:00002900       $N00030                    1001d900     DttSP.exp
 0002:0000290e       $N00031                    1001d90e     DttSP.exp
 0002:0000291f       $N00032                    1001d91f     DttSP.exp
 0002:0000292d       $N00033                    1001d92d     DttSP.exp
 0002:0000293a       $N00034                    1001d93a     DttSP.exp
 0002:00002948       $N00035                    1001d948     DttSP.exp
 0002:00002960       $N00036                    1001d960     DttSP.exp
 0002:00002973       $N00037                    1001d973     DttSP.exp
 0002:00002981       $N00038                    1001d981     DttSP.exp
 0002:0000298f       $N00039                    1001d98f     DttSP.exp
 0002:000029a0       $N00040                    1001d9a0     DttSP.exp
 0002:000029af       $N00041                    1001d9af     DttSP.exp
 0002:000029b6       $N00042                    1001d9b6     DttSP.exp
 0002:000029c1       $N00043                    1001d9c1     DttSP.exp
 0002:000029ce       $N00044                    1001d9ce     DttSP.exp
 0002:000029d5       $N00045                    1001d9d5     DttSP.exp
 0002:000029e2       $N00046                    1001d9e2     DttSP.exp
 0002:000029ef       $N00047                    1001d9ef     DttSP.exp
 0002:000029fc       $N00048                    1001d9fc     DttSP.exp
 0002:00002a0f       $N00049                    1001da0f     DttSP.exp
 0002:00002a20       $N00050                    1001da20     DttSP.exp
 0002:00002a32       $N00051                    1001da32     DttSP.exp
 0002:00002a43       $N00052                    1001da43     DttSP.exp
 0002:00002a53       $N00053                    1001da53     DttSP.exp
 0002:00002a67       $N00054                    1001da67     DttSP.exp
 0002:00002a7b       $N00055                    1001da7b     DttSP.exp
 0002:00002a8a       $N00056                    1001da8a     DttSP.exp
 0002:00002a9d       $N00057                    1001da9d     DttSP.exp
 0002:00002aae       $N00058                    1001daae     DttSP.exp
 0002:00002ac2       $N00059                    1001dac2     DttSP.exp
 0002:00002ad2       $N00060                    1001dad2     DttSP.exp
 0002:00002ae6       $N00061                    1001dae6     DttSP.exp
 0002:00002af3       $N00062                    1001daf3     DttSP.exp
 0002:00002b00       $N00063                    1001db00     DttSP.exp
 0002:00002b11       $N00064                    1001db11     DttSP.exp
 0002:00002b24       $N00065                    1001db24     DttSP.exp
 0002:00002b3a       $N00066                    1001db3a     DttSP.exp
 0002:00002b46       $N00067                    1001db46     DttSP.exp
 0002:00002b52       $N00068                    1001db52     DttSP.exp
 0002:00002b60       $N00069                    1001db60     DttSP.exp
 0002:00002b6f       $N00070                    1001db6f     DttSP.exp
 0002:00002b7b       $N00071                    1001db7b     DttSP.exp
 0002:00002b89       $N00072                    1001db89     DttSP.exp
 0002:00002b97       $N00073                    1001db97     DttSP.exp
 0002:00002ba5       $N00074                    1001dba5     DttSP.exp
 0002:00002bb4       $N00075                    1001dbb4     DttSP.exp
 0002:00002bc1       $N00076                    1001dbc1     DttSP.exp
 0002:00002bcd       $N00077                    1001dbcd     DttSP.exp
 0002:00002bdf       $N00078                    1001dbdf     DttSP.exp
 0002:00002beb       $N00079                    1001dbeb     DttSP.exp
 0002:00002bfc       $N00080                    1001dbfc     DttSP.exp
 0002:00002c09       $N00081                    1001dc09     DttSP.exp
 0002:00002c16       $N00082                    1001dc16     DttSP.exp
 0002:00002c2d       $N00083                    1001dc2d     DttSP.exp
 0002:00002c3c       $N00084                    1001dc3c     DttSP.exp
 0002:00002c49       $N00085                    1001dc49     DttSP.exp
 0002:00002c5d       $N00086                    1001dc5d     DttSP.exp
 0002:00002c6a       $N00087                    1001dc6a     DttSP.exp
 0002:00002c7c       $N00088                    1001dc7c     DttSP.exp
 0002:00002c8b       $N00089                    1001dc8b     DttSP.exp
 0002:00002c9e       $N00090                    1001dc9e     DttSP.exp
 0002:00002cac       $N00091                    1001dcac     DttSP.exp
 0002:00002cbb       $N00092                    1001dcbb     DttSP.exp
 0002:00002cc3       $N00093                    1001dcc3     DttSP.exp
 0002:00002cc9       $N00094                    1001dcc9     DttSP.exp
 0002:00002cd3       $N00095                    1001dcd3     DttSP.exp
 0002:00002cd9       $N00096                    1001dcd9     DttSP.exp
 0002:00002ce3       $N00097                    1001dce3     DttSP.exp
 0002:00002cef       $N00098                    1001dcef     DttSP.exp
 0002:00002cfb       $N00099                    1001dcfb     DttSP.exp
 0002:00002d06       $N00100                    1001dd06     DttSP.exp
 0002:00002d0f       $N00101                    1001dd0f     DttSP.exp
 0002:00002d1e       $N00102                    1001dd1e     DttSP.exp
 0002:00002d2c       $N00103                    1001dd2c     DttSP.exp
 0002:00002d39       $N00104                    1001dd39     DttSP.exp
 0002:00002d4f       $N00105                    1001dd4f     DttSP.exp
 0002:00002d5d       $N00106                    1001dd5d     DttSP.exp
 0002:00002d69       $N00107                    1001dd69     DttSP.exp
 0002:00002d76       $N00108                    1001dd76     DttSP.exp
 0002:00002d87       $N00109                    1001dd87     DttSP.exp
 0002:00002d98       $N00110                    1001dd98     DttSP.exp
 0002:00002da4       $N00111                    1001dda4     DttSP.exp
 0002:00002db7       $N00112                    1001ddb7     DttSP.exp
 0002:00002dce       $N00113                    1001ddce     DttSP.exp
 0002:00002de3       $N00114                    1001dde3     DttSP.exp
 0002:00002dec       $N00115                    1001ddec     DttSP.exp
 0002:00002dfc       $N00116                    1001ddfc     DttSP.exp
 0002:00002e05       $N00117                    1001de05     DttSP.exp
 0002:00002e19       $N00118                    1001de19     DttSP.exp
 0002:00002e27       $N00119                    1001de27     DttSP.exp
 0002:00002e30       $N00120                    1001de30     DttSP.exp
 0002:00002e3d       $N00121                    1001de3d     DttSP.exp
 0002:00002e4b       $N00122                    1001de4b     DttSP.exp
 0002:00002e60       $N00123                    1001de60     DttSP.exp
 0002:00002e70       $N00124                    1001de70     DttSP.exp
 0002:00002e7e       $N00125                    1001de7e     DttSP.exp
 0002:00002e89       $N00126                    1001de89     DttSP.exp
 0002:00002e95       $N00127                    1001de95     DttSP.exp
 0002:00002ea7       $N00128                    1001dea7     DttSP.exp
 0002:00002eae       $N00129                    1001deae     DttSP.exp
 0002:00002ec2       $N00130                    1001dec2     DttSP.exp
 0002:00002ecd       $N00131                    1001decd     DttSP.exp
 0002:00002ee3       $N00132                    1001dee3     DttSP.exp
 0002:00002ef2       $N00133                    1001def2     DttSP.exp
 0002:00002efe       $N00134                    1001defe     DttSP.exp
 0002:00002f0c       $N00135                    1001df0c     DttSP.exp
 0002:00002f19       $N00136                    1001df19     DttSP.exp
 0002:00002f2d       $N00137                    1001df2d     DttSP.exp
 0002:00002f3a       $N00138                    1001df3a     DttSP.exp
 0002:00002f49       $N00139                    1001df49     DttSP.exp
 0002:00002f56       $N00140                    1001df56     DttSP.exp
 0002:00002f66       $N00141                    1001df66     DttSP.exp
 0002:00002f77       $N00142                    1001df77     DttSP.exp
 0002:00002f83       $N00143                    1001df83     DttSP.exp
 0002:00002f96       $N00144                    1001df96     DttSP.exp
 0002:00002fa8       $N00145                    1001dfa8     DttSP.exp
 0002:00002fb9       $N00146                    1001dfb9     DttSP.exp
 0002:00002fc8       $N00147                    1001dfc8     DttSP.exp
 0002:00002fd8       $N00148                    1001dfd8     DttSP.exp
 0002:00002fe1       $N00149                    1001dfe1     DttSP.exp
 0002:00002ff1       $N00150                    1001dff1     DttSP.exp
 0002:00003000       $N00151                    1001e000     DttSP.exp
 0002:00003010       $N00152                    1001e010     DttSP.exp
 0002:0000301d       $N00153                    1001e01d     DttSP.exp
 0002:00003029       $N00154                    1001e029     DttSP.exp
 0002:00003041       $N00155                    1001e041     DttSP.exp
 0002:0000304d       $N00156                    1001e04d     DttSP.exp
 0002:00003057       $N00157                    1001e057     DttSP.exp
 0002:00003061       $N00158                    1001e061     DttSP.exp
 0002:0000306c       $N00159                    1001e06c     DttSP.exp
 0002:00003076       $N00160                    1001e076     DttSP.exp
 0002:00003087       $N00161                    1001e087     DttSP.exp
 0002:0000309a       $N00162                    1001e09a     DttSP.exp
 0002:000030aa       $N00163                    1001e0aa     DttSP.exp
 0002:000030bb       $N00164                    1001e0bb     DttSP.exp
 0002:000030d2       $N00165                    1001e0d2     DttSP.exp
 0002:000033b8       .idata$6                   1001e3b8     winMM:WINMM.dll
 0002:0000341e       .idata$6                   1001e41e     libfftw3f-3:libfftw3f-3.dll
 0002:00003460       .idata$6                   1001e460     pthreadVC:pthreadVC.dll
 0002:00003630       .idata$6                   1001e630     kernel32:KERNEL32.dll
 0002:000036c0       .idata$6                   1001e6c0     vcruntime:VCRUNTIME140.dll
 0002:000039f2       .idata$6                   1001e9f2     ucrt:api-ms-win-crt-math-l1-1-0.dll
 0002:00003a12       .idata$6                   1001ea12     ucrt:api-ms-win-crt-filesystem-l1-1-0.dll
 0002:00003a38       .idata$6                   1001ea38     ucrt:api-ms-win-crt-time-l1-1-0.dll
 0002:00003a58       .idata$6                   1001ea58     ucrt:api-ms-win-crt-runtime-l1-1-0.dll
 0002:00003a7a       .idata$6                   1001ea7a     ucrt:api-ms-win-crt-environment-l1-1-0.dll
 0002:00003aa0       .idata$6                   1001eaa0     ucrt:api-ms-win-crt-stdio-l1-1-0.dll
 0002:00003ac0       .idata$6                   1001eac0     ucrt:api-ms-win-crt-heap-l1-1-0.dll
 0002:00003ae0       .idata$6                   1001eae0     ucrt:api-ms-win-crt-utility-l1-1-0.dll
 0002:00003b02       .idata$6                   1001eb02     ucrt:api-ms-win-crt-string-l1-1-0.dll
 0003:00000024       _EQ_Num_48000              1001f024     graphiceq.obj
 0003:00000030       _EQ_Den_48000              1001f030     graphiceq.obj
 0003:00000038       _EQ_Num_96000              1001f038     graphiceq.obj
 0003:00000044       _EQ_Den_96000              1001f044     graphiceq.obj
 0003:0000004c       _EQ_Num_192000             1001f04c     graphiceq.obj
 0003:00000058       _EQ_Den_192000             1001f058     graphiceq.obj
 0003:00000060       _pole                      1001f060     hilbert.obj
 0003:00000090       __ISOband_info             1001f090     isoband.obj
 0003:00000350       _wpm                       1001f350     keyd.obj
 0003:00000354       _freq                      1001f354     keyd.obj
 0003:00000358       _ramp                      1001f358     keyd.obj
 0003:0000035c       _mid_element               1001f35c     keyd.obj
 0003:00000360       __white                    1001f360     splitfields.obj
 0003:00000368       _fast_atan_table           1001f368     fastrig1.obj
 0003:000007e0       ?buff@?1??fmt_tv@@9@9      1001f7e0     banal.obj
 0003:000008e0       __safemem_currcount        1001f8e0     bufvec.obj
 0003:000008ec       _EQ_Num                    1001f8ec     graphiceq.obj
 0003:000008f8       _EQ_Den                    1001f8f8     graphiceq.obj
 0003:00000909       _playing1                  1001f909     keyd.obj
 0003:0000090a       _playing                   1001f90a     keyd.obj
 0003:0000090b       _iambic                    1001f90b     keyd.obj
 0003:0000090c       _CS_CW                     1001f90c     keyd.obj
 0003:00000924       _UPDATE_OK                 1001f924     keyd.obj
 0003:0000093c       _cs_cw                     1001f93c     keyd.obj
 0003:00000940       _update_ok                 1001f940     keyd.obj
 0003:00000944       _bug                       1001f944     keyd.obj
 0003:00000945       _cw_ring_reset             1001f945     keyd.obj
 0003:00000946       _auto_space_char           1001f946     keyd.obj
 0003:00000948       _gain                      1001f948     keyd.obj
 0003:0000094c       ?keyerState@?1??klogic@@9@9 1001f94c     keyer.obj
 0003:00000950       ?last_element@?1??klogic@@9@9 1001f950     keyer.obj
 0003:00000954       ?ditmem@?1??klogic@@9@9    1001f954     keyer.obj
 0003:00000955       ?dahmem@?1??klogic@@9@9    1001f955     keyer.obj
 0003:00000956       ?squeezeStartedAfterCurrentElementStartedPlaying@?1??klogic@@9@9 1001f956     keyer.obj
 0003:00000957       ?squeezeStartedBeforeCurrentElementStartedPlaying@?1??klogic@@9@9 1001f957     keyer.obj
 0003:00000958       ?squeezeReleasedBeforeMidpointAndModeBStrict@?1??klogic@@9@9 1001f958     keyer.obj
 0003:00000959       ?afterflagdebug@?1??klogic@@9@9 1001f959     keyer.obj
 0003:00000960       ?keystate@?1??read_straight_key@@9@9 1001f960     keyerio.obj
 0003:00000964       ?debounce_buf_i@?1??read_straight_key@@9@9 1001f964     keyerio.obj
 0003:00000968       ?debounce_buf@?1??read_straight_key@@9@9 1001f968     keyerio.obj
 0003:000009e0       ?dah_debounce_buf@?1??read_iambic_key@@9@9 1001f9e0     keyerio.obj
 0003:00000a00       ?dit_debounce_buf@?1??read_iambic_key@@9@9 1001fa00     keyerio.obj
 0003:00000a20       ?dah@?1??read_iambic_key@@9@9 1001fa20     keyerio.obj
 0003:00000a24       ?debounce_buf_i@?1??read_iambic_key@@9@9 1001fa24     keyerio.obj
 0003:00000a28       ?dit@?1??read_iambic_key@@9@9 1001fa28     keyerio.obj
 0003:00000a34       _mic_avg                   1001fa34     sdr.obj
 0003:00000a38       _mic_pk                    1001fa38     sdr.obj
 0003:00000a3c       _alc_avg                   1001fa3c     sdr.obj
 0003:00000a40       _alc_pk                    1001fa40     sdr.obj
 0003:00000a44       _lev_avg                   1001fa44     sdr.obj
 0003:00000a48       _lev_pk                    1001fa48     sdr.obj
 0003:00000a4c       _eq_avg                    1001fa4c     sdr.obj
 0003:00000a50       _eq_pk                     1001fa50     sdr.obj
 0003:00000a54       _comp_avg                  1001fa54     sdr.obj
 0003:00000a58       _comp_pk                   1001fa58     sdr.obj
 0003:00000a5c       _cpdr_avg                  1001fa5c     sdr.obj
 0003:00000a60       _cpdr_pk                   1001fa60     sdr.obj
 0003:00000a64       _TABLE_FACTOR              1001fa64     fastrig1.obj
 0003:00000a68       _sinT                      1001fa68     fastrig1.obj
 0003:00000a6c       _cosT                      1001fa6c     fastrig1.obj
 0003:00000a70       ?__proc_attached@@3HA      1001fa70     MSVCRT:dll_dllmain.obj
 0003:00000aa0       ?is_initialized_as_dll@@3_NA 1001faa0     MSVCRT:utility.obj
 0003:00000aa1       ?module_local_atexit_table_initialized@@3_NA 1001faa1     MSVCRT:utility.obj
 0003:00000aa4       ?module_local_atexit_table@@3U_onexit_table_t@@A 1001faa4     MSVCRT:utility.obj
 0003:00000ab0       ?module_local_at_quick_exit_table@@3U_onexit_table_t@@A 1001fab0     MSVCRT:utility.obj
 0003:00000ac8       _GS_ExceptionRecord        1001fac8     MSVCRT:gs_report.obj
 0003:00000b18       _GS_ContextRecord          1001fb18     MSVCRT:gs_report.obj
 0004:000000a0       $R000000                   100520a0     DttSP.res
 0004:000003b8       $R000318                   100523b8     DttSP.res
