 DttSP

 Timestamp is 64cbcd57 (Thu Aug  3 10:52:55 2023)

 Preferred load address is 10000000

 Start         Length     Name                   Class
 0001:00000000 000652e3H .text$mn                CODE
 0001:000652e3 00000047H .text$x                 CODE
 0002:00000000 000001a8H .idata$5                DATA
 0002:000001a8 0000000cH .00cfg                  DATA
 0002:000001b4 00000004H .CRT$XCA                DATA
 0002:000001b8 00000004H .CRT$XCZ                DATA
 0002:000001bc 00000004H .CRT$XIA                DATA
 0002:000001c0 00000014H .CRT$XIC                DATA
 0002:000001d4 00000004H .CRT$XIZ                DATA
 0002:000001d8 00000004H .CRT$XPA                DATA
 0002:000001dc 00000008H .CRT$XPX                DATA
 0002:000001e4 00000004H .CRT$XPXA               DATA
 0002:000001e8 00000004H .CRT$XPZ                DATA
 0002:000001ec 00000004H .CRT$XTA                DATA
 0002:000001f0 00000010H .CRT$XTZ                DATA
 0002:000001f4 00000000H .gfids$y                DATA
 0002:00000200 00010bc0H .rdata                  DATA
 0002:00010dc0 00000040H .rdata$CastGuardVftablesA DATA
 0002:00010e00 00000040H .rdata$CastGuardVftablesC DATA
 0002:00010e40 000002a0H .rdata$r                DATA
 0002:000110e0 0000001cH .rdata$sxdata           DATA
 0002:000110fc 00000498H .rdata$voltmd           DATA
 0002:00011594 00000384H .rdata$zzzdbg           DATA
 0002:00011918 00000004H .rtc$IAA                DATA
 0002:0001191c 00000004H .rtc$IZZ                DATA
 0002:00011920 00000004H .rtc$TAA                DATA
 0002:00011924 00000004H .rtc$TZZ                DATA
 0002:00011928 00000bf8H .xdata$x                DATA
 0002:00012520 00001044H .edata                  DATA
 0002:00013564 00000050H .idata$2                DATA
 0002:000135b4 00000014H .idata$3                DATA
 0002:000135c8 000001a8H .idata$4                DATA
 0002:00013770 000007c8H .idata$6                DATA
 0003:00000000 000011d0H .data                   DATA
 0003:000011d0 00000058H .data$r                 DATA
 0003:00001228 000000b8H .data$rs                DATA
 0003:000012e0 0003eda8H .bss                    DATA
 0004:00000000 000000a0H .rsrc$01                DATA
 0004:000000a0 00000498H .rsrc$02                DATA

  Address         Publics by Value              Rva+Base       Lib:Object

 0000:00000000       ___AbsoluteZero            00000000     <absolute>
 0000:00000000       ___arm64x_extra_rfe_table  00000000     <absolute>
 0000:00000000       ___arm64x_extra_rfe_table_size 00000000     <absolute>
 0000:00000000       ___arm64x_native_entrypoint 00000000     <absolute>
 0000:00000000       ___arm64x_redirection_metadata 00000000     <absolute>
 0000:00000000       ___arm64x_redirection_metadata_count 00000000     <absolute>
 0000:00000000       ___dynamic_value_reloc_table 00000000     <absolute>
 0000:00000000       ___enclave_config          00000000     <absolute>
 0000:00000000       ___guard_check_icall_a64n_fptr 00000000     <absolute>
 0000:00000000       ___guard_eh_cont_count     00000000     <absolute>
 0000:00000000       ___guard_eh_cont_table     00000000     <absolute>
 0000:00000000       ___guard_fids_count        00000000     <absolute>
 0000:00000000       ___guard_fids_table        00000000     <absolute>
 0000:00000000       ___guard_iat_count         00000000     <absolute>
 0000:00000000       ___guard_iat_table         00000000     <absolute>
 0000:00000000       ___guard_longjmp_count     00000000     <absolute>
 0000:00000000       ___guard_longjmp_table     00000000     <absolute>
 0000:00000000       ___hybrid_auxiliary_delayload_iat 00000000     <absolute>
 0000:00000000       ___hybrid_auxiliary_delayload_iat_copy 00000000     <absolute>
 0000:00000000       ___hybrid_auxiliary_iat    00000000     <absolute>
 0000:00000000       ___hybrid_auxiliary_iat_copy 00000000     <absolute>
 0000:00000000       ___hybrid_code_map         00000000     <absolute>
 0000:00000000       ___hybrid_code_map_count   00000000     <absolute>
 0000:00000000       ___x64_code_ranges_to_entry_points 00000000     <absolute>
 0000:00000000       ___x64_code_ranges_to_entry_points_count 00000000     <absolute>
 0000:00000000       __except_list              00000000     <absolute>
 0000:00000007       ___safe_se_handler_count   00000007     <absolute>
 0000:00000100       ___guard_flags             00000100     <absolute>
 0000:00000000       ___ImageBase               10000000     <linker-defined>
 0001:00000000       _AMDemod                   10001000 f   am_demod.obj
 0001:000002e0       _newAMD                    100012e0 f   am_demod.obj
 0001:000003d0       _delAMD                    100013d0 f   am_demod.obj
 0001:00000400       _nilfunc                   10001400 f   banal.obj
 0001:00000410       _popcnt                    10001410 f   banal.obj
 0001:00000480       _npoof2                    10001480 f   banal.obj
 0001:000004a0       _nblock2                   100014a0 f   banal.obj
 0001:000004c0       _in_blocks                 100014c0 f   banal.obj
 0001:00000500       _efopen                    10001500 f   banal.obj
 0001:00000540       _efreopen                  10001540 f   banal.obj
 0001:00000580       _filesize                  10001580 f   banal.obj
 0001:000005c0       _fdsize                    100015c0 f   banal.obj
 0001:00000600       _now_tv                    10001600 f   banal.obj
 0001:00000650       _diff_tv                   10001650 f   banal.obj
 0001:00000690       _sum_tv                    10001690 f   banal.obj
 0001:000006c0       _fmt_tv                    100016c0 f   banal.obj
 0001:000006f0       _since                     100016f0 f   banal.obj
 0001:00000790       _hinterp_vec               10001790 f   banal.obj
 0001:00000830       _status_message            10001830 f   banal.obj
 0001:00000860       _find_rcfile               10001860 f   banal.obj
 0001:00000910       _hash                      10001910 f   banal.obj
 0001:00000940       _gcd                       10001940 f   banal.obj
 0001:00000960       _least_common_mul          10001960 f   banal.obj
 0001:000009d0       ___local_stdio_printf_options 100019d0 f i banal.obj
 0001:000009e0       __snprintf                 100019e0 f i banal.obj
 0001:00000a20       _fprintf                   10001a20 f i banal.obj
 0001:00000a50       _sprintf                   10001a50 f i banal.obj
 0001:00000a90       _sqr                       10001a90 f i banal.obj
 0001:00000aa0       _safealloc                 10001aa0 f   bufvec.obj
 0001:00000b00       _safefree                  10001b00 f   bufvec.obj
 0001:00000b20       _safememcurrcount          10001b20 f   bufvec.obj
 0001:00000b30       _safememreset              10001b30 f   bufvec.obj
 0001:00000b40       _newvec_REAL               10001b40 f   bufvec.obj
 0001:00000bb0       _newvec_REAL_16            10001bb0 f   bufvec.obj
 0001:00000c20       _delvec_REAL               10001c20 f   bufvec.obj
 0001:00000c40       _newvec_IMAG               10001c40 f   bufvec.obj
 0001:00000cb0       _delvec_IMAG               10001cb0 f   bufvec.obj
 0001:00000cd0       _newvec_COMPLEX            10001cd0 f   bufvec.obj
 0001:00000d40       _delvec_COMPLEX            10001d40 f   bufvec.obj
 0001:00000d60       _newvec_COMPLEX_16         10001d60 f   bufvec.obj
 0001:00000de0       _delvec_COMPLEX_16         10001de0 f   bufvec.obj
 0001:00000df0       _dump_REAL                 10001df0 f   bufvec.obj
 0001:00000e60       _dump_IMAG                 10001e60 f   bufvec.obj
 0001:00000ed0       _dump_CX                   10001ed0 f   bufvec.obj
 0001:00000f50       _newCXB                    10001f50 f   bufvec.obj
 0001:00001030       _delCXB                    10002030 f   bufvec.obj
 0001:00001060       _newRLB                    10002060 f   bufvec.obj
 0001:00001140       _delRLB                    10002140 f   bufvec.obj
 0001:00001170       _normalize_vec_REAL        10002170 f   bufvec.obj
 0001:000012a0       _normalize_vec_COMPLEX     100022a0 f   bufvec.obj
 0001:000013f0       _safealloc16               100023f0 f   bufvec.obj
 0001:00001460       _newCorrectIQ              10002460 f   correctIQ.obj
 0001:00001500       _delCorrectIQ              10002500 f   correctIQ.obj
 0001:00001530       _correctIQ                 10002530 f   correctIQ.obj
 0001:00001720       _newCWToneGen              10002720 f   cwtones.obj
 0001:000017c0       _delCWToneGen              100027c0 f   cwtones.obj
 0001:000017f0       _setCWToneGenVals          100027f0 f   cwtones.obj
 0001:00001820       _CWToneOn                  10002820 f   cwtones.obj
 0001:00001930       _CWToneOff                 10002930 f   cwtones.obj
 0001:00001940       _CWTone                    10002940 f   cwtones.obj
 0001:00001b90       _CWComplexOSC              10002b90 f   cwtones.obj
 0001:00001c80       _DCBlock                   10002c80 f   dcblock.obj
 0001:00002250       _resetDCBlocker            10003250 f   dcblock.obj
 0001:00002290       _newDCBlocker              10003290 f   dcblock.obj
 0001:000022f0       _delDCBlocker              100032f0 f   dcblock.obj
 0001:00002310       _DttSPAgc                  10003310 f   dttspagc.obj
 0001:00002630       _newDttSPAgc               10003630 f   dttspagc.obj
 0001:00002890       _delDttSPAgc               10003890 f   dttspagc.obj
 0001:000028c0       _DttSPAgc_flushbuf         100038c0 f   dttspagc.obj
 0001:000028f0       _new_IIR_LPF_2P            100038f0 f   filt2p2z.obj
 0001:00002960       _del_IIR_LPF_2P            10003960 f   filt2p2z.obj
 0001:00002980       _do_IIR_LPF_2P             10003980 f   filt2p2z.obj
 0001:00002a10       _new_IIR_BPF_2P            10003a10 f   filt2p2z.obj
 0001:00002a90       _del_IIR_BPF_2P            10003a90 f   filt2p2z.obj
 0001:00002ab0       _do_IIR_BPF_2P             10003ab0 f   filt2p2z.obj
 0001:00002b60       _new_IIR_HPF_2P            10003b60 f   filt2p2z.obj
 0001:00002bf0       _del_IIR_HPF_2P            10003bf0 f   filt2p2z.obj
 0001:00002c10       _do_IIR_HPF_2P             10003c10 f   filt2p2z.obj
 0001:00002ce0       _new_IIR_2P2Z              10003ce0 f   filt2p2z.obj
 0001:00003110       _del_IIR_2P2Z              10004110 f   filt2p2z.obj
 0001:00003130       _do_IIR_2P2Z               10004130 f   filt2p2z.obj
 0001:00003280       _new_IIR_1P1Z              10004280 f   filt2p2z.obj
 0001:00003350       _del_IIR_1P1Z              10004350 f   filt2p2z.obj
 0001:00003370       _do_IIR_1P1Z               10004370 f   filt2p2z.obj
 0001:000033d0       _newFIR_REAL               100043d0 f   filter.obj
 0001:00003420       _newFIR_COMPLEX            10004420 f   filter.obj
 0001:00003470       _delFIR_REAL               10004470 f   filter.obj
 0001:00003490       _delFIR_COMPLEX            10004490 f   filter.obj
 0001:000034b0       _newFIR_Lowpass_REAL       100044b0 f   filter.obj
 0001:00003620       _newFIR_Lowpass_COMPLEX    10004620 f   filter.obj
 0001:00003770       _newFIR_Bandpass_REAL      10004770 f   filter.obj
 0001:00003940       _newFIR_Bandpass_COMPLEX   10004940 f   filter.obj
 0001:00003b40       _newFIR_Highpass_REAL      10004b40 f   filter.obj
 0001:00003d80       _newFIR_Highpass_COMPLEX   10004d80 f   filter.obj
 0001:00003f30       _newFIR_Hilbert_REAL       10004f30 f   filter.obj
 0001:000040e0       _newFIR_Hilbert_COMPLEX    100050e0 f   filter.obj
 0001:000042b0       _newFIR_Bandstop_REAL      100052b0 f   filter.obj
 0001:00004560       _newFIR_Bandstop_COMPLEX   10005560 f   filter.obj
 0001:000047e0       _newFIRPFBChannelizer      100057e0 f   filterbank.obj
 0001:00004970       _newFIRHBPFBChannelizer    10005970 f   filterbank.obj
 0001:00004ad0       _delFIRDownsampler         10005ad0 f   filterbank.obj
 0001:00004b20       _doFIRPFBChannelizer       10005b20 f   filterbank.obj
 0001:00004c30       _newFIRPDownsampler        10005c30 f   filterbank.obj
 0001:00004e40       _newFIRPUpsampler          10005e40 f   filterbank.obj
 0001:00005050       _delFIRPB                  10006050 f   filterbank.obj
 0001:000050b0       _doFIRPFBUpsampler         100060b0 f   filterbank.obj
 0001:000051c0       _doFIRPFBdownsampler       100061c0 f   filterbank.obj
 0001:000052e0       _delFIRUpsample            100062e0 f   filterbank.obj
 0001:00005330       _FMDemod                   10006330 f   fm_demod.obj
 0001:00005760       _newFMD                    10006760 f   fm_demod.obj
 0001:00005ad0       _delFMD                    10006ad0 f   fm_demod.obj
 0001:00005b50       _new_EQ                    10006b50 f   graphiceq.obj
 0001:00005d20       _graphiceq                 10006d20 f   graphiceq.obj
 0001:000060a0       _delEQ                     100070a0 f   graphiceq.obj
 0001:000060d0       _newHilbert                100070d0 f   hilbert.obj
 0001:000063d0       _newHilbertsim             100073d0 f   hilbert.obj
 0001:00006440       _delHilbert                10007440 f   hilbert.obj
 0001:00006480       _delHilsim                 10007480 f   hilbert.obj
 0001:000064b0       _hilbert_transform         100074b0 f   hilbert.obj
 0001:000066d0       _hilsim_transform          100076d0 f   hilbert.obj
 0001:00006800       _ISOband_get_nominal       10007800 f   isoband.obj
 0001:00006840       _ISOband_get_exact         10007840 f   isoband.obj
 0001:00006880       _ISOband_get_low           10007880 f   isoband.obj
 0001:000068c0       _ISOband_get_high          100078c0 f   isoband.obj
 0001:00006900       _CWtoneExchange            10007900 f   keyd.obj
 0001:00006aa0       _send_tone                 10007aa0 f   keyd.obj
 0001:00006b70       _send_silence              10007b70 f   keyd.obj
 0001:00006c00       _timer_callback@20         10007c00 f   keyd.obj
 0001:00006c10       _sound_thread_keyd         10007c10 f   keyd.obj
 0001:00006dd0       _read_key                  10007dd0 f   keyd.obj
 0001:00006e80       _SetWhichKey               10007e80 f   keyd.obj
 0001:00006e90       _key_thread_process        10007e90 f   keyd.obj
 0001:00007010       _KeyerPlaying              10008010 f   keyd.obj
 0001:00007060       _SetKeyerBug               10008060 f   keyd.obj
 0001:000070d0       _SetKeyerSpeed             100080d0 f   keyd.obj
 0001:00007110       _SetKeyerWeight            10008110 f   keyd.obj
 0001:00007140       _SetKeyerIambic            10008140 f   keyd.obj
 0001:000071b0       _SetKeyerAutoSpace         100081b0 f   keyd.obj
 0001:000071e0       _SetKeyerModeBStrict       100081e0 f   keyd.obj
 0001:00007210       _SetKeyerFreq              10008210 f   keyd.obj
 0001:00007280       _SetKeyerHarmonicRemove    10008280 f   keyd.obj
 0001:000072d0       _SetKeyerGain              100082d0 f   keyd.obj
 0001:00007370       _SetKeyerRamp              10008370 f   keyd.obj
 0001:000073e0       _SetKeyerMode              100083e0 f   keyd.obj
 0001:00007450       _SetKeyerDeBounce          10008450 f   keyd.obj
 0001:00007480       _SetKeyerRevPdl            10008480 f   keyd.obj
 0001:000074b0       _NewKeyer                  100084b0 f   keyd.obj
 0001:00007670       _NewCriticalSection        10008670 f   keyd.obj
 0001:00007690       _DestroyCriticalSection    10008690 f   keyd.obj
 0001:000076a0       _CWRingRestart             100086a0 f   keyd.obj
 0001:000076b0       _StartKeyer                100086b0 f   keyd.obj
 0001:00007710       _StopKeyer                 10008710 f   keyd.obj
 0001:00007750       _KeyerRunning              10008750 f   keyd.obj
 0001:00007760       _DeleteKeyer               10008760 f   keyd.obj
 0001:00007850       _KeyerClockFireWait        10008850 f   keyd.obj
 0001:00007860       _KeyerClockFireRelease     10008860 f   keyd.obj
 0001:00007870       _KeyerStartedWait          10008870 f   keyd.obj
 0001:00007880       _KeyerStartedRelease       10008880 f   keyd.obj
 0001:00007890       _PollTimerWait             10008890 f   keyd.obj
 0001:000078a0       _PollTimerRelease          100088a0 f   keyd.obj
 0001:000078b0       _SetKeyerResetSize         100088b0 f   keyd.obj
 0001:000078d0       _SetKeyerSampleRate        100088d0 f   keyd.obj
 0001:00007960       _newKeyerState             10008960 f   keyer.obj
 0001:00007980       _delKeyerState             10008980 f   keyer.obj
 0001:00007990       _newKeyerLogic             10008990 f   keyer.obj
 0001:000079b0       _delKeyerLogic             100089b0 f   keyer.obj
 0001:000079c0       _klogic                    100089c0 f   keyer.obj
 0001:000082b0       _read_straight_key         100092b0 f   keyerio.obj
 0001:000083c0       _read_iambic_key           100093c0 f   keyerio.obj
 0001:00008520       _new_lmsr                  10009520 f   lmadf.obj
 0001:000085c0       _del_lmsr                  100095c0 f   lmadf.obj
 0001:000085f0       _lmsr_adapt                100095f0 f   lmadf.obj
 0001:000087f0       _new_blms                  100097f0 f   lmadf.obj
 0001:00008950       _blms_adapt                10009950 f   lmadf.obj
 0001:00008e10       _del_blms                  10009e10 f   lmadf.obj
 0001:00008ea0       _dump_filter               10009ea0 f   lmadf.obj
 0001:00008f10       _dump_delay                10009f10 f   lmadf.obj
 0001:00008f80       _malloc16Align             10009f80 f   malloc16.obj
 0001:00008fb0       _calloc16Align             10009fb0 f   malloc16.obj
 0001:00009000       _free16Align               1000a000 f   malloc16.obj
 0001:00009020       _new_noiseblanker          1000a020 f   noiseblanker.obj
 0001:00009090       _del_nb                    1000a090 f   noiseblanker.obj
 0001:000090b0       _noiseblanker              1000a0b0 f   noiseblanker.obj
 0001:00009550       _SDROMnoiseblanker         1000a550 f   noiseblanker.obj
 0001:00009680       _ComplexOSC                1000a680 f   oscillator.obj
 0001:00009730       _RealOSC                   1000a730 f   oscillator.obj
 0001:000097a0       _newOSC                    1000a7a0 f   oscillator.obj
 0001:00009820       _delOSC                    1000a820 f   oscillator.obj
 0001:00009860       _newFiltOvSv               1000a860 f   ovsv.obj
 0001:000099b0       _delFiltOvSv               1000a9b0 f   ovsv.obj
 0001:00009a00       _FiltOvSv_initpoint        1000aa00 f   ovsv.obj
 0001:00009a10       _FiltOvSv_initsize         1000aa10 f   ovsv.obj
 0001:00009a20       _FiltOvSv_fetchpoint       1000aa20 f   ovsv.obj
 0001:00009a30       _FiltOvSv_fetchsize        1000aa30 f   ovsv.obj
 0001:00009a40       _FiltOvSv_storepoint       1000aa40 f   ovsv.obj
 0001:00009a50       _FiltOvSv_storesize        1000aa50 f   ovsv.obj
 0001:00009a60       _filter_OvSv               1000aa60 f   ovsv.obj
 0001:00009c30       _reset_OvSv                1000ac30 f   ovsv.obj
 0001:00009c60       _newPolyPhaseFIR           1000ac60 f   resample.obj
 0001:00009d10       _PolyPhaseFIR              1000ad10 f   resample.obj
 0001:00009e40       _delPolyPhaseFIR           1000ae40 f   resample.obj
 0001:00009e70       _newPolyPhaseFIRF          1000ae70 f   resampleF.obj
 0001:00009f00       _PolyPhaseFIRF             1000af00 f   resampleF.obj
 0001:00009fe0       _delPolyPhaseFIRF          1000afe0 f   resampleF.obj
 0001:0000a010       _ringb_create_usemem       1000b010 f   ringb.obj
 0001:0000a040       _ringb_create              1000b040 f   ringb.obj
 0001:0000a090       _ringb_float_create        1000b090 f   ringb.obj
 0001:0000a0e0       _ringb_free                1000b0e0 f   ringb.obj
 0001:0000a100       _ringb_float_free          1000b100 f   ringb.obj
 0001:0000a120       _ringb_get_read_vector     1000b120 f   ringb.obj
 0001:0000a1b0       _ringb_get_write_vector    1000b1b0 f   ringb.obj
 0001:0000a260       _ringb_read                1000b260 f   ringb.obj
 0001:0000a330       _ringb_float_read          1000b330 f   ringb.obj
 0001:0000a400       _ringb_peek                1000b400 f   ringb.obj
 0001:0000a4c0       _ringb_read_advance        1000b4c0 f   ringb.obj
 0001:0000a4e0       _ringb_float_read_advance  1000b4e0 f   ringb.obj
 0001:0000a500       _ringb_read_space          1000b500 f   ringb.obj
 0001:0000a530       _ringb_float_read_space    1000b530 f   ringb.obj
 0001:0000a560       _ringb_reset               1000b560 f   ringb.obj
 0001:0000a580       _ringb_float_reset         1000b580 f   ringb.obj
 0001:0000a5a0       _ringb_write               1000b5a0 f   ringb.obj
 0001:0000a670       _ringb_float_write         1000b670 f   ringb.obj
 0001:0000a750       _ringb_write_advance       1000b750 f   ringb.obj
 0001:0000a770       _ringb_float_write_advance 1000b770 f   ringb.obj
 0001:0000a790       _ringb_write_space         1000b790 f   ringb.obj
 0001:0000a7c0       _ringb_float_write_space   1000b7c0 f   ringb.obj
 0001:0000a7f0       _ringb_clear               1000b7f0 f   ringb.obj
 0001:0000a8f0       _ringb_float_clear         1000b8f0 f   ringb.obj
 0001:0000aa00       _ringb_restart             1000ba00 f   ringb.obj
 0001:0000ab00       _ringb_float_restart       1000bb00 f   ringb.obj
 0001:0000ab20       _reset_meters              1000bb20 f   sdr.obj
 0001:0000abd0       _reset_spectrum            1000bbd0 f   sdr.obj
 0001:0000ac00       _reset_counters            1000bc00 f   sdr.obj
 0001:0000ac50       _setup_workspace           1000bc50 f   sdr.obj
 0001:0000ace0       _destroy_workspace         1000bce0 f   sdr.obj
 0001:0000af20       _dump_buf                  1000bf20 f   sdr.obj
 0001:0000b090       _process_samples           1000c090 f   sdr.obj
 0001:0000ec20       _init_spectrum             1000fc20 f   spectrum.obj
 0001:0000ed10       _reinit_spectrum           1000fd10 f   spectrum.obj
 0001:0000ed70       _snap_spectrum             1000fd70 f   spectrum.obj
 0001:0000f0d0       _snap_scope                100100d0 f   spectrum.obj
 0001:0000f130       _compute_spectrum          10010130 f   spectrum.obj
 0001:0000f390       _compute_complex_spectrum  10010390 f   spectrum.obj
 0001:0000f410       _finish_spectrum           10010410 f   spectrum.obj
 0001:0000f480       _newSpeechProc             10010480 f   speechproc.obj
 0001:0000f540       _delSpeechProc             10010540 f   speechproc.obj
 0001:0000f570       _SpeechProcessor           10010570 f   speechproc.obj
 0001:0000f800       _F                         10010800 f   splitfields.obj
 0001:0000f810       _Fptr                      10010810 f   splitfields.obj
 0001:0000f820       _NF                        10010820 f   splitfields.obj
 0001:0000f830       _splitonto                 10010830 f   splitfields.obj
 0001:0000f880       _spliton                   10010880 f   splitfields.obj
 0001:0000f8e0       _split                     100108e0 f   splitfields.obj
 0001:0000f940       _newSPLIT                  10010940 f   splitfields.obj
 0001:0000f960       _delSPLIT                  10010960 f   splitfields.obj
 0001:0000f980       _newSpotToneGen            10010980 f   spottone.obj
 0001:0000fa20       _delSpotToneGen            10010a20 f   spottone.obj
 0001:0000fa50       _setSpotToneGenVals        10010a50 f   spottone.obj
 0001:0000fa80       _SpotToneOn                10010a80 f   spottone.obj
 0001:0000fba0       _SpotToneOff               10010ba0 f   spottone.obj
 0001:0000fbb0       _SpotTone                  10010bb0 f   spottone.obj
 0001:0000fd00       _Setup_SDR                 10010d00 f   update.obj
 0001:0000fd10       _Destroy_SDR               10010d10 f   update.obj
 0001:0000fd20       _SetThreadNo               10010d20 f   update.obj
 0001:0000fd80       _SetThreadCom              10010d80 f   update.obj
 0001:0000fdd0       _SetSwchFlag               10010dd0 f   update.obj
 0001:0000fe00       _SetSwchRiseThresh         10010e00 f   update.obj
 0001:0000fe40       _SetThreadProcessingMode   10010e40 f   update.obj
 0001:0000fef0       _SetMode                   10010ef0 f   update.obj
 0001:0000ffc0       _AudioReset                10010fc0 f   update.obj
 0001:0000ffd0       _SetRXManualNotchEnable    10010fd0 f   update.obj
 0001:00010020       _SetRXManualNotchBW        10011020 f   update.obj
 0001:00010070       _SetRXManualNotchFreq      10011070 f   update.obj
 0001:000101c0       _SetRXDCBlock              100111c0 f   update.obj
 0001:00010210       _SetRXDCBlockGain          10011210 f   update.obj
 0001:00010260       _SetTXDCBlock              10011260 f   update.obj
 0001:000102a0       _SetTXFMDeviation          100112a0 f   update.obj
 0001:00010330       _SetTXFMDataMode           10011330 f   update.obj
 0001:00010370       _SetHiResPan               10011370 f   update.obj
 0001:000103b0       _SetRXFMDeviation          100113b0 f   update.obj
 0001:00010460       _SetCTCSSFreq              10011460 f   update.obj
 0001:000104d0       _SetCTCSSFlag              100114d0 f   update.obj
 0001:00010510       _SetFMSquelchThreshold     10011510 f   update.obj
 0001:00010580       _SetTXFilter               10011580 f   update.obj
 0001:00010750       _SetRXFilter               10011750 f   update.obj
 0001:00010920       _Release_Update            10011920 f   update.obj
 0001:00010950       _SetRXOutputGain           10011950 f   update.obj
 0001:000109a0       _SetOscPhase               100119a0 f   update.obj
 0001:00010a30       _SetRXOsc                  10011a30 f   update.obj
 0001:00010ad0       _SetTXOsc                  10011ad0 f   update.obj
 0001:00010b70       _SetSampleRate             10011b70 f   update.obj
 0001:00010c20       _SetNR                     10011c20 f   update.obj
 0001:00010c80       _SetNRvals                 10011c80 f   update.obj
 0001:00010d20       _SetTXCompandSt            10011d20 f   update.obj
 0001:00010d60       _SetTXCompand              10011d60 f   update.obj
 0001:00010db0       _SetTXSquelchSt            10011db0 f   update.obj
 0001:00010df0       _SetTXSquelchVal           10011df0 f   update.obj
 0001:00010e30       _SetTXSquelchAtt           10011e30 f   update.obj
 0001:00010e70       _SetANF                    10011e70 f   update.obj
 0001:00010ed0       _SetANFvals                10011ed0 f   update.obj
 0001:00010f70       _SetNB                     10011f70 f   update.obj
 0001:00010fb0       _SetNBvals                 10011fb0 f   update.obj
 0001:00011020       _SetSDROM                  10012020 f   update.obj
 0001:00011060       _SetSDROMvals              10012060 f   update.obj
 0001:000110b0       _SetBIN                    100120b0 f   update.obj
 0001:000110f0       _SetRXAGC                  100120f0 f   update.obj
 0001:000113e0       _SetRXAGCAttack            100123e0 f   update.obj
 0001:00011500       _SetRXAGCDecay             10012500 f   update.obj
 0001:000115b0       _SetRXAGCHang              100125b0 f   update.obj
 0001:00011610       _SetRXAGCSlope             10012610 f   update.obj
 0001:00011680       _SetRXAGCHangThreshold     10012680 f   update.obj
 0001:000116e0       _SetTXALCAttack            100126e0 f   update.obj
 0001:00011800       _SetTXAMCarrierLevel       10012800 f   update.obj
 0001:00011840       _SetTXALCDecay             10012840 f   update.obj
 0001:000118f0       _SetTXALCBot               100128f0 f   update.obj
 0001:00011950       _SetTXALCHang              10012950 f   update.obj
 0001:000119b0       _SetTXLevelerSt            100129b0 f   update.obj
 0001:000119f0       _SetTXLevelerAttack        100129f0 f   update.obj
 0001:00011b10       _SetTXLevelerDecay         10012b10 f   update.obj
 0001:00011bc0       _SetTXLevelerHang          10012bc0 f   update.obj
 0001:00011c10       _SetTXLevelerTop           10012c10 f   update.obj
 0001:00011c80       _SetFixedAGC               10012c80 f   update.obj
 0001:00011cf0       _SetRXAGCTop               10012cf0 f   update.obj
 0001:00011d70       _GetSAMPLLvals             10012d70 f   update.obj
 0001:00011dd0       _SetSAMPLLvals             10012dd0 f   update.obj
 0001:00011e30       _GetSAMFreq                10012e30 f   update.obj
 0001:00011e80       _GetFMSquelchBreak         10012e80 f   update.obj
 0001:00011ed0       _SetCorrectIQ              10012ed0 f   update.obj
 0001:00011f50       _SetCorrectIQGain          10012f50 f   update.obj
 0001:00011fb0       _SetCorrectIQPhase         10012fb0 f   update.obj
 0001:00012000       _SetCorrectIQEnable        10013000 f   update.obj
 0001:00012030       _SetCorrectRXIQMu          10013030 f   update.obj
 0001:00012080       _SetCorrectWBIRState       10013080 f   update.obj
 0001:000120c0       _GetCorrectRXIQMu          100130c0 f   update.obj
 0001:000120e0       _SetCorrectRXIQw           100130e0 f   update.obj
 0001:00012160       _GetCorrectRXIQw           10013160 f   update.obj
 0001:000121c0       _SetCorrectRXIQwReal       100131c0 f   update.obj
 0001:00012210       _SetCorrectRXIQwImag       10013210 f   update.obj
 0001:00012260       _SetCorrectTXIQ            10013260 f   update.obj
 0001:000122d0       _SetCorrectTXIQGain        100132d0 f   update.obj
 0001:00012330       _SetCorrectTXIQPhase       10013330 f   update.obj
 0001:00012380       _SetCorrectTXIQMu          10013380 f   update.obj
 0001:000123d0       _SetCorrectTXIQW           100133d0 f   update.obj
 0001:00012430       _SetPWSmode                10013430 f   update.obj
 0001:00012510       _SetWindow                 10013510 f   update.obj
 0001:00012570       _SetSpectrumPolyphase      10013570 f   update.obj
 0001:00012700       _SetGrphTXEQ               10013700 f   update.obj
 0001:00012dd0       _SetGrphTXEQ10             10013dd0 f   update.obj
 0001:000131b0       _SetGrphTXEQ28             100141b0 f   update.obj
 0001:00013580       _SetGrphTXEQ37             10014580 f   update.obj
 0001:00013ad0       _SetGrphTXPEQ              10014ad0 f   update.obj
 0001:00013eb0       _SetGrphTXEQcmd            10014eb0 f   update.obj
 0001:00013ef0       _SetNotch160               10014ef0 f   update.obj
 0001:00013f00       _SetGrphRXEQ               10014f00 f   update.obj
 0001:000145d0       _SetGrphRXEQ10             100155d0 f   update.obj
 0001:000149b0       _SetGrphRXEQcmd            100159b0 f   update.obj
 0001:000149f0       _SetTXAGCFF                100159f0 f   update.obj
 0001:00014a30       _SetTXAGCFFCompression     10015a30 f   update.obj
 0001:00014ad0       _SetSquelchVal             10015ad0 f   update.obj
 0001:00014b20       _SetSquelchState           10015b20 f   update.obj
 0001:00014b60       _SetTRX                    10015b60 f   update.obj
 0001:00014ba0       _FlushAllBufs              10015ba0 f   update.obj
 0001:00014cc0       _SetDSPBuflen              10015cc0 f   update.obj
 0001:00014d10       _SetAudioSize              10015d10 f   update.obj
 0001:00014dd0       _SetTXAGCCompression       10015dd0 f   update.obj
 0001:00014de0       _Process_ComplexSpectrum   10015de0 f   update.obj
 0001:00014e40       _Process_Spectrum          10015e40 f   update.obj
 0001:00014ea0       _Process_Panadapter        10015ea0 f   update.obj
 0001:00014f20       _Process_Phase             10015f20 f   update.obj
 0001:00014fc0       _Process_Scope             10015fc0 f   update.obj
 0001:000150a0       _SetRingBufferOffset       100160a0 f   update.obj
 0001:000150e0       _CalculateRXMeter          100160e0 f   update.obj
 0001:000151d0       _CalculateTXMeter          100161d0 f   update.obj
 0001:00015350       _NewResampler              10016350 f   update.obj
 0001:00015380       _DoResampler               10016380 f   update.obj
 0001:000153b0       _DelPolyPhaseFIR           100163b0 f   update.obj
 0001:000153c0       _NewResamplerF             100163c0 f   update.obj
 0001:000153f0       _DoResamplerF              100163f0 f   update.obj
 0001:00015420       _DelPolyPhaseFIRF          10016420 f   update.obj
 0001:00015430       _SetSubRXSt                10016430 f   update.obj
 0001:00015510       _SetRXPan                  10016510 f   update.obj
 0001:00015600       _SetDiversity              10016600 f   update.obj
 0001:00015650       _SetDiversityScalar        10016650 f   update.obj
 0001:00015690       _SetDiversityGain          10016690 f   update.obj
 0001:000156c0       _makewindow                100166c0 f   window.obj
 0001:00015e70       _Audio_Callback            10016e70 f   winmain.obj
 0001:00016030       _Audio_Callback2           10017030 f   winmain.obj
 0001:000163d0       _process_samples_thread    100173d0 f   winmain.obj
 0001:000165e0       _closeup                   100175e0 f   winmain.obj
 0001:00016680       _setup                     10017680 f   winmain.obj
 0001:00016ad0       _reset_for_buflen          10017ad0 f   winmain.obj
 0001:00016ba0       _reset_for_samplerate      10017ba0 f   winmain.obj
 0001:00017200       _WSCompand                 10018200 f   wscompand.obj
 0001:00017320       _WSCReset                  10018320 f   wscompand.obj
 0001:000173f0       _newWSCompander            100183f0 f   wscompand.obj
 0001:00017510       _delWSCompander            10018510 f   wscompand.obj
 0001:00017540       _InitSPEEDTRIG             10018540 f   fastrig1.obj
 0001:000175b0       _fast_sin                  100185b0 f   fastrig1.obj
 0001:00017630       _fast_cos                  10018630 f   fastrig1.obj
 0001:000176b0       _fast_atan2                100186b0 f   fastrig1.obj
 0001:00017810       _phasemod                  10018810 f   fastrig1.obj
 0001:00017863       _timeSetEvent@20           10018863 f   winMM:WINMM.dll
 0001:00017869       _timeKillEvent@4           10018869 f   winMM:WINMM.dll
 0001:0001786f       _fftwf_execute             1001886f f   libfftw3f-3:libfftw3f-3.dll
 0001:00017875       _fftwf_plan_dft_1d         10018875 f   libfftw3f-3:libfftw3f-3.dll
 0001:0001787b       _fftwf_destroy_plan        1001887b f   libfftw3f-3:libfftw3f-3.dll
 0001:00017881       _fftwf_import_wisdom_from_string 10018881 f   libfftw3f-3:libfftw3f-3.dll
 0001:00017887       _sem_init                  10018887 f   pthreadVC:pthreadVC.dll
 0001:0001788d       _sem_destroy               1001888d f   pthreadVC:pthreadVC.dll
 0001:00017893       _sem_wait                  10018893 f   pthreadVC:pthreadVC.dll
 0001:00017899       _sem_post                  10018899 f   pthreadVC:pthreadVC.dll
 0001:0001789f       @__security_check_cookie@4 1001889f f   LIBCMT:secchk.obj
 0001:000178b0       __alldiv                   100188b0 f   LIBCMT:lldiv.obj
 0001:00017960       __alloca_probe             10018960 f   LIBCMT:chkstk.obj
 0001:00017960       __chkstk                   10018960 f   LIBCMT:chkstk.obj
 0001:00017990       __ftoui3                   10018990 f   LIBCMT:ftol3.obj
 0001:000179e0       __ftoul3                   100189e0 f   LIBCMT:ftol3.obj
 0001:00017a50       __ftoul3_legacy            10018a50 f   LIBCMT:ftol3.obj
 0001:00017a80       __ftol3                    10018a80 f   LIBCMT:ftol3.obj
 0001:00017af0       __dtoui3                   10018af0 f   LIBCMT:ftol3.obj
 0001:00017b70       __dtoul3                   10018b70 f   LIBCMT:ftol3.obj
 0001:00017c20       __dtoul3_legacy            10018c20 f   LIBCMT:ftol3.obj
 0001:00017c50       __dtol3                    10018c50 f   LIBCMT:ftol3.obj
 0001:00017d00       __ultod3                   10018d00 f   LIBCMT:ftol3.obj
 0001:00017d50       __ltod3                    10018d50 f   LIBCMT:ftol3.obj
 0001:00017da0       __ultof3                   10018da0 f   LIBCMT:ftol3.obj
 0001:00017e20       __ltof3                    10018e20 f   LIBCMT:ftol3.obj
 0001:000181a6       __CRT_INIT@12              100191a6 f   LIBCMT:dll_dllmain.obj
 0001:000181af       __DllMainCRTStartup@12     100191af f   LIBCMT:dll_dllmain.obj
 0001:000181d2       ___raise_securityfailure   100191d2 f   LIBCMT:gs_report.obj
 0001:000181fa       ___report_gsfailure        100191fa f   LIBCMT:gs_report.obj
 0001:000182f4       ___report_rangecheckfailure 100192f4 f   LIBCMT:gs_report.obj
 0001:00018300       ___report_securityfailure  10019300 f   LIBCMT:gs_report.obj
 0001:000183cf       ___report_securityfailureEx 100193cf f   LIBCMT:gs_report.obj
 0001:000184e4       ___isa_available_init      100194e4 f   LIBCMT:cpu_disp.obj
 0001:00018705       ___security_init_cookie    10019705 f   LIBCMT:gs_support.obj
 0001:00018750       _DllMain@12                10019750 f   LIBCMT:dll_dllmain_stub.obj
 0001:00018756       ?__scrt_initialize_type_info@@YAXXZ 10019756 f   LIBCMT:tncleanup.obj
 0001:00018762       ?__scrt_uninitialize_type_info@@YAXXZ 10019762 f   LIBCMT:tncleanup.obj
 0001:0001876e       ___local_stdio_scanf_options 1001976e f i LIBCMT:default_local_stdio_options.obj
 0001:00018774       ___scrt_initialize_default_local_stdio_options 10019774 f   LIBCMT:default_local_stdio_options.obj
 0001:00018791       ?configure_argv@__scrt_narrow_argv_policy@@SAHXZ 10019791 f i LIBCMT:utility.obj
 0001:000187e2       ?initialize_environment@__scrt_narrow_environment_policy@@SAHXZ 100197e2 f i LIBCMT:utility.obj
 0001:0001881a       _NtCurrentTeb              1001981a f i LIBCMT:utility.obj
 0001:00018821       ___scrt_acquire_startup_lock 10019821 f   LIBCMT:utility.obj
 0001:00018853       ___scrt_dllmain_after_initialize_c 10019853 f   LIBCMT:utility.obj
 0001:0001887e       ___scrt_dllmain_before_initialize_c 1001987e f   LIBCMT:utility.obj
 0001:0001888c       ___scrt_dllmain_crt_thread_attach 1001988c f   LIBCMT:utility.obj
 0001:000188ab       ___scrt_dllmain_crt_thread_detach 100198ab f   LIBCMT:utility.obj
 0001:000188b8       ___scrt_dllmain_exception_filter 100198b8 f   LIBCMT:utility.obj
 0001:000188ec       ___scrt_dllmain_uninitialize_c 100198ec f   LIBCMT:utility.obj
 0001:0001890f       ___scrt_dllmain_uninitialize_critical 1001990f f   LIBCMT:utility.obj
 0001:0001891c       ___scrt_initialize_crt     1001991c f   LIBCMT:utility.obj
 0001:00018955       ___scrt_initialize_onexit_tables 10019955 f   LIBCMT:utility.obj
 0001:000189dc       ___scrt_is_nonwritable_in_current_image 100199dc f   LIBCMT:utility.obj
 0001:00018a70       ___scrt_release_startup_lock 10019a70 f   LIBCMT:utility.obj
 0001:00018a8d       ___scrt_uninitialize_crt   10019a8d f   LIBCMT:utility.obj
 0001:00018ab5       __onexit                   10019ab5 f   LIBCMT:utility.obj
 0001:00018ae2       _at_quick_exit             10019ae2 f   LIBCMT:utility.obj
 0001:00018b05       _atexit                    10019b05 f   LIBCMT:utility.obj
 0001:00018b1a       ___scrt_get_dyn_tls_init_callback 10019b1a f   LIBCMT:dyn_tls_init.obj
 0001:00018b20       ___scrt_fastfail           10019b20 f   LIBCMT:utility_desktop.obj
 0001:00018c3b       ___scrt_get_show_window_mode 10019c3b f   LIBCMT:utility_desktop.obj
 0001:00018c6c       ___scrt_initialize_mta     10019c6c f   LIBCMT:utility_desktop.obj
 0001:00018c71       ___scrt_initialize_winrt   10019c71 f   LIBCMT:utility_desktop.obj
 0001:00018c74       ___scrt_is_managed_app     10019c74 f   LIBCMT:utility_desktop.obj
 0001:00018cb6       ___scrt_set_unhandled_exception_filter 10019cb6 f   LIBCMT:utility_desktop.obj
 0001:00018cc2       ___scrt_exe_initialize_mta 10019cc2 f   LIBCMT:utility_desktop.obj
 0001:00018cc2       ___scrt_stub_for_initialize_mta 10019cc2 f   LIBCMT:utility_desktop.obj
 0001:00018cc5       ___scrt_unhandled_exception_filter@4 10019cc5 f   LIBCMT:utility_desktop.obj
 0001:00018d1b       __crt_debugger_hook        10019d1b f   LIBCMT:utility_desktop.obj
 0001:00018d23       __RTC_Initialize           10019d23 f   LIBCMT:initsect.obj
 0001:00018d4f       __RTC_Terminate            10019d4f f   LIBCMT:initsect.obj
 0001:00018d80       __SEH_prolog4              10019d80 f   LIBCMT:sehprolg4.obj
 0001:00018dd0       __SEH_epilog4              10019dd0 f   LIBCMT:sehprolg4.obj
 0001:00018de4       @_guard_check_icall_nop@4  10019de4 f i LIBCMT:guard_support.obj
 0001:00018de7       _ReadNoFence               10019de7 f i LIBCMT:guard_support.obj
 0001:00018df1       _ReadPointerNoFence        10019df1 f i LIBCMT:guard_support.obj
 0001:00018dfb       __InlineInterlockedExchangePointer 10019dfb f i LIBCMT:guard_support.obj
 0001:00018e08       ___castguard_check_failure_debugbreak 10019e08 f i LIBCMT:guard_support.obj
 0001:00018e23       ___castguard_check_failure_fastfail 10019e23 f i LIBCMT:guard_support.obj
 0001:00018e42       ___castguard_check_failure_nop 10019e42 f i LIBCMT:guard_support.obj
 0001:00018e45       ___castguard_check_failure_os_handled 10019e45 f i LIBCMT:guard_support.obj
 0001:00018e86       ___castguard_check_failure_user_handled 10019e86 f i LIBCMT:guard_support.obj
 0001:00018ef4       ___castguard_set_user_handler 10019ef4 f i LIBCMT:guard_support.obj
 0001:00018f03       ___castguard_slow_path_check_debugbreak 10019f03 f i LIBCMT:guard_support.obj
 0001:00018f30       ___castguard_slow_path_check_fastfail 10019f30 f i LIBCMT:guard_support.obj
 0001:00018f61       ___castguard_slow_path_check_nop 10019f61 f i LIBCMT:guard_support.obj
 0001:00018f64       ___castguard_slow_path_check_os_handled 10019f64 f i LIBCMT:guard_support.obj
 0001:00018fa5       ___castguard_slow_path_check_user_handled 10019fa5 f i LIBCMT:guard_support.obj
 0001:00019006       __guard_icall_checks_enforced 1001a006 f i LIBCMT:guard_support.obj
 0001:00019018       __get_startup_argv_mode    1001a018 f   LIBCMT:argv_mode.obj
 0001:0001901c       ___scrt_is_ucrt_dll_in_use 1001a01c f   LIBCMT:ucrt_detection.obj
 0001:00019028       _GetSystemTimeAsFileTime@4 1001a028 f   kernel32:KERNEL32.dll
 0001:0001902e       _EnterCriticalSection@4    1001a02e f   kernel32:KERNEL32.dll
 0001:00019034       _LeaveCriticalSection@4    1001a034 f   kernel32:KERNEL32.dll
 0001:0001903a       _InitializeCriticalSectionAndSpinCount@8 1001a03a f   kernel32:KERNEL32.dll
 0001:00019040       _DeleteCriticalSection@4   1001a040 f   kernel32:KERNEL32.dll
 0001:00019046       _Sleep@4                   1001a046 f   kernel32:KERNEL32.dll
 0001:0001904c       _GetCurrentThreadId@0      1001a04c f   kernel32:KERNEL32.dll
 0001:00019052       _UnhandledExceptionFilter@4 1001a052 f   kernel32:KERNEL32.dll
 0001:00019058       _SetUnhandledExceptionFilter@4 1001a058 f   kernel32:KERNEL32.dll
 0001:0001905e       _GetCurrentProcess@0       1001a05e f   kernel32:KERNEL32.dll
 0001:00019064       _TerminateProcess@8        1001a064 f   kernel32:KERNEL32.dll
 0001:0001906a       _IsProcessorFeaturePresent@4 1001a06a f   kernel32:KERNEL32.dll
 0001:00019070       _QueryPerformanceCounter@4 1001a070 f   kernel32:KERNEL32.dll
 0001:00019076       _GetCurrentProcessId@0     1001a076 f   kernel32:KERNEL32.dll
 0001:0001907c       _InitializeSListHead@4     1001a07c f   kernel32:KERNEL32.dll
 0001:00019082       _IsDebuggerPresent@0       1001a082 f   kernel32:KERNEL32.dll
 0001:00019088       _GetStartupInfoW@4         1001a088 f   kernel32:KERNEL32.dll
 0001:0001908e       _GetModuleHandleW@4        1001a08e f   kernel32:KERNEL32.dll
 0001:000190a0       _memset                    1001a0a0 f   libvcruntime:memset.obj
 0001:00019200       _memcpy                    1001a200 f   libvcruntime:memcpy.obj
 0001:000197c0       __except_handler4          1001a7c0 f   libvcruntime:chandler4.obj
 0001:0001992c       ??$?RD@__crt_internal_free_policy@@QBEXQBD@Z 1001a92c f i libvcruntime:std_type_info.obj
 0001:0001993c       ??$?RX@__crt_internal_free_policy@@QBEXQBX@Z 1001a93c f i libvcruntime:std_type_info.obj
 0001:0001994c       ??$__crt_interlocked_compare_exchange_pointer@$$CBDPAD$$T@@YAPBDPDSBDQAD$$T@Z 1001a94c f i libvcruntime:std_type_info.obj
 0001:0001995e       ??$__crt_interlocked_read_pointer@$$CBD@@YAPBDPDSBD@Z 1001a95e f i libvcruntime:std_type_info.obj
 0001:00019969       ??0?$__crt_unique_heap_ptr@DU__crt_internal_free_policy@@@@QAE@QAD@Z 1001a969 f i libvcruntime:std_type_info.obj
 0001:00019977       ??0?$__crt_unique_heap_ptr@XU__crt_internal_free_policy@@@@QAE@QAX@Z 1001a977 f i libvcruntime:std_type_info.obj
 0001:00019985       ??1?$__crt_unique_heap_ptr@DU__crt_internal_free_policy@@@@QAE@XZ 1001a985 f i libvcruntime:std_type_info.obj
 0001:00019995       ??1?$__crt_unique_heap_ptr@XU__crt_internal_free_policy@@@@QAE@XZ 1001a995 f i libvcruntime:std_type_info.obj
 0001:000199a5       ??B?$__crt_unique_heap_ptr@DU__crt_internal_free_policy@@@@QBE_NXZ 1001a9a5 f i libvcruntime:std_type_info.obj
 0001:000199ac       ??B?$__crt_unique_heap_ptr@XU__crt_internal_free_policy@@@@QBE_NXZ 1001a9ac f i libvcruntime:std_type_info.obj
 0001:000199d3       ?__crt_interlocked_read_32@@YAHPDH@Z 1001a9d3 f i libvcruntime:std_type_info.obj
 0001:000199de       ?detach@?$__crt_unique_heap_ptr@XU__crt_internal_free_policy@@@@QAEPAXXZ 1001a9de f i libvcruntime:std_type_info.obj
 0001:000199e4       ?get@?$__crt_unique_heap_ptr@DU__crt_internal_free_policy@@@@QBEPADXZ 1001a9e4 f i libvcruntime:std_type_info.obj
 0001:000199e7       ?get@?$__crt_unique_heap_ptr@XU__crt_internal_free_policy@@@@QBEPAXXZ 1001a9e7 f i libvcruntime:std_type_info.obj
 0001:000199ea       ?is_valid@?$__crt_unique_heap_ptr@DU__crt_internal_free_policy@@@@QBE_NXZ 1001a9ea f i libvcruntime:std_type_info.obj
 0001:000199f1       ?is_valid@?$__crt_unique_heap_ptr@XU__crt_internal_free_policy@@@@QBE_NXZ 1001a9f1 f i libvcruntime:std_type_info.obj
 0001:000199f8       ?release@?$__crt_unique_heap_ptr@DU__crt_internal_free_policy@@@@QAEXXZ 1001a9f8 f i libvcruntime:std_type_info.obj
 0001:00019a08       ?release@?$__crt_unique_heap_ptr@XU__crt_internal_free_policy@@@@QAEXXZ 1001aa08 f i libvcruntime:std_type_info.obj
 0001:00019a18       ___std_type_info_compare   1001aa18 f   libvcruntime:std_type_info.obj
 0001:00019a54       ___std_type_info_destroy_list 1001aa54 f   libvcruntime:std_type_info.obj
 0001:00019a77       ___std_type_info_hash      1001aa77 f   libvcruntime:std_type_info.obj
 0001:00019a9d       ___std_type_info_name      1001aa9d f   libvcruntime:std_type_info.obj
 0001:00019b63       ___vcrt_initialize         1001ab63 f   libvcruntime:initialization.obj
 0001:00019b82       ___vcrt_thread_attach      1001ab82 f   libvcruntime:initialization.obj
 0001:00019b8d       ___vcrt_thread_detach      1001ab8d f   libvcruntime:initialization.obj
 0001:00019b98       ___vcrt_uninitialize       1001ab98 f   libvcruntime:initialization.obj
 0001:00019baf       ___vcrt_uninitialize_critical 1001abaf f   libvcruntime:initialization.obj
 0001:00019bba       ___DestructExceptionObject 1001abba f   libvcruntime:ehhelpers.obj
 0001:00019c5b       ?_CallMemberFunction0@@YGXQAX0@Z 1001ac5b f i libvcruntime:ehhelpers.obj
 0001:00019cc0       ?raw_name@type_info@@QBEPBDXZ 1001acc0 f i libvcruntime:ehhelpers.obj
 0001:00019cc4       __IsExceptionObjectToBeDestroyed 1001acc4 f   libvcruntime:ehhelpers.obj
 0001:00019cea       __SetWinRTOutOfMemoryExceptionCallback 1001acea f   libvcruntime:ehhelpers.obj
 0001:00019cf7       ___AdjustPointer           1001acf7 f   libvcruntime:ehhelpers.obj
 0001:00019d1c       ___FrameUnwindFilter       1001ad1c f   libvcruntime:ehhelpers.obj
 0001:00019d72       ___GetPlatformExceptionInfo 1001ad72 f   libvcruntime:ehhelpers.obj
 0001:00019dbe       ___current_exception       1001adbe f   libvcruntime:ehhelpers.obj
 0001:00019dc7       ___current_exception_context 1001adc7 f   libvcruntime:ehhelpers.obj
 0001:00019dd0       ___processing_throw        1001add0 f   libvcruntime:ehhelpers.obj
 0001:00019dd9       ___std_terminate           1001add9 f   libvcruntime:ehhelpers.obj
 0001:00019dde       __is_exception_typeof      1001adde f   libvcruntime:ehhelpers.obj
 0001:00019e90       __local_unwind4            1001ae90 f   libvcruntime:exsup4.obj
 0001:00019f80       __seh_longjmp_unwind4@4    1001af80 f   libvcruntime:exsup4.obj
 0001:00019fb0       @_EH4_CallFilterFunc@8     1001afb0 f   libvcruntime:exsup4.obj
 0001:00019fd0       @_EH4_TransferToHandler@8  1001afd0 f   libvcruntime:exsup4.obj
 0001:00019ff0       @_EH4_GlobalUnwind2@8      1001aff0 f   libvcruntime:exsup4.obj
 0001:0001a010       @_EH4_LocalUnwind@16       1001b010 f   libvcruntime:exsup4.obj
 0001:0001a032       ___except_validate_context_record 1001b032 f   libvcruntime:jbcxrval.obj
 0001:0001a062       ___except_validate_jump_buffer 1001b062 f   libvcruntime:jbcxrval.obj
 0001:0001a08f       ___except_validate_jump_buffer_common 1001b08f f i libvcruntime:jbcxrval.obj
 0001:0001a0c8       ??$?0$00@DName@@QAE@PBDU?$StringLifeSelector@$00@@@Z 1001b0c8 f i libvcruntime:undname.obj
 0001:0001a0fb       ??$?0$00@pcharNode@@QAE@PBDHU?$StringLifeSelector@$00@@@Z 1001b0fb f i libvcruntime:undname.obj
 0001:0001a116       ??$?0$01@DName@@QAE@PBDU?$StringLifeSelector@$01@@@Z 1001b116 f i libvcruntime:undname.obj
 0001:0001a149       ??$?0$01@pcharNode@@QAE@PBDHU?$StringLifeSelector@$01@@@Z 1001b149 f i libvcruntime:undname.obj
 0001:0001a189       ??$?0$0A@@DName@@QAE@PBDU?$StringLifeSelector@$0A@@@@Z 1001b189 f i libvcruntime:undname.obj
 0001:0001a1bc       ??$?0$0A@@pcharNode@@QAE@PBDHU?$StringLifeSelector@$0A@@@@Z 1001b1bc f i libvcruntime:undname.obj
 0001:0001a1fc       ??$?0_K$0A@@?$optional@_K@std@@QAE@$$QA_K@Z 1001b1fc f i libvcruntime:undname.obj
 0001:0001a216       ??$?0_K@?$_Optional_construct_base@_K@std@@QAE@Uin_place_t@1@$$QA_K@Z 1001b216 f i libvcruntime:undname.obj
 0001:0001a230       ??$?0_K@?$_Optional_destruct_base@_K$00@std@@QAE@Uin_place_t@1@$$QA_K@Z 1001b230 f i libvcruntime:undname.obj
 0001:0001a24a       ??$append@VDNameNode@@@DName@@AAEXPBVDNameNode@@@Z 1001b24a f i libvcruntime:undname.obj
 0001:0001a28b       ??$append@VDNameStatusNode@@@DName@@AAEXPBVDNameStatusNode@@@Z 1001b28b f i libvcruntime:undname.obj
 0001:0001a2cc       ??$append@VcharNode@@@DName@@AAEXPBVcharNode@@@Z 1001b2cc f i libvcruntime:undname.obj
 0001:0001a30d       ??$append@VpDNameNode@@@DName@@AAEXPBVpDNameNode@@@Z 1001b30d f i libvcruntime:undname.obj
 0001:0001a34e       ??$append@VpcharNode@@@DName@@AAEXPBVpcharNode@@@Z 1001b34e f i libvcruntime:undname.obj
 0001:0001a38f       ??$doPchar@$00@DName@@AAEXPBDH@Z 1001b38f f i libvcruntime:undname.obj
 0001:0001a3fa       ??$doPchar@$01@DName@@AAEXPBDH@Z 1001b3fa f i libvcruntime:undname.obj
 0001:0001a46b       ??$doPchar@$0A@@DName@@AAEXPBDH@Z 1001b46b f i libvcruntime:undname.obj
 0001:0001a4dc       ??$forward@_K@std@@YA$$QA_KAA_K@Z 1001b4dc f i libvcruntime:undname.obj
 0001:0001a5a0       ??$size@D$04@std@@YAIAAY04$$CBD@Z 1001b5a0 f i libvcruntime:undname.obj
 0001:0001a5a4       ??0?$_Optional_construct_base@_K@std@@QAE@XZ 1001b5a4 f i libvcruntime:undname.obj
 0001:0001a5ab       ??0?$_Optional_destruct_base@_K$00@std@@QAE@XZ 1001b5ab f i libvcruntime:undname.obj
 0001:0001a5b2       ??0?$optional@_K@std@@QAE@XZ 1001b5b2 f i libvcruntime:undname.obj
 0001:0001a5b9       ??0Block@_HeapManager@@QAE@XZ 1001b5b9 f i libvcruntime:undname.obj
 0001:0001a5bf       ??0DName@@QAE@AAPBDD@Z     1001b5bf f   libvcruntime:undname.obj
 0001:0001a63f       ??0DName@@QAE@ABUStringLiteral@@@Z 1001b63f f   libvcruntime:undname.obj
 0001:0001a666       ??0DName@@QAE@ABV0@@Z      1001b666 f i libvcruntime:undname.obj
 0001:0001a67c       ??0DName@@QAE@D@Z          1001b67c f   libvcruntime:undname.obj
 0001:0001a698       ??0DName@@QAE@PAV0@@Z      1001b698 f   libvcruntime:undname.obj
 0001:0001a6e1       ??0DName@@QAE@W4DNameStatus@@@Z 1001b6e1 f   libvcruntime:undname.obj
 0001:0001a721       ??0DName@@QAE@XZ           1001b721 f i libvcruntime:undname.obj
 0001:0001a72b       ??0DName@@QAE@_J@Z         1001b72b f   libvcruntime:undname.obj
 0001:0001a7b5       ??0DName@@QAE@_K@Z         1001b7b5 f   libvcruntime:undname.obj
 0001:0001a819       ??0DNameNode@@IAE@XZ       1001b819 f i libvcruntime:undname.obj
 0001:0001a822       ??0Replicator@@QAE@XZ      1001b822 f i libvcruntime:undname.obj
 0001:0001a831       ??0UnDecorator@@QAE@PBDP6APADJ@ZK@Z 1001b831 f i libvcruntime:undname.obj
 0001:0001a87d       ??0_Nontrivial_dummy_type@std@@QAE@XZ 1001b87d f i libvcruntime:undname.obj
 0001:0001a880       ??0charNode@@QAE@D@Z       1001b880 f i libvcruntime:undname.obj
 0001:0001a895       ??0pDNameNode@@QAE@PAVDName@@@Z 1001b895 f   libvcruntime:undname.obj
 0001:0001a8bd       ??0pairNode@@QAE@PBVDNameNode@@0@Z 1001b8bd f i libvcruntime:undname.obj
 0001:0001a8e3       ??2@YAPAXIAAV_HeapManager@@H@Z 1001b8e3 f   libvcruntime:undname.obj
 0001:0001a902       ??4DName@@QAEAAV0@ABUStringLiteral@@@Z 1001b902 f   libvcruntime:undname.obj
 0001:0001a923       ??4DName@@QAEAAV0@ABV0@@Z  1001b923 f   libvcruntime:undname.obj
 0001:0001a939       ??4DName@@QAEAAV0@D@Z      1001b939 f i libvcruntime:undname.obj
 0001:0001a955       ??4DName@@QAEAAV0@PAV0@@Z  1001b955 f   libvcruntime:undname.obj
 0001:0001a998       ??4DName@@QAEAAV0@W4DNameStatus@@@Z 1001b998 f   libvcruntime:undname.obj
 0001:0001a9ca       ??AReplicator@@QBE?AVDName@@H@Z 1001b9ca f   libvcruntime:undname.obj
 0001:0001aa06       ??B?$optional@_K@std@@QBE_NXZ 1001ba06 f i libvcruntime:undname.obj
 0001:0001aa0a       ??D?$_Optional_construct_base@_K@std@@QGAEAA_KXZ 1001ba0a f i libvcruntime:undname.obj
 0001:0001aa0d       ??H@YA?AVDName@@ABUStringLiteral@@ABV0@@Z 1001ba0d f i libvcruntime:undname.obj
 0001:0001aa2f       ??H@YA?AVDName@@DABV0@@Z   1001ba2f f i libvcruntime:undname.obj
 0001:0001aa5a       ??H@YA?AVDName@@W4DNameStatus@@ABV0@@Z 1001ba5a f i libvcruntime:undname.obj
 0001:0001aa7c       ??HDName@@QBE?AV0@ABUStringLiteral@@@Z 1001ba7c f   libvcruntime:undname.obj
 0001:0001aa9e       ??HDName@@QBE?AV0@ABV0@@Z  1001ba9e f   libvcruntime:undname.obj
 0001:0001aac0       ??HDName@@QBE?AV0@D@Z      1001bac0 f   libvcruntime:undname.obj
 0001:0001aae2       ??HDName@@QBE?AV0@PAV0@@Z  1001bae2 f   libvcruntime:undname.obj
 0001:0001ab04       ??HDName@@QBE?AV0@W4DNameStatus@@@Z 1001bb04 f   libvcruntime:undname.obj
 0001:0001ab26       ??HStringLiteral@@QBE?AU0@H@Z 1001bb26 f i libvcruntime:undname.obj
 0001:0001ab40       ??YDName@@QAEAAV0@ABUStringLiteral@@@Z 1001bb40 f   libvcruntime:undname.obj
 0001:0001ab98       ??YDName@@QAEAAV0@ABV0@@Z  1001bb98 f   libvcruntime:undname.obj
 0001:0001abef       ??YDName@@QAEAAV0@D@Z      1001bbef f   libvcruntime:undname.obj
 0001:0001ac44       ??YDName@@QAEAAV0@PAV0@@Z  1001bc44 f   libvcruntime:undname.obj
 0001:0001aca8       ??YDName@@QAEAAV0@W4DNameStatus@@@Z 1001bca8 f   libvcruntime:undname.obj
 0001:0001ace8       ??YReplicator@@QAEAAV0@ABVDName@@@Z 1001bce8 f   libvcruntime:undname.obj
 0001:0001ad28       ??_5DName@@QAEAAV0@ABV0@@Z 1001bd28 f   libvcruntime:undname.obj
 0001:0001ad47       ??__K_l@@YA?AUStringLiteral@@PBDI@Z 1001bd47 f i libvcruntime:undname.obj
 0001:0001ad52       ?Constructor@_HeapManager@@QAEXP6APAXI@ZP6AXPAX@Z@Z 1001bd52 f i libvcruntime:undname.obj
 0001:0001ad6f       ?Destructor@_HeapManager@@QAEXXZ 1001bd6f f i libvcruntime:undname.obj
 0001:0001adb3       ?UScore@UnDecorator@@SA?AUStringLiteral@@W4Tokens@@@Z 1001bdb3 f   libvcruntime:undname.obj
 0001:0001adda       ?composeDeclaration@UnDecorator@@CA?AVDName@@ABV2@@Z 1001bdda f i libvcruntime:undname.obj
 0001:0001bad2       ?doAccessSpecifiers@UnDecorator@@SAHXZ 1001cad2 f i libvcruntime:undname.obj
 0001:0001bae0       ?doAllocationLanguage@UnDecorator@@SAHXZ 1001cae0 f i libvcruntime:undname.obj
 0001:0001baee       ?doAllocationModel@UnDecorator@@SAHXZ 1001caee f i libvcruntime:undname.obj
 0001:0001bafc       ?doEcsu@UnDecorator@@SAHXZ 1001cafc f i libvcruntime:undname.obj
 0001:0001bb0a       ?doEllipsis@UnDecorator@@SAHXZ 1001cb0a f i libvcruntime:undname.obj
 0001:0001bb18       ?doFunctionReturns@UnDecorator@@SAHXZ 1001cb18 f i libvcruntime:undname.obj
 0001:0001bb26       ?doMSKeywords@UnDecorator@@SAHXZ 1001cb26 f i libvcruntime:undname.obj
 0001:0001bb33       ?doMemberTypes@UnDecorator@@SAHXZ 1001cb33 f i libvcruntime:undname.obj
 0001:0001bb41       ?doNameOnly@UnDecorator@@SAHXZ 1001cb41 f i libvcruntime:undname.obj
 0001:0001bb4c       ?doNoIdentCharCheck@UnDecorator@@SAHXZ 1001cb4c f i libvcruntime:undname.obj
 0001:0001bb57       ?doPchar@DName@@AAEXD@Z    1001cb57 f   libvcruntime:undname.obj
 0001:0001bb8f       ?doPtr64@UnDecorator@@SAHXZ 1001cb8f f i libvcruntime:undname.obj
 0001:0001bb9d       ?doRestrictionSpec@UnDecorator@@SAHXZ 1001cb9d f i libvcruntime:undname.obj
 0001:0001bbab       ?doThisTypes@UnDecorator@@SAHXZ 1001cbab f i libvcruntime:undname.obj
 0001:0001bbbd       ?doThrowTypes@UnDecorator@@SAHXZ 1001cbbd f i libvcruntime:undname.obj
 0001:0001bbcb       ?doTypeOnly@UnDecorator@@SAHXZ 1001cbcb f i libvcruntime:undname.obj
 0001:0001bbd6       ?doUnderScore@UnDecorator@@SAHXZ 1001cbd6 f i libvcruntime:undname.obj
 0001:0001bbe1       ?getAddressOf@UnDecorator@@CA?AVDName@@XZ 1001cbe1 f   libvcruntime:undname.obj
 0001:0001bc49       ?getArgumentList@UnDecorator@@CA?AVDName@@XZ 1001cc49 f   libvcruntime:undname.obj
 0001:0001bdb3       ?getArgumentTypes@UnDecorator@@CA?AVDName@@XZ 1001cdb3 f   libvcruntime:undname.obj
 0001:0001bebb       ?getArrayAccess@UnDecorator@@CA?AVDName@@XZ 1001cebb f   libvcruntime:undname.obj
 0001:0001bf2f       ?getArrayObject@UnDecorator@@CA?AVDName@@XZ 1001cf2f f   libvcruntime:undname.obj
 0001:0001bfba       ?getArrayType@UnDecorator@@CA?AVDName@@ABV2@@Z 1001cfba f i libvcruntime:undname.obj
 0001:0001c157       ?getBasedType@UnDecorator@@CA?AVDName@@XZ 1001d157 f   libvcruntime:undname.obj
 0001:0001c206       ?getBasicDataType@UnDecorator@@CA?AVDName@@ABV2@@Z 1001d206 f   libvcruntime:undname.obj
 0001:0001c762       ?getCHPEName@UnDecorator@@QAEPADPADH@Z 1001d762 f i libvcruntime:undname.obj
 0001:0001c83f       ?getCallIndex@UnDecorator@@CA?AVDName@@XZ 1001d83f f i libvcruntime:undname.obj
 0001:0001c853       ?getCallingConvention@UnDecorator@@CA?AVDName@@XZ 1001d853 f   libvcruntime:undname.obj
 0001:0001c928       ?getDataIndirectType@UnDecorator@@CA?AVDName@@ABV2@W4IndirectionKind@@0H@Z 1001d928 f   libvcruntime:undname.obj
 0001:0001d0da       ?getDataIndirectType@UnDecorator@@CA?AVDName@@XZ 1001e0da f i libvcruntime:undname.obj
 0001:0001d108       ?getDataType@UnDecorator@@CA?AVDName@@PAV2@@Z 1001e108 f   libvcruntime:undname.obj
 0001:0001d1df       ?getDecoratedName@UnDecorator@@CA?AVDName@@XZ 1001e1df f   libvcruntime:undname.obj
 0001:0001d433       ?getDimension@UnDecorator@@CA?AVDName@@_N@Z 1001e433 f   libvcruntime:undname.obj
 0001:0001d53a       ?getDispatchTarget@UnDecorator@@CA?AVDName@@XZ 1001e53a f   libvcruntime:undname.obj
 0001:0001d58b       ?getDisplacement@UnDecorator@@CA?AVDName@@XZ 1001e58b f i libvcruntime:undname.obj
 0001:0001d59f       ?getECSUDataType@UnDecorator@@CA?AVDName@@XZ 1001e59f f   libvcruntime:undname.obj
 0001:0001d749       ?getECSUName@UnDecorator@@CA?AVDName@@XZ 1001e749 f i libvcruntime:undname.obj
 0001:0001d75a       ?getEnumType@UnDecorator@@CA?AVDName@@XZ 1001e75a f i libvcruntime:undname.obj
 0001:0001d87a       ?getExtendedDataIndirectType@UnDecorator@@CA?AVDName@@AAW4IndirectionKind@@AA_NH@Z 1001e87a f   libvcruntime:undname.obj
 0001:0001da26       ?getExternalDataType@UnDecorator@@CA?AVDName@@ABV2@@Z 1001ea26 f i libvcruntime:undname.obj
 0001:0001da8b       ?getFloatingPoint@UnDecorator@@CA?AVDName@@H@Z 1001ea8b f   libvcruntime:undname.obj
 0001:0001db49       ?getFunctionIndirectType@UnDecorator@@CA?AVDName@@ABV2@@Z 1001eb49 f   libvcruntime:undname.obj
 0001:0001def3       ?getGuardNumber@UnDecorator@@CA?AVDName@@XZ 1001eef3 f i libvcruntime:undname.obj
 0001:0001df07       ?getLastChar@DName@@QBEDXZ 1001ef07 f i libvcruntime:undname.obj
 0001:0001df27       ?getLastChar@DNameStatusNode@@UBEDXZ 1001ef27 f i libvcruntime:undname.obj
 0001:0001df33       ?getLastChar@charNode@@UBEDXZ 1001ef33 f i libvcruntime:undname.obj
 0001:0001df37       ?getLastChar@pDNameNode@@UBEDXZ 1001ef37 f i libvcruntime:undname.obj
 0001:0001df45       ?getLastChar@pairNode@@UBEDXZ 1001ef45 f i libvcruntime:undname.obj
 0001:0001df7a       ?getLastChar@pcharNode@@UBEDXZ 1001ef7a f i libvcruntime:undname.obj
 0001:0001df8c       ?getLexicalFrame@UnDecorator@@CA?AVDName@@XZ 1001ef8c f i libvcruntime:undname.obj
 0001:0001dfbd       ?getMemberAccess@UnDecorator@@CA?AVDName@@XZ 1001efbd f   libvcruntime:undname.obj
 0001:0001e02d       ?getMemoryWithBuffer@_HeapManager@@QAEPAXI@Z 1001f02d f   libvcruntime:undname.obj
 0001:0001e097       ?getMemoryWithoutBuffer@_HeapManager@@QAEPAXI@Z 1001f097 f   libvcruntime:undname.obj
 0001:0001e0b7       ?getNoexcept@UnDecorator@@CA?AVDName@@XZ 1001f0b7 f   libvcruntime:undname.obj
 0001:0001e0ff       ?getNumberOfDimensions@UnDecorator@@CAHXZ 1001f0ff f   libvcruntime:undname.obj
 0001:0001e161       ?getOperatorName@UnDecorator@@CA?AVDName@@_NPA_N@Z 1001f161 f i libvcruntime:undname.obj
 0001:0001e98b       ?getPointerToMember@UnDecorator@@CA?AVDName@@XZ 1001f98b f   libvcruntime:undname.obj
 0001:0001ea47       ?getPointerType@UnDecorator@@CA?AVDName@@ABV2@0@Z 1001fa47 f i libvcruntime:undname.obj
 0001:0001ea62       ?getPointerTypeArray@UnDecorator@@CA?AVDName@@ABV2@0@Z 1001fa62 f i libvcruntime:undname.obj
 0001:0001ea7d       ?getPrimaryDataType@UnDecorator@@CA?AVDName@@ABV2@@Z 1001fa7d f   libvcruntime:undname.obj
 0001:0001eccb       ?getPtrRefDataType@UnDecorator@@CA?AVDName@@ABV2@H@Z 1001fccb f   libvcruntime:undname.obj
 0001:0001ee38       ?getPtrRefType@UnDecorator@@CA?AVDName@@ABV2@0W4IndirectionKind@@@Z 1001fe38 f   libvcruntime:undname.obj
 0001:0001ef49       ?getReferenceType@UnDecorator@@CA?AVDName@@ABV2@0W4IndirectionKind@@@Z 1001ff49 f i libvcruntime:undname.obj
 0001:0001ef65       ?getRestrictionSpec@UnDecorator@@CA?AVDName@@XZ 1001ff65 f   libvcruntime:undname.obj
 0001:0001f07e       ?getReturnType@UnDecorator@@CA?AVDName@@PAV2@@Z 1002007e f   libvcruntime:undname.obj
 0001:0001f0ad       ?getScope@UnDecorator@@CA?AVDName@@XZ 100200ad f   libvcruntime:undname.obj
 0001:0001f46b       ?getScopedName@UnDecorator@@CA?AVDName@@XZ 1002046b f   libvcruntime:undname.obj
 0001:0001f55e       ?getSignedDimension@UnDecorator@@CA?AVDName@@XZ 1002055e f   libvcruntime:undname.obj
 0001:0001f5af       ?getStorageConvention@UnDecorator@@CA?AVDName@@XZ 100205af f i libvcruntime:undname.obj
 0001:0001f5c0       ?getString@DName@@QBEPADPAD0@Z 100205c0 f i libvcruntime:undname.obj
 0001:0001f5ed       ?getString@DName@@QBEPADPADH@Z 100205ed f i libvcruntime:undname.obj
 0001:0001f642       ?getString@DNameStatusNode@@UBEPADPAD0@Z 10020642 f i libvcruntime:undname.obj
 0001:0001f689       ?getString@charNode@@UBEPADPAD0@Z 10020689 f i libvcruntime:undname.obj
 0001:0001f69e       ?getString@pDNameNode@@UBEPADPAD0@Z 1002069e f i libvcruntime:undname.obj
 0001:0001f6b5       ?getString@pairNode@@UBEPADPAD0@Z 100206b5 f i libvcruntime:undname.obj
 0001:0001f6fb       ?getString@pcharNode@@UBEPADPAD0@Z 100206fb f i libvcruntime:undname.obj
 0001:0001f716       ?getStringEncoding@UnDecorator@@CA?AVDName@@W4PrefixKind@@H@Z 10020716 f   libvcruntime:undname.obj
 0001:0001f7a9       ?getStringHelper@@YAPADPADPBD1H@Z 100207a9 f i libvcruntime:undname.obj
 0001:0001f7d3       ?getStringObject@UnDecorator@@CA?AVDName@@XZ 100207d3 f   libvcruntime:undname.obj
 0001:0001f81e       ?getSymbolName@UnDecorator@@CA?AVDName@@XZ 1002081e f i libvcruntime:undname.obj
 0001:0001f866       ?getTemplateArgumentList@UnDecorator@@CA?AVDName@@XZ 10020866 f   libvcruntime:undname.obj
 0001:0001fa16       ?getTemplateName@UnDecorator@@CA?AVDName@@_N@Z 10020a16 f   libvcruntime:undname.obj
 0001:0001fb76       ?getTemplateNonTypeArgument@UnDecorator@@CA?AVDName@@XZ 10020b76 f   libvcruntime:undname.obj
 0001:0001ff3e       ?getTemplateTypeArgument@UnDecorator@@CA?AVDName@@XZ 10020f3e f   libvcruntime:undname.obj
 0001:0002004f       ?getThisType@UnDecorator@@CA?AVDName@@XZ 1002104f f i libvcruntime:undname.obj
 0001:0002007e       ?getThrowTypes@UnDecorator@@CA?AVDName@@XZ 1002107e f   libvcruntime:undname.obj
 0001:0002009d       ?getTypeEncoding@UnDecorator@@CAHXZ 1002109d f i libvcruntime:undname.obj
 0001:000203dd       ?getUndecoratedName@UnDecorator@@QAEPADPADH@Z 100213dd f i libvcruntime:undname.obj
 0001:000204fc       ?getUnionObject@UnDecorator@@CA?AVDName@@XZ 100214fc f   libvcruntime:undname.obj
 0001:000205a3       ?getVCallThunkType@UnDecorator@@CA?AVDName@@XZ 100215a3 f i libvcruntime:undname.obj
 0001:000205ed       ?getValue@UnDecorator@@CA?AV?$optional@_K@std@@XZ 100215ed f   libvcruntime:undname.obj
 0001:00020644       ?getValueObject@UnDecorator@@CA?AVDName@@XZ 10021644 f   libvcruntime:undname.obj
 0001:0002073e       ?getVbTableType@UnDecorator@@CA?AVDName@@ABV2@@Z 1002173e f i libvcruntime:undname.obj
 0001:00020753       ?getVdispMapType@UnDecorator@@CA?AVDName@@ABV2@@Z 10021753 f i libvcruntime:undname.obj
 0001:000207b4       ?getVfTableType@UnDecorator@@CA?AVDName@@ABV2@@Z 100217b4 f i libvcruntime:undname.obj
 0001:00020908       ?getZName@UnDecorator@@CA?AVDName@@_N0@Z 10021908 f   libvcruntime:undname.obj
 0001:00020b21       ?get_current_character_and_increment_buffer@UnDecorator@@CADXZ 10021b21 f i libvcruntime:undname.obj
 0001:00020b35       ?haveTemplateParameters@UnDecorator@@SAHXZ 10021b35 f i libvcruntime:undname.obj
 0001:00020b40       ?increment_buffer@UnDecorator@@CA_NI@Z 10021b40 f i libvcruntime:undname.obj
 0001:00020b68       ?increment_buffer_no_check@UnDecorator@@CAXI@Z 10021b68 f i libvcruntime:undname.obj
 0001:00020b76       ?increment_buffer_no_check@UnDecorator@@CAXXZ 10021b76 f i libvcruntime:undname.obj
 0001:00020b7d       ?isArray@DName@@QBEHXZ     10021b7d f i libvcruntime:undname.obj
 0001:00020b87       ?isComArray@DName@@QBEHXZ  10021b87 f i libvcruntime:undname.obj
 0001:00020b91       ?isEmpty@DName@@QBEHXZ     10021b91 f i libvcruntime:undname.obj
 0001:00020b99       ?isFull@Replicator@@QBEHXZ 10021b99 f i libvcruntime:undname.obj
 0001:00020ba2       ?isNoTE@DName@@QBEHXZ      10021ba2 f i libvcruntime:undname.obj
 0001:00020bac       ?isPinPtr@DName@@QBEHXZ    10021bac f i libvcruntime:undname.obj
 0001:00020bb6       ?isPtrRef@DName@@QBEHXZ    10021bb6 f i libvcruntime:undname.obj
 0001:00020bc0       ?isUDC@DName@@QBEHXZ       10021bc0 f i libvcruntime:undname.obj
 0001:00020bd1       ?isUDTThunk@DName@@QBEHXZ  10021bd1 f i libvcruntime:undname.obj
 0001:00020be2       ?isVCallThunk@DName@@QBEHXZ 10021be2 f i libvcruntime:undname.obj
 0001:00020bec       ?isValid@DName@@QBEHXZ     10021bec f i libvcruntime:undname.obj
 0001:00020bf6       ?length@DName@@QBEHXZ      10021bf6 f i libvcruntime:undname.obj
 0001:00020c15       ?length@DNameStatusNode@@UBEHXZ 10021c15 f i libvcruntime:undname.obj
 0001:00020c19       ?length@charNode@@UBEHXZ   10021c19 f i libvcruntime:undname.obj
 0001:00020c1d       ?length@pDNameNode@@UBEHXZ 10021c1d f i libvcruntime:undname.obj
 0001:00020c2b       ?length@pairNode@@UBEHXZ   10021c2b f i libvcruntime:undname.obj
 0001:00020c74       ?length@pcharNode@@UBEHXZ  10021c74 f i libvcruntime:undname.obj
 0001:00020c78       ?make@DNameStatusNode@@SAPBV1@W4DNameStatus@@@Z 10021c78 f i libvcruntime:undname.obj
 0001:00020c94       ?parseDecoratedName@UnDecorator@@CA?AVDName@@XZ 10021c94 f   libvcruntime:undname.obj
 0001:00020d8f       ?raw_length@DNameStatusNode@@UBEHXZ 10021d8f f i libvcruntime:undname.obj
 0001:00020d93       ?raw_length@charNode@@UBEHXZ 10021d93 f i libvcruntime:undname.obj
 0001:00020d97       ?raw_length@pDNameNode@@UBEHXZ 10021d97 f i libvcruntime:undname.obj
 0001:00020d9b       ?raw_length@pairNode@@UBEHXZ 10021d9b f i libvcruntime:undname.obj
 0001:00020d9f       ?raw_length@pcharNode@@UBEHXZ 10021d9f f i libvcruntime:undname.obj
 0001:00020da3       ?setIsArray@DName@@QAEXXZ  10021da3 f i libvcruntime:undname.obj
 0001:00020dab       ?setIsComArray@DName@@QAEXXZ 10021dab f i libvcruntime:undname.obj
 0001:00020db3       ?setIsNoTE@DName@@QAEXXZ   10021db3 f i libvcruntime:undname.obj
 0001:00020dbb       ?setIsPinPtr@DName@@QAEXXZ 10021dbb f i libvcruntime:undname.obj
 0001:00020dc3       ?setIsUDC@DName@@QAEXXZ    10021dc3 f i libvcruntime:undname.obj
 0001:00020dd0       ?setIsVCallThunk@DName@@QAEXXZ 10021dd0 f i libvcruntime:undname.obj
 0001:00020dd8       ?setPtrRef@DName@@QAEAAV1@XZ 10021dd8 f i libvcruntime:undname.obj
 0001:00020de2       ?status@DName@@QBE?AW4DNameStatus@@XZ 10021de2 f i libvcruntime:undname.obj
 0001:00020e4e       ___unDName                 10021e4e f   libvcruntime:undname.obj
 0001:00020e71       ___unDNameEx               10021e71 f   libvcruntime:undname.obj
 0001:00020f10       __vsprintf_s_l             10021f10 f i libvcruntime:undname.obj
 0001:00020f3d       _snprintf                  10021f3d f i libvcruntime:undname.obj
 0001:00020f57       _sprintf_s                 10021f57 f i libvcruntime:undname.obj
 0001:00020f73       _unDNameGenerateCHPE       10021f73 f   libvcruntime:undname.obj
 0001:00021010       _vsnprintf                 10022010 f i libvcruntime:undname.obj
 0001:00021040       ??$?RU__vcrt_ptd@@@__crt_internal_free_policy@@QBEXQBU__vcrt_ptd@@@Z 10022040 f i libvcruntime:per_thread_data.obj
 0001:00021050       ??0?$__crt_unique_heap_ptr@U__vcrt_ptd@@U__crt_internal_free_policy@@@@QAE@QAU__vcrt_ptd@@@Z 10022050 f i libvcruntime:per_thread_data.obj
 0001:0002106d       ??1?$__crt_unique_heap_ptr@U__vcrt_ptd@@U__crt_internal_free_policy@@@@QAE@XZ 1002206d f i libvcruntime:per_thread_data.obj
 0001:00021086       ??B?$__crt_unique_heap_ptr@U__vcrt_ptd@@U__crt_internal_free_policy@@@@QBE_NXZ 10022086 f i libvcruntime:per_thread_data.obj
 0001:0002108d       ?detach@?$__crt_unique_heap_ptr@U__vcrt_ptd@@U__crt_internal_free_policy@@@@QAEPAU__vcrt_ptd@@XZ 1002208d f i libvcruntime:per_thread_data.obj
 0001:00021093       ?get@?$__crt_unique_heap_ptr@U__vcrt_ptd@@U__crt_internal_free_policy@@@@QBEPAU__vcrt_ptd@@XZ 10022093 f i libvcruntime:per_thread_data.obj
 0001:00021096       ?is_valid@?$__crt_unique_heap_ptr@U__vcrt_ptd@@U__crt_internal_free_policy@@@@QBE_NXZ 10022096 f i libvcruntime:per_thread_data.obj
 0001:0002109d       ?release@?$__crt_unique_heap_ptr@U__vcrt_ptd@@U__crt_internal_free_policy@@@@QAEXXZ 1002209d f i libvcruntime:per_thread_data.obj
 0001:000210c7       ___vcrt_freefls@4          100220c7 f   libvcruntime:per_thread_data.obj
 0001:000210e3       ___vcrt_freeptd            100220e3 f   libvcruntime:per_thread_data.obj
 0001:00021119       ___vcrt_getptd             10022119 f   libvcruntime:per_thread_data.obj
 0001:00021127       ___vcrt_getptd_noexit      10022127 f   libvcruntime:per_thread_data.obj
 0001:000211b9       ___vcrt_getptd_noinit      100221b9 f   libvcruntime:per_thread_data.obj
 0001:000211f0       ___vcrt_initialize_ptd     100221f0 f   libvcruntime:per_thread_data.obj
 0001:00021223       ___vcrt_uninitialize_ptd   10022223 f   libvcruntime:per_thread_data.obj
 0001:0002123e       ___vcrt_initialize_locks   1002223e f   libvcruntime:locks.obj
 0001:0002127a       ___vcrt_lock               1002227a f   libvcruntime:locks.obj
 0001:0002128f       ___vcrt_uninitialize_locks 1002228f f   libvcruntime:locks.obj
 0001:000212be       ___vcrt_unlock             100222be f   libvcruntime:locks.obj
 0001:000212e0       __global_unwind2           100222e0 f   libvcruntime:exsup.obj
 0001:00021360       __local_unwind2            10022360 f   libvcruntime:exsup.obj
 0001:00021400       __abnormal_termination     10022400 f   libvcruntime:exsup.obj
 0001:00021430       __NLG_Notify1              10022430 f   libvcruntime:exsup.obj
 0001:00021440       __NLG_Notify               10022440 f   libvcruntime:exsup.obj
 0001:00021457       __NLG_Dispatch             10022457     libvcruntime:exsup.obj
 0001:00021457       __NLG_Dispatch2            10022457     libvcruntime:exsup.obj
 0001:00021460       __NLG_Call                 10022460 f   libvcruntime:exsup.obj
 0001:00021462       __NLG_Return2              10022462     libvcruntime:exsup.obj
 0001:00021463       ??$__crt_interlocked_exchange_pointer@$$A6AXXZP6AXXZ@@YAP6AXXZPDS6AXXZQ6AXXZ@Z 10022463 f i libvcruntime:purevirt.obj
 0001:00021470       ??$__crt_interlocked_read_pointer@$$A6AXXZ@@YAP6AXXZPDS6AXXZ@Z 10022470 f i libvcruntime:purevirt.obj
 0001:0002147b       __get_purecall_handler     1002247b f   libvcruntime:purevirt.obj
 0001:00021482       __purecall                 10022482 f   libvcruntime:purevirt.obj
 0001:0002149e       __set_purecall_handler     1002249e f   libvcruntime:purevirt.obj
 0001:000214ad       ??$?0AAViterator@TryBlockMap@__FrameHandler3@@AAV012@$0A@@?$pair@Viterator@TryBlockMap@__FrameHandler3@@V123@@std@@QAE@AAViterator@TryBlockMap@__FrameHandler3@@0@Z 100224ad f i libvcruntime:trnsctrl.obj
 0001:000214d1       ??$forward@AAViterator@TryBlockMap@__FrameHandler3@@@std@@YAAAViterator@TryBlockMap@__FrameHandler3@@AAV123@@Z 100224d1 f i libvcruntime:trnsctrl.obj
 0001:000214d9       ??0iterator@TryBlockMap@__FrameHandler3@@QAE@AAV12@I@Z 100224d9 f i libvcruntime:trnsctrl.obj
 0001:000214ed       ?GetRangeOfTrysToCheck@__FrameHandler3@@SA?AU?$pair@Viterator@TryBlockMap@__FrameHandler3@@V123@@std@@AAVTryBlockMap@1@HPAXPBU_s_FuncInfo@@H@Z 100224ed f   libvcruntime:trnsctrl.obj
 0001:0002155d       ?_CallCatchBlock2@@YAPAXPAUEHRegistrationNode@@PBU_s_FuncInfo@@PAXHK@Z 1002255d f   libvcruntime:trnsctrl.obj
 0001:000215ba       ?_CallSETranslator@@YAHPAUEHExceptionRecord@@PAUEHRegistrationNode@@PAX2PBU_s_FuncInfo@@H1@Z 100225ba f   libvcruntime:trnsctrl.obj
 0001:000216b0       ?_JumpToContinuation@@YGXPAXPAUEHRegistrationNode@@@Z 100226b0 f   libvcruntime:trnsctrl.obj
 0001:000216e0       ?_UnwindNestedFrames@@YGXPAUEHRegistrationNode@@PAUEHExceptionRecord@@@Z 100226e0 f   libvcruntime:trnsctrl.obj
 0001:00021733       __CatchGuardHandler        10022733 f   libvcruntime:trnsctrl.obj
 0001:00021764       __CreateFrameInfo          10022764 f   libvcruntime:trnsctrl.obj
 0001:00021788       __FindAndUnlinkFrame       10022788 f   libvcruntime:trnsctrl.obj
 0001:000217d0       __TranslatorGuardHandler   100227d0 f   libvcruntime:trnsctrl.obj
 0001:0002186d       ___CxxFrameHandler         1002286d f   libvcruntime:trnsctrl.obj
 0001:000218a3       ___CxxFrameHandler2        100228a3 f   libvcruntime:trnsctrl.obj
 0001:000218d9       ___CxxFrameHandler3        100228d9 f   libvcruntime:trnsctrl.obj
 0001:0002190f       ___CxxLongjmpUnwind@4      1002290f f   libvcruntime:trnsctrl.obj
 0001:00021934       ??$__crt_interlocked_exchange_pointer@UHINSTANCE__@@PAU1@@@YAPAUHINSTANCE__@@PDSAU0@QAU0@@Z 10022934 f i libvcruntime:winapi_downlevel.obj
 0001:00021941       ??$__crt_interlocked_exchange_pointer@UHINSTANCE__@@PAX@@YAPAUHINSTANCE__@@PDSAU0@QAX@Z 10022941 f i libvcruntime:winapi_downlevel.obj
 0001:0002194e       ??$__crt_interlocked_exchange_pointer@XPAX@@YAPAXPDSAXQAX@Z 1002294e f i libvcruntime:winapi_downlevel.obj
 0001:0002195b       ??$__crt_interlocked_read_pointer@UHINSTANCE__@@@@YAPAUHINSTANCE__@@PDSAU0@@Z 1002295b f i libvcruntime:winapi_downlevel.obj
 0001:00021966       ??$__crt_interlocked_read_pointer@X@@YAPAXPDSAX@Z 10022966 f i libvcruntime:winapi_downlevel.obj
 0001:00021bf2       ___vcrt_FlsAlloc           10022bf2 f   libvcruntime:winapi_downlevel.obj
 0001:00021c2d       ___vcrt_FlsFree            10022c2d f   libvcruntime:winapi_downlevel.obj
 0001:00021c68       ___vcrt_FlsGetValue        10022c68 f   libvcruntime:winapi_downlevel.obj
 0001:00021ca3       ___vcrt_FlsSetValue        10022ca3 f   libvcruntime:winapi_downlevel.obj
 0001:00021ce1       ___vcrt_InitializeCriticalSectionEx 10022ce1 f   libvcruntime:winapi_downlevel.obj
 0001:0002245a       ??$TypeMatchHelper@V__FrameHandler3@@@@YAHPBU_s_HandlerType@@PBU_s_CatchableType@@PBU_s_ThrowInfo@@@Z 1002345a f i libvcruntime:frame.obj
 0001:000224e8       ??$__InternalCxxFrameHandler@V__FrameHandler3@@@@YA?AW4_EXCEPTION_DISPOSITION@@PAUEHExceptionRecord@@PAUEHRegistrationNode@@PAU_CONTEXT@@PAXPBU_s_FuncInfo@@H1E@Z 100234e8 f i libvcruntime:frame.obj
 0001:000225ea       ??$__InternalCxxFrameHandlerWrapper@V__FrameHandler3@@@@YA?AW4_EXCEPTION_DISPOSITION@@PAUEHExceptionRecord@@PAUEHRegistrationNode@@PAU_CONTEXT@@PAXPBU_s_FuncInfo@@H1E@Z 100235ea f i libvcruntime:frame.obj
 0001:000225f3       ??0HandlerMap@__FrameHandler3@@QAE@PBU_s_TryBlockMapEntry@@II@Z 100235f3 f i libvcruntime:frame.obj
 0001:0002260a       ??0TryBlockMap@__FrameHandler3@@QAE@PBU_s_FuncInfo@@I@Z 1002360a f i libvcruntime:frame.obj
 0001:0002261e       ??0bad_exception@std@@QAE@ABV01@@Z 1002361e f i libvcruntime:frame.obj
 0001:00022639       ??0bad_exception@std@@QAE@XZ 10023639 f i libvcruntime:frame.obj
 0001:00022651       ??0exception@std@@QAE@ABV01@@Z 10023651 f i libvcruntime:frame.obj
 0001:0002267d       ??0exception@std@@QAE@QBDH@Z 1002367d f i libvcruntime:frame.obj
 0001:0002269a       ??0iterator@HandlerMap@__FrameHandler3@@QAE@AAV12@I@Z 1002369a f i libvcruntime:frame.obj
 0001:000226ae       ??1bad_exception@std@@UAE@XZ 100236ae f i libvcruntime:frame.obj
 0001:000226bf       ??1exception@std@@UAE@XZ   100236bf f i libvcruntime:frame.obj
 0001:000226d0       ??8iterator@HandlerMap@__FrameHandler3@@QBE_NABV012@@Z 100236d0 f i libvcruntime:frame.obj
 0001:000226e3       ??8type_info@@QBE_NABV0@@Z 100236e3 f i libvcruntime:frame.obj
 0001:00022702       ??9iterator@HandlerMap@__FrameHandler3@@QBE_NABV012@@Z 10023702 f i libvcruntime:frame.obj
 0001:00022715       ??Diterator@HandlerMap@__FrameHandler3@@QAE?BU_s_HandlerType@@XZ 10023715 f i libvcruntime:frame.obj
 0001:00022734       ??Diterator@TryBlockMap@__FrameHandler3@@QAE?BU_s_TryBlockMapEntry@@XZ 10023734 f i libvcruntime:frame.obj
 0001:00022756       ??Eiterator@HandlerMap@__FrameHandler3@@QAEAAV012@XZ 10023756 f i libvcruntime:frame.obj
 0001:0002275c       ??Eiterator@TryBlockMap@__FrameHandler3@@QAEAAV012@XZ 1002375c f i libvcruntime:frame.obj
 0001:00022762       ??Miterator@TryBlockMap@__FrameHandler3@@QBE_NABV012@@Z 10023762 f i libvcruntime:frame.obj
 0001:00022775       ??_Ebad_exception@std@@UAEPAXI@Z 10023775 f i libvcruntime:frame.obj
 0001:00022775       ??_Gbad_exception@std@@UAEPAXI@Z 10023775 f i libvcruntime:frame.obj
 0001:000227a2       ??_Eexception@std@@UAEPAXI@Z 100237a2 f i libvcruntime:frame.obj
 0001:000227a2       ??_Gexception@std@@UAEPAXI@Z 100237a2 f i libvcruntime:frame.obj
 0001:000227cf       ?BuildCatchObject@__FrameHandler3@@SAXPAUEHExceptionRecord@@PAXPBU_s_HandlerType@@PBU_s_CatchableType@@@Z 100237cf f   libvcruntime:frame.obj
 0001:000227d4       ?BuildCatchObjectHelper@__FrameHandler3@@SAHPAUEHExceptionRecord@@PAXPBU_s_HandlerType@@PBU_s_CatchableType@@@Z 100237d4 f   libvcruntime:frame.obj
 0001:00022a35       ?FrameUnwindToEmptyState@__FrameHandler3@@SAXPAUEHRegistrationNode@@PAXPBU_s_FuncInfo@@@Z 10023a35 f   libvcruntime:frame.obj
 0001:00022a4d       ?FrameUnwindToState@__FrameHandler3@@SAXPAUEHRegistrationNode@@PAXPBU_s_FuncInfo@@H@Z 10023a4d f   libvcruntime:frame.obj
 0001:00022b35       ?GetMaxState@__FrameHandler3@@SAHPAXPBU_s_FuncInfo@@@Z 10023b35 f i libvcruntime:frame.obj
 0001:00022c13       ?TypeMatch@__FrameHandler3@@SAHPBU_s_HandlerType@@PBU_s_CatchableType@@PBU_s_ThrowInfo@@@Z 10023c13 f   libvcruntime:frame.obj
 0001:00022c1c       ?_CallMemberFunction1@@YGXQAX00@Z 10023c1c f i libvcruntime:frame.obj
 0001:00022c2c       ?_CallMemberFunction2@@YGXQAX00H@Z 10023c2c f i libvcruntime:frame.obj
 0001:00022c3f       ?begin@HandlerMap@__FrameHandler3@@QAE?AViterator@12@XZ 10023c3f f i libvcruntime:frame.obj
 0001:00022c4f       ?end@HandlerMap@__FrameHandler3@@QAE?AViterator@12@XZ 10023c4f f i libvcruntime:frame.obj
 0001:00022c60       ?getESTypes@__FrameHandler3@@SAPBU_s_ESTypeList@@PBU_s_FuncInfo@@@Z 10023c60 f i libvcruntime:frame.obj
 0001:00022c6b       ?getLastEntry@HandlerMap@__FrameHandler3@@QAEPBU_s_HandlerType@@XZ 10023c6b f i libvcruntime:frame.obj
 0001:00022c79       ?getMagicNum@__FrameHandler3@@SAIPBU_s_FuncInfo@@@Z 10023c79 f i libvcruntime:frame.obj
[...]
 0002:00012fa4       $N00065                    10079fa4     DttSP.exp
 0002:00012fba       $N00066                    10079fba     DttSP.exp
 0002:00012fc6       $N00067                    10079fc6     DttSP.exp
 0002:00012fd2       $N00068                    10079fd2     DttSP.exp
 0002:00012fe0       $N00069                    10079fe0     DttSP.exp
 0002:00012fef       $N00070                    10079fef     DttSP.exp
 0002:00012ffb       $N00071                    10079ffb     DttSP.exp
 0002:00013009       $N00072                    1007a009     DttSP.exp
 0002:00013017       $N00073                    1007a017     DttSP.exp
 0002:00013025       $N00074                    1007a025     DttSP.exp
 0002:00013034       $N00075                    1007a034     DttSP.exp
 0002:00013041       $N00076                    1007a041     DttSP.exp
 0002:0001304d       $N00077                    1007a04d     DttSP.exp
 0002:0001305f       $N00078                    1007a05f     DttSP.exp
 0002:0001306b       $N00079                    1007a06b     DttSP.exp
 0002:0001307c       $N00080                    1007a07c     DttSP.exp
 0002:00013089       $N00081                    1007a089     DttSP.exp
 0002:00013096       $N00082                    1007a096     DttSP.exp
 0002:000130ad       $N00083                    1007a0ad     DttSP.exp
 0002:000130bc       $N00084                    1007a0bc     DttSP.exp
 0002:000130c9       $N00085                    1007a0c9     DttSP.exp
 0002:000130dd       $N00086                    1007a0dd     DttSP.exp
 0002:000130ea       $N00087                    1007a0ea     DttSP.exp
 0002:000130fc       $N00088                    1007a0fc     DttSP.exp
 0002:0001310b       $N00089                    1007a10b     DttSP.exp
 0002:0001311e       $N00090                    1007a11e     DttSP.exp
 0002:0001312c       $N00091                    1007a12c     DttSP.exp
 0002:0001313b       $N00092                    1007a13b     DttSP.exp
 0002:00013143       $N00093                    1007a143     DttSP.exp
 0002:00013149       $N00094                    1007a149     DttSP.exp
 0002:00013153       $N00095                    1007a153     DttSP.exp
 0002:00013159       $N00096                    1007a159     DttSP.exp
 0002:00013163       $N00097                    1007a163     DttSP.exp
 0002:0001316f       $N00098                    1007a16f     DttSP.exp
 0002:0001317b       $N00099                    1007a17b     DttSP.exp
 0002:00013186       $N00100                    1007a186     DttSP.exp
 0002:0001318f       $N00101                    1007a18f     DttSP.exp
 0002:0001319e       $N00102                    1007a19e     DttSP.exp
 0002:000131ac       $N00103                    1007a1ac     DttSP.exp
 0002:000131b9       $N00104                    1007a1b9     DttSP.exp
 0002:000131cf       $N00105                    1007a1cf     DttSP.exp
 0002:000131dd       $N00106                    1007a1dd     DttSP.exp
 0002:000131e9       $N00107                    1007a1e9     DttSP.exp
 0002:000131f6       $N00108                    1007a1f6     DttSP.exp
 0002:00013207       $N00109                    1007a207     DttSP.exp
 0002:00013218       $N00110                    1007a218     DttSP.exp
 0002:00013224       $N00111                    1007a224     DttSP.exp
 0002:00013237       $N00112                    1007a237     DttSP.exp
 0002:0001324e       $N00113                    1007a24e     DttSP.exp
 0002:00013263       $N00114                    1007a263     DttSP.exp
 0002:0001326c       $N00115                    1007a26c     DttSP.exp
 0002:0001327c       $N00116                    1007a27c     DttSP.exp
 0002:00013285       $N00117                    1007a285     DttSP.exp
 0002:00013299       $N00118                    1007a299     DttSP.exp
 0002:000132a7       $N00119                    1007a2a7     DttSP.exp
 0002:000132b0       $N00120                    1007a2b0     DttSP.exp
 0002:000132bd       $N00121                    1007a2bd     DttSP.exp
 0002:000132cb       $N00122                    1007a2cb     DttSP.exp
 0002:000132e0       $N00123                    1007a2e0     DttSP.exp
 0002:000132f0       $N00124                    1007a2f0     DttSP.exp
 0002:000132fe       $N00125                    1007a2fe     DttSP.exp
 0002:00013309       $N00126                    1007a309     DttSP.exp
 0002:00013315       $N00127                    1007a315     DttSP.exp
 0002:00013327       $N00128                    1007a327     DttSP.exp
 0002:0001332e       $N00129                    1007a32e     DttSP.exp
 0002:00013342       $N00130                    1007a342     DttSP.exp
 0002:0001334d       $N00131                    1007a34d     DttSP.exp
 0002:00013363       $N00132                    1007a363     DttSP.exp
 0002:00013372       $N00133                    1007a372     DttSP.exp
 0002:0001337e       $N00134                    1007a37e     DttSP.exp
 0002:0001338c       $N00135                    1007a38c     DttSP.exp
 0002:00013399       $N00136                    1007a399     DttSP.exp
 0002:000133ad       $N00137                    1007a3ad     DttSP.exp
 0002:000133ba       $N00138                    1007a3ba     DttSP.exp
 0002:000133c9       $N00139                    1007a3c9     DttSP.exp
 0002:000133d6       $N00140                    1007a3d6     DttSP.exp
 0002:000133e6       $N00141                    1007a3e6     DttSP.exp
 0002:000133f7       $N00142                    1007a3f7     DttSP.exp
 0002:00013403       $N00143                    1007a403     DttSP.exp
 0002:00013416       $N00144                    1007a416     DttSP.exp
 0002:00013428       $N00145                    1007a428     DttSP.exp
 0002:00013439       $N00146                    1007a439     DttSP.exp
 0002:00013448       $N00147                    1007a448     DttSP.exp
 0002:00013458       $N00148                    1007a458     DttSP.exp
 0002:00013461       $N00149                    1007a461     DttSP.exp
 0002:00013471       $N00150                    1007a471     DttSP.exp
 0002:00013480       $N00151                    1007a480     DttSP.exp
 0002:00013490       $N00152                    1007a490     DttSP.exp
 0002:0001349d       $N00153                    1007a49d     DttSP.exp
 0002:000134a9       $N00154                    1007a4a9     DttSP.exp
 0002:000134c1       $N00155                    1007a4c1     DttSP.exp
 0002:000134cd       $N00156                    1007a4cd     DttSP.exp
 0002:000134d7       $N00157                    1007a4d7     DttSP.exp
 0002:000134e1       $N00158                    1007a4e1     DttSP.exp
 0002:000134ec       $N00159                    1007a4ec     DttSP.exp
 0002:000134f6       $N00160                    1007a4f6     DttSP.exp
 0002:00013507       $N00161                    1007a507     DttSP.exp
 0002:0001351a       $N00162                    1007a51a     DttSP.exp
 0002:0001352a       $N00163                    1007a52a     DttSP.exp
 0002:0001353b       $N00164                    1007a53b     DttSP.exp
 0002:00013552       $N00165                    1007a552     DttSP.exp
 0002:00013790       .idata$6                   1007a790     winMM:WINMM.dll
 0002:000137f6       .idata$6                   1007a7f6     libfftw3f-3:libfftw3f-3.dll
 0002:00013838       .idata$6                   1007a838     pthreadVC:pthreadVC.dll
 0002:000139ec       .idata$6                   1007a9ec     kernel32:KERNEL32.dll
 0003:00000024       _EQ_Num_48000              1007b024     graphiceq.obj
 0003:00000030       _EQ_Den_48000              1007b030     graphiceq.obj
 0003:00000038       _EQ_Num_96000              1007b038     graphiceq.obj
 0003:00000044       _EQ_Den_96000              1007b044     graphiceq.obj
 0003:0000004c       _EQ_Num_192000             1007b04c     graphiceq.obj
 0003:00000058       _EQ_Den_192000             1007b058     graphiceq.obj
 0003:00000060       _pole                      1007b060     hilbert.obj
 0003:00000090       __ISOband_info             1007b090     isoband.obj
 0003:00000350       _wpm                       1007b350     keyd.obj
 0003:00000354       _freq                      1007b354     keyd.obj
 0003:00000358       _ramp                      1007b358     keyd.obj
 0003:0000035c       _mid_element               1007b35c     keyd.obj
 0003:00000360       __white                    1007b360     splitfields.obj
 0003:00000368       _fast_atan_table           1007b368     fastrig1.obj
 0003:00000790       ?prefix@?1??getDimension@UnDecorator@@CA?AVDName@@_N@Z@4UStringLiteral@@A 1007b790     libvcruntime:undname.obj
 0003:00000798       ?__vcrt_flsindex@@3KA      1007b798     libvcruntime:per_thread_data.obj
 0003:000007b0       ?tzstd_program@@3PADA      1007b7b0     libucrt:timeset.obj
 0003:000007f0       ?tzdst_program@@3PADA      1007b7f0     libucrt:timeset.obj
 0003:00000830       ?w_tzstd_program@@3PA_WA   1007b830     libucrt:timeset.obj
 0003:000008b0       ?w_tzdst_program@@3PA_WA   1007b8b0     libucrt:timeset.obj
 0003:00000930       ?tzname_states@@3PAY01PADA 1007b930     libucrt:timeset.obj
 0003:00000938       ?w_tzname_states@@3PAY01PA_WA 1007b938     libucrt:timeset.obj
 0003:00000940       ?dststart@@3Utransitiondate@?A0x7639d0b4@@A 1007b940     libucrt:tzset.obj
 0003:0000094c       ?dstend@@3Utransitiondate@?A0x7639d0b4@@A 1007b94c     libucrt:tzset.obj
 0003:00000a10       ?errno_no_memory@@3HA      1007ba10     libucrt:errno.obj
 0003:00000a14       ?doserrno_no_memory@@3KA   1007ba14     libucrt:errno.obj
 0003:00000a18       ?__acrt_flsindex@@3KA      1007ba18     libucrt:per_thread_data.obj
 0003:00000a1c       __ctype_loc_style          1007ba1c     libucrt:wsetlocale.obj
 0003:00000c20       ?__DAZ_ENABLED@?1??__set_fpsr_sse2@@9@9 1007bc20     libucrt:fpctrl.obj
 0003:00000e48       __mbctypes                 1007be48     libucrt:mbctype.obj
 0003:00000f50       __mbcasemaps               1007bf50     libucrt:mbctype.obj
 0003:00001050       ?__rgctypeflag@@3PADA      1007c050     libucrt:mbctype.obj
 0003:00001058       ?__rgcode_page_info@@3PAUcode_page_info@@A 1007c058     libucrt:mbctype.obj
 0003:000011c0       ?__dcrt_lowio_console_output_handle@@3PAXA 1007c1c0     libucrt:initcon.obj
 0003:000012e0       ?buff@?1??fmt_tv@@9@9      1007c2e0     banal.obj
 0003:000013e0       __safemem_currcount        1007c3e0     bufvec.obj
 0003:000013ec       _EQ_Num                    1007c3ec     graphiceq.obj
 0003:000013f8       _EQ_Den                    1007c3f8     graphiceq.obj
 0003:00001409       _playing1                  1007c409     keyd.obj
 0003:0000140a       _playing                   1007c40a     keyd.obj
 0003:0000140b       _iambic                    1007c40b     keyd.obj
 0003:0000140c       _CS_CW                     1007c40c     keyd.obj
 0003:00001424       _UPDATE_OK                 1007c424     keyd.obj
 0003:0000143c       _cs_cw                     1007c43c     keyd.obj
 0003:00001440       _update_ok                 1007c440     keyd.obj
 0003:00001444       _bug                       1007c444     keyd.obj
 0003:00001445       _cw_ring_reset             1007c445     keyd.obj
 0003:00001446       _auto_space_char           1007c446     keyd.obj
 0003:00001448       _gain                      1007c448     keyd.obj
 0003:0000144c       ?keyerState@?1??klogic@@9@9 1007c44c     keyer.obj
 0003:00001450       ?last_element@?1??klogic@@9@9 1007c450     keyer.obj
 0003:00001454       ?ditmem@?1??klogic@@9@9    1007c454     keyer.obj
 0003:00001455       ?dahmem@?1??klogic@@9@9    1007c455     keyer.obj
 0003:00001456       ?squeezeStartedAfterCurrentElementStartedPlaying@?1??klogic@@9@9 1007c456     keyer.obj
 0003:00001457       ?squeezeStartedBeforeCurrentElementStartedPlaying@?1??klogic@@9@9 1007c457     keyer.obj
 0003:00001458       ?squeezeReleasedBeforeMidpointAndModeBStrict@?1??klogic@@9@9 1007c458     keyer.obj
 0003:00001459       ?afterflagdebug@?1??klogic@@9@9 1007c459     keyer.obj
 0003:00001460       ?keystate@?1??read_straight_key@@9@9 1007c460     keyerio.obj
 0003:00001464       ?debounce_buf_i@?1??read_straight_key@@9@9 1007c464     keyerio.obj
 0003:00001468       ?debounce_buf@?1??read_straight_key@@9@9 1007c468     keyerio.obj
 0003:000014e0       ?dah_debounce_buf@?1??read_iambic_key@@9@9 1007c4e0     keyerio.obj
 0003:00001500       ?dit_debounce_buf@?1??read_iambic_key@@9@9 1007c500     keyerio.obj
 0003:00001520       ?dah@?1??read_iambic_key@@9@9 1007c520     keyerio.obj
 0003:00001524       ?debounce_buf_i@?1??read_iambic_key@@9@9 1007c524     keyerio.obj
 0003:00001528       ?dit@?1??read_iambic_key@@9@9 1007c528     keyerio.obj
 0003:00001534       _mic_avg                   1007c534     sdr.obj
 0003:00001538       _mic_pk                    1007c538     sdr.obj
 0003:0000153c       _alc_avg                   1007c53c     sdr.obj
 0003:00001540       _alc_pk                    1007c540     sdr.obj
 0003:00001544       _lev_avg                   1007c544     sdr.obj
 0003:00001548       _lev_pk                    1007c548     sdr.obj
 0003:0000154c       _eq_avg                    1007c54c     sdr.obj
 0003:00001550       _eq_pk                     1007c550     sdr.obj
 0003:00001554       _comp_avg                  1007c554     sdr.obj
 0003:00001558       _comp_pk                   1007c558     sdr.obj
 0003:0000155c       _cpdr_avg                  1007c55c     sdr.obj
 0003:00001560       _cpdr_pk                   1007c560     sdr.obj
 0003:00001564       _TABLE_FACTOR              1007c564     fastrig1.obj
 0003:00001568       _sinT                      1007c568     fastrig1.obj
 0003:0000156c       _cosT                      1007c56c     fastrig1.obj
 0003:00001570       ?__proc_attached@@3HA      1007c570     LIBCMT:dll_dllmain.obj
 0003:00001578       _GS_ExceptionRecord        1007c578     LIBCMT:gs_report.obj
 0003:000015c8       _GS_ContextRecord          1007c5c8     LIBCMT:gs_report.obj
 0003:000018c0       ?is_initialized_as_dll@@3_NA 1007c8c0     LIBCMT:utility.obj
 0003:000018c1       ?module_local_atexit_table_initialized@@3_NA 1007c8c1     LIBCMT:utility.obj
 0003:000018c4       ?module_local_atexit_table@@3U_onexit_table_t@@A 1007c8c4     LIBCMT:utility.obj
 0003:000018d0       ?module_local_at_quick_exit_table@@3U_onexit_table_t@@A 1007c8d0     LIBCMT:utility.obj
 0003:00001910       ?heap@@3V_HeapManager@@A   1007c910     libvcruntime:undname.obj
 0003:00001924       ?__vcrt_startup_thread_ptd@@3U__vcrt_ptd@@A 1007c924     libvcruntime:per_thread_data.obj
 0003:0000194c       ___vcrt_lock_table         1007c94c     libvcruntime:locks.obj
 0003:00001964       ___vcrt_locks_initialized  1007c964     libvcruntime:locks.obj
 0003:00001968       ?module_handles@@3PAPAUHINSTANCE__@@A 1007c968     libvcruntime:winapi_downlevel.obj
 0003:00001974       ?function_pointers@@3PAPAXA 1007c974     libvcruntime:winapi_downlevel.obj
 0003:00001998       ?_tzname@@3V?$dual_state_global@PAPAD@__crt_state_management@@A 1007c998     libucrt:timeset.obj
 0003:0000199c       ?w_tzname@@3V?$dual_state_global@PAPA_W@__crt_state_management@@A 1007c99c     libucrt:timeset.obj
 0003:000019a0       ?last_wide_tz@@3PA_WA      1007c9a0     libucrt:tzset.obj
 0003:000019a8       ?tz_api_used@@3HA          1007c9a8     libucrt:tzset.obj
 0003:000019ac       ?tzset_init_state@@3V?$dual_state_global@J@__crt_state_management@@A 1007c9ac     libucrt:tzset.obj
 0003:000019b0       ?tz_info@@3U_TIME_ZONE_INFORMATION@@A 1007c9b0     libucrt:tzset.obj
 0003:00001a5c       ?c_termination_complete@@3JA 1007ca5c     libucrt:exit.obj
 0003:00001a60       ?thread_local_exit_callback_func@@3P6GXPAXK0@ZA 1007ca60     libucrt:exit.obj
 0003:00001a78       ?program_name@?1???$common_configure_argv@D@@YAHW4_crt_argv_mode@@@Z@4PADA 1007ca78     libucrt:argv_parsing.obj
 0003:00001b80       ?program_name@?1???$common_configure_argv@_W@@YAHW4_crt_argv_mode@@@Z@4PA_WA 1007cb80     libucrt:argv_parsing.obj
 0003:00001db4       __pmatherr_set             1007cdb4     libucrt:libm_error.obj
 0003:00001db8       ?__acrt_invalid_parameter_handler@@3V?$dual_state_global@P6AXPB_W00II@Z@__crt_state_management@@A 1007cdb8     libucrt:invalid_parameter.obj
 0003:00001dc0       ?module_handles@@3PAPAUHINSTANCE__@@A 1007cdc0     libucrt:winapi_thunks.obj
 0003:00001e10       ?encoded_function_pointers@@3PAPAXA 1007ce10     libucrt:winapi_thunks.obj
 0003:00001e98       ?static_enum_proc@?1??enum_system_locales_ex_nolock@@YAHQ6GHPA_WKJ@Z@Z@4P6GH0KJ@ZA 1007ce98     libucrt:winapi_thunks.obj
 0003:000020b0       ?__acrt_lock_table@@3PAU_RTL_CRITICAL_SECTION@@A 1007d0b0     libucrt:locks.obj
 0003:00002200       ?__acrt_locks_initialized@@3IA 1007d200     libucrt:locks.obj
 0003:00002204       ?state_cache@?1???$get_cached_win_policy@Ubegin_thread_init_policy_properties@?1??__acrt_get_begin_thread_init_policy@@YA?AW4begin_thread_init_policy@@XZ@@@YA?AW4begin_thread_init_policy@@W4AppPolicyThreadInitializationType@@@Z@4JA 1007d204     libucrt:win_policies.obj
 0003:00002208       ?state_cache@?1???$get_cached_win_policy@Udeveloper_information_policy_properties@?1??__acrt_get_developer_information_policy@@YA?AW4developer_information_policy@@XZ@@@YA?AW4developer_information_policy@@W4AppPolicyShowDeveloperDiagnostic@@@Z@4JA 1007d208     libucrt:win_policies.obj
 0003:0000220c       ?state_cache@?1???$get_cached_win_policy@Uwindowing_model_policy_properties@?1??__acrt_get_windowing_model_policy@@YA?AW4windowing_model_policy@@XZ@@@YA?AW4windowing_model_policy@@W4AppPolicyWindowingModel@@@Z@4JA 1007d20c     libucrt:win_policies.obj
 0003:00002210       ?internal_state@?1??_mbtowc_l@@9@4U_Mbstatet@@A 1007d210     libucrt:mbtowc.obj
 0003:00002218       ?enable_percent_n@@3IA     1007d218     libucrt:printf_count_output.obj
 0003:00002224       ?user_matherr@@3V?$dual_state_global@P6AHPAU_exception@@@Z@__crt_state_management@@A 1007d224     libucrt:matherr.obj
 0003:00002234       ?fSystemSet@@3HA           1007d234     libucrt:mbctype.obj
 0003:00002238       ?initialized@?1??__acrt_initialize_multibyte@@9@4_NA 1007d238     libucrt:mbctype.obj
 0003:0000225c       ?__acrt_new_handler@@3V?$dual_state_global@P6AHI@Z@__crt_state_management@@A 1007d25c     libucrt:new_handler.obj
 0003:00002260       ?console_ctrl_handler_installed@@3_NA 1007d260     libucrt:signal.obj
 0003:00002264       ?ctrlc_action@@3V?$dual_state_global@P6AXH@Z@__crt_state_management@@A 1007d264     libucrt:signal.obj
 0003:00002268       ?ctrlbreak_action@@3V?$dual_state_global@P6AXH@Z@__crt_state_management@@A 1007d268     libucrt:signal.obj
 0003:0000226c       ?abort_action@@3V?$dual_state_global@P6AXH@Z@__crt_state_management@@A 1007d26c     libucrt:signal.obj
 0003:00002270       ?term_action@@3V?$dual_state_global@P6AXH@Z@__crt_state_management@@A 1007d270     libucrt:signal.obj
 0003:00002274       ?mbst@?1??mbrlen@@9@4U_Mbstatet@@A 1007d274     libucrt:mbrtowc.obj
 0003:0000227c       ?mbst@?1??mbrtowc@@9@4U_Mbstatet@@A 1007d27c     libucrt:mbrtowc.obj
 0003:00002284       ?mbst@?1??_mbsrtowcs_helper@@YAIPA_WPAPBDIPAU_Mbstatet@@@Z@4U2@A 1007d284     libucrt:mbrtowc.obj
 0003:00002290       ?__acrt_global_new_mode@@3V?$dual_state_global@J@__crt_state_management@@A 1007d290     libucrt:new_mode.obj
 0003:00002294       ?__acrt_app_type@@3W4_crt_app_type@@A 1007d294     libucrt:report_runtime_error.obj
 0003:00002298       ?outmsg@?9??__acrt_report_runtime_error@@9@4PA_WA 1007d298     libucrt:report_runtime_error.obj
 0003:000028cc       ?internal_pst@?1??__mbrtoc32_utf8@__crt_mbstring@@YAIPA_UPBDIPAU_Mbstatet@@@Z@4U3@A 1007d8cc     libucrt:mbrtoc32.obj
 0003:000028d4       ___acrt_error_mode         1007d8d4     libucrt:set_error_mode.obj
 0004:000000a0       $R000000                   100bc0a0     DttSP.res
 0004:000003b8       $R000318                   100bc3b8     DttSP.res
