 DttSP

 Timestamp is 664ab5a8 (Sun May 19 21:30:00 2024)

 Preferred load address is 10000000

 Start         Length     Name                   Class
 0001:00000000 000193feH .text$mn                CODE
 0002:00000000 00000188H .idata$5                DATA
 0002:00000188 0000000cH .00cfg                  DATA
 0002:00000194 00000004H .CRT$XCA                DATA
 0002:00000198 00000004H .CRT$XCZ                DATA
 0002:0000019c 00000004H .CRT$XIA                DATA
 0002:000001a0 00000004H .CRT$XIZ                DATA
 0002:000001a4 00000004H .CRT$XPA                DATA
 0002:000001a8 00000004H .CRT$XPZ                DATA
 0002:000001ac 00000004H .CRT$XTA                DATA
 0002:000001b0 00000010H .CRT$XTZ                DATA
 0002:000001b4 00000000H .gfids$y                DATA
 0002:000001c0 000017c0H .rdata                  DATA
 0002:00001980 00000040H .rdata$CastGuardVftablesA DATA
 0002:000019c0 00000040H .rdata$CastGuardVftablesC DATA
 0002:00001a00 00000004H .rdata$sxdata           DATA
 0002:00001a04 0000037cH .rdata$voltmd           DATA
 0002:00001d80 00000300H .rdata$zzzdbg           DATA
 0002:00002080 00000004H .rtc$IAA                DATA
 0002:00002084 00000004H .rtc$IZZ                DATA
 0002:00002088 00000004H .rtc$TAA                DATA
 0002:0000208c 00000004H .rtc$TZZ                DATA
 0002:00002090 00000090H .xdata$x                DATA
 0002:00002120 00001044H .edata                  DATA
 0002:00003164 00000118H .idata$2                DATA
 0002:0000327c 00000014H .idata$3                DATA
 0002:00003290 00000188H .idata$4                DATA
 0002:00003418 0000078cH .idata$6                DATA
 0003:00000000 000007e0H .data                   DATA
 0003:000007e0 0003dd9cH .bss                    DATA
 0004:00000000 000000a0H .rsrc$01                DATA
 0004:000000a0 00000498H .rsrc$02                DATA

  Address         Publics by Value              Rva+Base       Lib:Object

 0000:00000000       ___AbsoluteZero            00000000     <absolute>
 0000:00000000       ___arm64x_extra_rfe_table  00000000     <absolute>
 0000:00000000       ___arm64x_extra_rfe_table_size 00000000     <absolute>
 0000:00000000       ___arm64x_native_entrypoint 00000000     <absolute>
 0000:00000000       ___arm64x_redirection_metadata 00000000     <absolute>
 0000:00000000       ___arm64x_redirection_metadata_count 00000000     <absolute>
 0000:00000000       ___dynamic_value_reloc_table 00000000     <absolute>
 0000:00000000       ___enclave_config          00000000     <absolute>
 0000:00000000       ___guard_check_icall_a64n_fptr 00000000     <absolute>
 0000:00000000       ___guard_eh_cont_count     00000000     <absolute>
 0000:00000000       ___guard_eh_cont_table     00000000     <absolute>
 0000:00000000       ___guard_fids_count        00000000     <absolute>
 0000:00000000       ___guard_fids_table        00000000     <absolute>
 0000:00000000       ___guard_iat_count         00000000     <absolute>
 0000:00000000       ___guard_iat_table         00000000     <absolute>
 0000:00000000       ___guard_longjmp_count     00000000     <absolute>
 0000:00000000       ___guard_longjmp_table     00000000     <absolute>
 0000:00000000       ___hybrid_auxiliary_delayload_iat 00000000     <absolute>
 0000:00000000       ___hybrid_auxiliary_delayload_iat_copy 00000000     <absolute>
 0000:00000000       ___hybrid_auxiliary_iat    00000000     <absolute>
 0000:00000000       ___hybrid_auxiliary_iat_copy 00000000     <absolute>
 0000:00000000       ___hybrid_code_map         00000000     <absolute>
 0000:00000000       ___hybrid_code_map_count   00000000     <absolute>
 0000:00000000       ___hybrid_image_info_bitfield 00000000     <absolute>
 0000:00000000       ___x64_code_ranges_to_entry_points 00000000     <absolute>
 0000:00000000       ___x64_code_ranges_to_entry_points_count 00000000     <absolute>
 0000:00000001       ___safe_se_handler_count   00000001     <absolute>
 0000:00000100       ___guard_flags             00000100     <absolute>
 0000:00000000       ___ImageBase               10000000     <linker-defined>
 0001:00000000       _AMDemod                   10001000 f   am_demod.obj
 0001:000002e0       _newAMD                    100012e0 f   am_demod.obj
 0001:000003d0       _delAMD                    100013d0 f   am_demod.obj
 0001:00000400       _nilfunc                   10001400 f   banal.obj
 0001:00000410       _popcnt                    10001410 f   banal.obj
 0001:00000480       _npoof2                    10001480 f   banal.obj
 0001:000004a0       _nblock2                   100014a0 f   banal.obj
 0001:000004c0       _in_blocks                 100014c0 f   banal.obj
 0001:00000500       _efopen                    10001500 f   banal.obj
 0001:00000540       _efreopen                  10001540 f   banal.obj
 0001:00000590       _filesize                  10001590 f   banal.obj
 0001:000005c0       _fdsize                    100015c0 f   banal.obj
 0001:000005f0       _now_tv                    100015f0 f   banal.obj
 0001:00000640       _diff_tv                   10001640 f   banal.obj
 0001:00000680       _sum_tv                    10001680 f   banal.obj
 0001:000006b0       _fmt_tv                    100016b0 f   banal.obj
 0001:000006e0       _since                     100016e0 f   banal.obj
 0001:00000780       _hinterp_vec               10001780 f   banal.obj
 0001:00000820       _status_message            10001820 f   banal.obj
 0001:00000850       _find_rcfile               10001850 f   banal.obj
 0001:000008f0       _hash                      100018f0 f   banal.obj
 0001:00000920       _gcd                       10001920 f   banal.obj
 0001:00000940       _least_common_mul          10001940 f   banal.obj
 0001:000009b0       ___local_stdio_printf_options 100019b0 f i banal.obj
 0001:000009c0       __snprintf                 100019c0 f i banal.obj
 0001:00000a00       _fprintf                   10001a00 f i banal.obj
 0001:00000a30       _sprintf                   10001a30 f i banal.obj
 0001:00000a70       _sqr                       10001a70 f i banal.obj
 0001:00000a80       _safealloc                 10001a80 f   bufvec.obj
 0001:00000af0       _safefree                  10001af0 f   bufvec.obj
 0001:00000b10       _safememcurrcount          10001b10 f   bufvec.obj
 0001:00000b20       _safememreset              10001b20 f   bufvec.obj
 0001:00000b30       _newvec_REAL               10001b30 f   bufvec.obj
 0001:00000ba0       _newvec_REAL_16            10001ba0 f   bufvec.obj
 0001:00000c10       _delvec_REAL               10001c10 f   bufvec.obj
 0001:00000c30       _newvec_IMAG               10001c30 f   bufvec.obj
 0001:00000ca0       _delvec_IMAG               10001ca0 f   bufvec.obj
 0001:00000cc0       _newvec_COMPLEX            10001cc0 f   bufvec.obj
 0001:00000d30       _delvec_COMPLEX            10001d30 f   bufvec.obj
 0001:00000d50       _newvec_COMPLEX_16         10001d50 f   bufvec.obj
 0001:00000dd0       _delvec_COMPLEX_16         10001dd0 f   bufvec.obj
 0001:00000de0       _dump_REAL                 10001de0 f   bufvec.obj
 0001:00000e50       _dump_IMAG                 10001e50 f   bufvec.obj
 0001:00000ec0       _dump_CX                   10001ec0 f   bufvec.obj
 0001:00000f40       _newCXB                    10001f40 f   bufvec.obj
 0001:00001020       _delCXB                    10002020 f   bufvec.obj
 0001:00001050       _newRLB                    10002050 f   bufvec.obj
 0001:00001130       _delRLB                    10002130 f   bufvec.obj
 0001:00001160       _normalize_vec_REAL        10002160 f   bufvec.obj
 0001:00001290       _normalize_vec_COMPLEX     10002290 f   bufvec.obj
 0001:000013d0       _safealloc16               100023d0 f   bufvec.obj
 0001:00001450       _newCorrectIQ              10002450 f   correctIQ.obj
 0001:000014f0       _delCorrectIQ              100024f0 f   correctIQ.obj
 0001:00001520       _correctIQ                 10002520 f   correctIQ.obj
 0001:00001710       _newCWToneGen              10002710 f   cwtones.obj
 0001:000017b0       _delCWToneGen              100027b0 f   cwtones.obj
 0001:000017e0       _setCWToneGenVals          100027e0 f   cwtones.obj
 0001:00001810       _CWToneOn                  10002810 f   cwtones.obj
 0001:00001920       _CWToneOff                 10002920 f   cwtones.obj
 0001:00001930       _CWTone                    10002930 f   cwtones.obj
 0001:00001b80       _CWComplexOSC              10002b80 f   cwtones.obj
 0001:00001c70       _DCBlock                   10002c70 f   dcblock.obj
 0001:00002240       _resetDCBlocker            10003240 f   dcblock.obj
 0001:00002280       _newDCBlocker              10003280 f   dcblock.obj
 0001:000022e0       _delDCBlocker              100032e0 f   dcblock.obj
 0001:00002300       _DttSPAgc                  10003300 f   dttspagc.obj
 0001:00002620       _newDttSPAgc               10003620 f   dttspagc.obj
 0001:00002880       _delDttSPAgc               10003880 f   dttspagc.obj
 0001:000028b0       _DttSPAgc_flushbuf         100038b0 f   dttspagc.obj
 0001:000028e0       _new_IIR_LPF_2P            100038e0 f   filt2p2z.obj
 0001:00002950       _del_IIR_LPF_2P            10003950 f   filt2p2z.obj
 0001:00002970       _do_IIR_LPF_2P             10003970 f   filt2p2z.obj
 0001:00002a00       _new_IIR_BPF_2P            10003a00 f   filt2p2z.obj
 0001:00002a80       _del_IIR_BPF_2P            10003a80 f   filt2p2z.obj
 0001:00002aa0       _do_IIR_BPF_2P             10003aa0 f   filt2p2z.obj
 0001:00002b50       _new_IIR_HPF_2P            10003b50 f   filt2p2z.obj
 0001:00002be0       _del_IIR_HPF_2P            10003be0 f   filt2p2z.obj
 0001:00002c00       _do_IIR_HPF_2P             10003c00 f   filt2p2z.obj
 0001:00002cd0       _new_IIR_2P2Z              10003cd0 f   filt2p2z.obj
 0001:00003100       _del_IIR_2P2Z              10004100 f   filt2p2z.obj
 0001:00003120       _do_IIR_2P2Z               10004120 f   filt2p2z.obj
 0001:00003230       _new_IIR_1P1Z              10004230 f   filt2p2z.obj
 0001:00003300       _del_IIR_1P1Z              10004300 f   filt2p2z.obj
 0001:00003320       _do_IIR_1P1Z               10004320 f   filt2p2z.obj
 0001:00003380       _newFIR_REAL               10004380 f   filter.obj
 0001:000033d0       _newFIR_COMPLEX            100043d0 f   filter.obj
 0001:00003420       _delFIR_REAL               10004420 f   filter.obj
 0001:00003440       _delFIR_COMPLEX            10004440 f   filter.obj
 0001:00003460       _newFIR_Lowpass_REAL       10004460 f   filter.obj
 0001:000035c0       _newFIR_Lowpass_COMPLEX    100045c0 f   filter.obj
 0001:00003700       _newFIR_Bandpass_REAL      10004700 f   filter.obj
 0001:000038c0       _newFIR_Bandpass_COMPLEX   100048c0 f   filter.obj
 0001:00003ac0       _newFIR_Highpass_REAL      10004ac0 f   filter.obj
 0001:00003d00       _newFIR_Highpass_COMPLEX   10004d00 f   filter.obj
 0001:00003ea0       _newFIR_Hilbert_REAL       10004ea0 f   filter.obj
 0001:00004050       _newFIR_Hilbert_COMPLEX    10005050 f   filter.obj
 0001:00004220       _newFIR_Bandstop_REAL      10005220 f   filter.obj
 0001:000044e0       _newFIR_Bandstop_COMPLEX   100054e0 f   filter.obj
 0001:00004760       _newFIRPFBChannelizer      10005760 f   filterbank.obj
 0001:000048f0       _newFIRHBPFBChannelizer    100058f0 f   filterbank.obj
 0001:00004a50       _delFIRDownsampler         10005a50 f   filterbank.obj
 0001:00004aa0       _doFIRPFBChannelizer       10005aa0 f   filterbank.obj
 0001:00004bb0       _newFIRPDownsampler        10005bb0 f   filterbank.obj
 0001:00004dc0       _newFIRPUpsampler          10005dc0 f   filterbank.obj
 0001:00004fd0       _delFIRPB                  10005fd0 f   filterbank.obj
 0001:00005030       _doFIRPFBUpsampler         10006030 f   filterbank.obj
 0001:00005140       _doFIRPFBdownsampler       10006140 f   filterbank.obj
 0001:00005260       _delFIRUpsample            10006260 f   filterbank.obj
 0001:000052b0       _FMDemod                   100062b0 f   fm_demod.obj
 0001:00005710       _newFMD                    10006710 f   fm_demod.obj
 0001:00005a80       _delFMD                    10006a80 f   fm_demod.obj
 0001:00005b00       _new_EQ                    10006b00 f   graphiceq.obj
 0001:00005cd0       _graphiceq                 10006cd0 f   graphiceq.obj
 0001:00006050       _delEQ                     10007050 f   graphiceq.obj
 0001:00006080       _newHilbert                10007080 f   hilbert.obj
 0001:00006370       _newHilbertsim             10007370 f   hilbert.obj
 0001:000063e0       _delHilbert                100073e0 f   hilbert.obj
 0001:00006420       _delHilsim                 10007420 f   hilbert.obj
 0001:00006450       _hilbert_transform         10007450 f   hilbert.obj
 0001:00006670       _hilsim_transform          10007670 f   hilbert.obj
 0001:000067a0       _ISOband_get_nominal       100077a0 f   isoband.obj
 0001:000067e0       _ISOband_get_exact         100077e0 f   isoband.obj
 0001:00006820       _ISOband_get_low           10007820 f   isoband.obj
 0001:00006860       _ISOband_get_high          10007860 f   isoband.obj
 0001:000068a0       _CWtoneExchange            100078a0 f   keyd.obj
 0001:00006a30       _send_tone                 10007a30 f   keyd.obj
 0001:00006b00       _send_silence              10007b00 f   keyd.obj
 0001:00006b90       _timer_callback@20         10007b90 f   keyd.obj
 0001:00006ba0       _sound_thread_keyd         10007ba0 f   keyd.obj
 0001:00006d60       _read_key                  10007d60 f   keyd.obj
 0001:00006e10       _SetWhichKey               10007e10 f   keyd.obj
 0001:00006e20       _key_thread_process        10007e20 f   keyd.obj
 0001:00006f90       _KeyerPlaying              10007f90 f   keyd.obj
 0001:00006fe0       _SetKeyerBug               10007fe0 f   keyd.obj
 0001:00007050       _SetKeyerSpeed             10008050 f   keyd.obj
 0001:00007090       _SetKeyerWeight            10008090 f   keyd.obj
 0001:000070c0       _SetKeyerIambic            100080c0 f   keyd.obj
 0001:00007130       _SetKeyerAutoSpace         10008130 f   keyd.obj
 0001:00007160       _SetKeyerModeBStrict       10008160 f   keyd.obj
 0001:00007190       _SetKeyerFreq              10008190 f   keyd.obj
 0001:00007200       _SetKeyerHarmonicRemove    10008200 f   keyd.obj
 0001:00007250       _SetKeyerGain              10008250 f   keyd.obj
 0001:000072f0       _SetKeyerRamp              100082f0 f   keyd.obj
 0001:00007360       _SetKeyerMode              10008360 f   keyd.obj
 0001:000073d0       _SetKeyerDeBounce          100083d0 f   keyd.obj
 0001:00007400       _SetKeyerRevPdl            10008400 f   keyd.obj
 0001:00007430       _NewKeyer                  10008430 f   keyd.obj
 0001:000075f0       _NewCriticalSection        100085f0 f   keyd.obj
 0001:00007610       _DestroyCriticalSection    10008610 f   keyd.obj
 0001:00007620       _CWRingRestart             10008620 f   keyd.obj
 0001:00007630       _StartKeyer                10008630 f   keyd.obj
 0001:00007690       _StopKeyer                 10008690 f   keyd.obj
 0001:000076d0       _KeyerRunning              100086d0 f   keyd.obj
 0001:000076e0       _DeleteKeyer               100086e0 f   keyd.obj
 0001:000077d0       _KeyerClockFireWait        100087d0 f   keyd.obj
 0001:000077e0       _KeyerClockFireRelease     100087e0 f   keyd.obj
 0001:000077f0       _KeyerStartedWait          100087f0 f   keyd.obj
 0001:00007800       _KeyerStartedRelease       10008800 f   keyd.obj
 0001:00007810       _PollTimerWait             10008810 f   keyd.obj
 0001:00007820       _PollTimerRelease          10008820 f   keyd.obj
 0001:00007830       _SetKeyerResetSize         10008830 f   keyd.obj
 0001:00007850       _SetKeyerSampleRate        10008850 f   keyd.obj
 0001:000078e0       _newKeyerState             100088e0 f   keyer.obj
 0001:00007900       _delKeyerState             10008900 f   keyer.obj
 0001:00007910       _newKeyerLogic             10008910 f   keyer.obj
 0001:00007930       _delKeyerLogic             10008930 f   keyer.obj
 0001:00007940       _klogic                    10008940 f   keyer.obj
 0001:00008210       _read_straight_key         10009210 f   keyerio.obj
 0001:00008320       _read_iambic_key           10009320 f   keyerio.obj
 0001:00008480       _new_lmsr                  10009480 f   lmadf.obj
 0001:00008520       _del_lmsr                  10009520 f   lmadf.obj
 0001:00008550       _lmsr_adapt                10009550 f   lmadf.obj
 0001:00008740       _new_blms                  10009740 f   lmadf.obj
 0001:000088a0       _blms_adapt                100098a0 f   lmadf.obj
 0001:00008d60       _del_blms                  10009d60 f   lmadf.obj
 0001:00008df0       _dump_filter               10009df0 f   lmadf.obj
 0001:00008e70       _dump_delay                10009e70 f   lmadf.obj
 0001:00008ef0       _malloc16Align             10009ef0 f   malloc16.obj
 0001:00008f20       _calloc16Align             10009f20 f   malloc16.obj
 0001:00008f70       _free16Align               10009f70 f   malloc16.obj
 0001:00008f90       _new_noiseblanker          10009f90 f   noiseblanker.obj
 0001:00009000       _del_nb                    1000a000 f   noiseblanker.obj
 0001:00009020       _noiseblanker              1000a020 f   noiseblanker.obj
 0001:000094c0       _SDROMnoiseblanker         1000a4c0 f   noiseblanker.obj
 0001:000095f0       _ComplexOSC                1000a5f0 f   oscillator.obj
 0001:000096a0       _RealOSC                   1000a6a0 f   oscillator.obj
 0001:00009710       _newOSC                    1000a710 f   oscillator.obj
 0001:00009790       _delOSC                    1000a790 f   oscillator.obj
 0001:000097d0       _newFiltOvSv               1000a7d0 f   ovsv.obj
 0001:00009920       _delFiltOvSv               1000a920 f   ovsv.obj
 0001:00009970       _FiltOvSv_initpoint        1000a970 f   ovsv.obj
 0001:00009980       _FiltOvSv_initsize         1000a980 f   ovsv.obj
 0001:00009990       _FiltOvSv_fetchpoint       1000a990 f   ovsv.obj
 0001:000099a0       _FiltOvSv_fetchsize        1000a9a0 f   ovsv.obj
 0001:000099b0       _FiltOvSv_storepoint       1000a9b0 f   ovsv.obj
 0001:000099c0       _FiltOvSv_storesize        1000a9c0 f   ovsv.obj
 0001:000099d0       _filter_OvSv               1000a9d0 f   ovsv.obj
 0001:00009ba0       _reset_OvSv                1000aba0 f   ovsv.obj
 0001:00009bd0       _newPolyPhaseFIR           1000abd0 f   resample.obj
 0001:00009c80       _PolyPhaseFIR              1000ac80 f   resample.obj
 0001:00009db0       _delPolyPhaseFIR           1000adb0 f   resample.obj
 0001:00009de0       _newPolyPhaseFIRF          1000ade0 f   resampleF.obj
 0001:00009e70       _PolyPhaseFIRF             1000ae70 f   resampleF.obj
 0001:00009f50       _delPolyPhaseFIRF          1000af50 f   resampleF.obj
 0001:00009f80       _ringb_create_usemem       1000af80 f   ringb.obj
 0001:00009fb0       _ringb_create              1000afb0 f   ringb.obj
 0001:0000a000       _ringb_float_create        1000b000 f   ringb.obj
 0001:0000a050       _ringb_free                1000b050 f   ringb.obj
 0001:0000a070       _ringb_float_free          1000b070 f   ringb.obj
 0001:0000a090       _ringb_get_read_vector     1000b090 f   ringb.obj
 0001:0000a120       _ringb_get_write_vector    1000b120 f   ringb.obj
 0001:0000a1c0       _ringb_read                1000b1c0 f   ringb.obj
 0001:0000a290       _ringb_float_read          1000b290 f   ringb.obj
 0001:0000a360       _ringb_peek                1000b360 f   ringb.obj
 0001:0000a420       _ringb_read_advance        1000b420 f   ringb.obj
 0001:0000a440       _ringb_float_read_advance  1000b440 f   ringb.obj
 0001:0000a460       _ringb_read_space          1000b460 f   ringb.obj
 0001:0000a490       _ringb_float_read_space    1000b490 f   ringb.obj
 0001:0000a4c0       _ringb_reset               1000b4c0 f   ringb.obj
 0001:0000a4e0       _ringb_float_reset         1000b4e0 f   ringb.obj
 0001:0000a500       _ringb_write               1000b500 f   ringb.obj
 0001:0000a5d0       _ringb_float_write         1000b5d0 f   ringb.obj
 0001:0000a6b0       _ringb_write_advance       1000b6b0 f   ringb.obj
 0001:0000a6d0       _ringb_float_write_advance 1000b6d0 f   ringb.obj
 0001:0000a6f0       _ringb_write_space         1000b6f0 f   ringb.obj
 0001:0000a720       _ringb_float_write_space   1000b720 f   ringb.obj
 0001:0000a750       _ringb_clear               1000b750 f   ringb.obj
 0001:0000a840       _ringb_float_clear         1000b840 f   ringb.obj
 0001:0000a940       _ringb_restart             1000b940 f   ringb.obj
 0001:0000a960       _ringb_float_restart       1000b960 f   ringb.obj
 0001:0000a980       _reset_meters              1000b980 f   sdr.obj
 0001:0000aa30       _reset_spectrum            1000ba30 f   sdr.obj
 0001:0000aa60       _reset_counters            1000ba60 f   sdr.obj
 0001:0000aab0       _setup_workspace           1000bab0 f   sdr.obj
 0001:0000ab50       _destroy_workspace         1000bb50 f   sdr.obj
 0001:0000ad90       _dump_buf                  1000bd90 f   sdr.obj
 0001:0000aef0       _process_samples           1000bef0 f   sdr.obj
 0001:0000edf0       _init_spectrum             1000fdf0 f   spectrum.obj
 0001:0000eee0       _reinit_spectrum           1000fee0 f   spectrum.obj
 0001:0000ef40       _snap_spectrum             1000ff40 f   spectrum.obj
 0001:0000f2a0       _snap_scope                100102a0 f   spectrum.obj
 0001:0000f300       _compute_spectrum          10010300 f   spectrum.obj
 0001:0000f560       _compute_complex_spectrum  10010560 f   spectrum.obj
 0001:0000f5e0       _finish_spectrum           100105e0 f   spectrum.obj
 0001:0000f650       _newSpeechProc             10010650 f   speechproc.obj
 0001:0000f710       _delSpeechProc             10010710 f   speechproc.obj
 0001:0000f740       _SpeechProcessor           10010740 f   speechproc.obj
 0001:0000f9e0       _F                         100109e0 f   splitfields.obj
 0001:0000f9f0       _Fptr                      100109f0 f   splitfields.obj
 0001:0000fa00       _NF                        10010a00 f   splitfields.obj
 0001:0000fa10       _splitonto                 10010a10 f   splitfields.obj
 0001:0000fa50       _spliton                   10010a50 f   splitfields.obj
 0001:0000fab0       _split                     10010ab0 f   splitfields.obj
 0001:0000fb10       _newSPLIT                  10010b10 f   splitfields.obj
 0001:0000fb30       _delSPLIT                  10010b30 f   splitfields.obj
 0001:0000fb50       _newSpotToneGen            10010b50 f   spottone.obj
 0001:0000fbf0       _delSpotToneGen            10010bf0 f   spottone.obj
 0001:0000fc20       _setSpotToneGenVals        10010c20 f   spottone.obj
 0001:0000fc50       _SpotToneOn                10010c50 f   spottone.obj
 0001:0000fd70       _SpotToneOff               10010d70 f   spottone.obj
 0001:0000fd80       _SpotTone                  10010d80 f   spottone.obj
 0001:0000fed0       _Setup_SDR                 10010ed0 f   update.obj
 0001:0000fee0       _Destroy_SDR               10010ee0 f   update.obj
 0001:0000fef0       _SetThreadNo               10010ef0 f   update.obj
 0001:0000ff50       _SetThreadCom              10010f50 f   update.obj
 0001:0000ffa0       _SetSwchFlag               10010fa0 f   update.obj
 0001:0000ffd0       _SetSwchRiseThresh         10010fd0 f   update.obj
 0001:00010010       _SetThreadProcessingMode   10011010 f   update.obj
 0001:000100c0       _SetMode                   100110c0 f   update.obj
 0001:00010190       _AudioReset                10011190 f   update.obj
 0001:000101a0       _SetRXManualNotchEnable    100111a0 f   update.obj
 0001:000101f0       _SetRXManualNotchBW        100111f0 f   update.obj
 0001:00010240       _SetRXManualNotchFreq      10011240 f   update.obj
 0001:00010390       _SetRXDCBlock              10011390 f   update.obj
 0001:000103e0       _SetRXDCBlockGain          100113e0 f   update.obj
 0001:00010430       _SetTXDCBlock              10011430 f   update.obj
 0001:00010470       _SetTXFMDeviation          10011470 f   update.obj
 0001:000104d0       _SetTXFMDataMode           100114d0 f   update.obj
 0001:00010510       _SetHiResPan               10011510 f   update.obj
 0001:00010550       _SetRXFMDeviation          10011550 f   update.obj
 0001:000105d0       _SetCTCSSFreq              100115d0 f   update.obj
 0001:00010640       _SetCTCSSFlag              10011640 f   update.obj
 0001:00010680       _SetFMSquelchThreshold     10011680 f   update.obj
 0001:000106f0       _SetTXFilter               100116f0 f   update.obj
 0001:000108c0       _SetRXFilter               100118c0 f   update.obj
 0001:00010a90       _Release_Update            10011a90 f   update.obj
 0001:00010ac0       _SetRXOutputGain           10011ac0 f   update.obj
 0001:00010b10       _SetOscPhase               10011b10 f   update.obj
 0001:00010ba0       _SetRXOsc                  10011ba0 f   update.obj
 0001:00010c40       _SetTXOsc                  10011c40 f   update.obj
 0001:00010ce0       _SetSampleRate             10011ce0 f   update.obj
 0001:00010d90       _SetNR                     10011d90 f   update.obj
 0001:00010df0       _SetNRvals                 10011df0 f   update.obj
 0001:00010e90       _SetTXCompandSt            10011e90 f   update.obj
 0001:00010ed0       _SetTXCompand              10011ed0 f   update.obj
 0001:00010f20       _SetTXSquelchSt            10011f20 f   update.obj
 0001:00010f60       _SetTXSquelchVal           10011f60 f   update.obj
 0001:00010fa0       _SetTXSquelchAtt           10011fa0 f   update.obj
 0001:00010fe0       _SetANF                    10011fe0 f   update.obj
 0001:00011040       _SetANFvals                10012040 f   update.obj
 0001:000110e0       _SetNB                     100120e0 f   update.obj
 0001:00011120       _SetNBvals                 10012120 f   update.obj
 0001:00011190       _SetSDROM                  10012190 f   update.obj
 0001:000111d0       _SetSDROMvals              100121d0 f   update.obj
 0001:00011220       _SetBIN                    10012220 f   update.obj
 0001:00011260       _SetRXAGC                  10012260 f   update.obj
 0001:00011550       _SetRXAGCAttack            10012550 f   update.obj
 0001:00011670       _SetRXAGCDecay             10012670 f   update.obj
 0001:00011720       _SetRXAGCHang              10012720 f   update.obj
 0001:00011780       _SetRXAGCSlope             10012780 f   update.obj
 0001:000117f0       _SetRXAGCHangThreshold     100127f0 f   update.obj
 0001:00011850       _SetTXALCAttack            10012850 f   update.obj
 0001:00011970       _SetTXAMCarrierLevel       10012970 f   update.obj
 0001:000119b0       _SetTXALCDecay             100129b0 f   update.obj
 0001:00011a60       _SetTXALCBot               10012a60 f   update.obj
 0001:00011ac0       _SetTXALCHang              10012ac0 f   update.obj
 0001:00011b20       _SetTXLevelerSt            10012b20 f   update.obj
 0001:00011b60       _SetTXLevelerAttack        10012b60 f   update.obj
 0001:00011c80       _SetTXLevelerDecay         10012c80 f   update.obj
 0001:00011d30       _SetTXLevelerHang          10012d30 f   update.obj
 0001:00011d80       _SetTXLevelerTop           10012d80 f   update.obj
 0001:00011df0       _SetFixedAGC               10012df0 f   update.obj
 0001:00011e60       _SetRXAGCTop               10012e60 f   update.obj
 0001:00011ee0       _GetSAMPLLvals             10012ee0 f   update.obj
 0001:00011f40       _SetSAMPLLvals             10012f40 f   update.obj
 0001:00011fa0       _GetSAMFreq                10012fa0 f   update.obj
 0001:00011ff0       _GetFMSquelchBreak         10012ff0 f   update.obj
 0001:00012040       _SetCorrectIQ              10013040 f   update.obj
 0001:000120c0       _SetCorrectIQGain          100130c0 f   update.obj
 0001:00012120       _SetCorrectIQPhase         10013120 f   update.obj
 0001:00012170       _SetCorrectIQEnable        10013170 f   update.obj
 0001:000121a0       _SetCorrectRXIQMu          100131a0 f   update.obj
 0001:000121f0       _SetCorrectWBIRState       100131f0 f   update.obj
 0001:00012230       _GetCorrectRXIQMu          10013230 f   update.obj
 0001:00012250       _SetCorrectRXIQw           10013250 f   update.obj
 0001:000122d0       _GetCorrectRXIQw           100132d0 f   update.obj
 0001:00012330       _SetCorrectRXIQwReal       10013330 f   update.obj
 0001:00012380       _SetCorrectRXIQwImag       10013380 f   update.obj
 0001:000123d0       _SetCorrectTXIQ            100133d0 f   update.obj
 0001:00012440       _SetCorrectTXIQGain        10013440 f   update.obj
 0001:000124a0       _SetCorrectTXIQPhase       100134a0 f   update.obj
 0001:000124f0       _SetCorrectTXIQMu          100134f0 f   update.obj
 0001:00012540       _SetCorrectTXIQW           10013540 f   update.obj
 0001:000125a0       _SetPWSmode                100135a0 f   update.obj
 0001:00012680       _SetWindow                 10013680 f   update.obj
 0001:000126e0       _SetSpectrumPolyphase      100136e0 f   update.obj
 0001:00012870       _SetGrphTXEQ               10013870 f   update.obj
 0001:00012f20       _SetGrphTXEQ10             10013f20 f   update.obj
 0001:00013300       _SetGrphTXEQ28             10014300 f   update.obj
 0001:000136d0       _SetGrphTXEQ37             100146d0 f   update.obj
 0001:00013c20       _SetGrphTXPEQ              10014c20 f   update.obj
 0001:00014000       _SetGrphTXEQcmd            10015000 f   update.obj
 0001:00014040       _SetNotch160               10015040 f   update.obj
 0001:00014050       _SetGrphRXEQ               10015050 f   update.obj
 0001:00014710       _SetGrphRXEQ10             10015710 f   update.obj
 0001:00014af0       _SetGrphRXEQcmd            10015af0 f   update.obj
 0001:00014b30       _SetTXAGCFF                10015b30 f   update.obj
 0001:00014b70       _SetTXAGCFFCompression     10015b70 f   update.obj
 0001:00014c10       _SetSquelchVal             10015c10 f   update.obj
 0001:00014c60       _SetSquelchState           10015c60 f   update.obj
 0001:00014ca0       _SetTRX                    10015ca0 f   update.obj
 0001:00014ce0       _FlushAllBufs              10015ce0 f   update.obj
 0001:00014e00       _SetDSPBuflen              10015e00 f   update.obj
 0001:00014e50       _SetAudioSize              10015e50 f   update.obj
 0001:00014f10       _SetTXAGCCompression       10015f10 f   update.obj
 0001:00014f20       _Process_ComplexSpectrum   10015f20 f   update.obj
 0001:00014f80       _Process_Spectrum          10015f80 f   update.obj
 0001:00014fe0       _Process_Panadapter        10015fe0 f   update.obj
 0001:00015060       _Process_Phase             10016060 f   update.obj
 0001:00015100       _Process_Scope             10016100 f   update.obj
 0001:000151d0       _SetRingBufferOffset       100161d0 f   update.obj
 0001:00015210       _CalculateRXMeter          10016210 f   update.obj
 0001:00015300       _CalculateTXMeter          10016300 f   update.obj
 0001:00015480       _NewResampler              10016480 f   update.obj
 0001:000154b0       _DoResampler               100164b0 f   update.obj
 0001:000154e0       _DelPolyPhaseFIR           100164e0 f   update.obj
 0001:000154f0       _NewResamplerF             100164f0 f   update.obj
 0001:00015520       _DoResamplerF              10016520 f   update.obj
 0001:00015550       _DelPolyPhaseFIRF          10016550 f   update.obj
 0001:00015560       _SetSubRXSt                10016560 f   update.obj
 0001:00015640       _SetRXPan                  10016640 f   update.obj
 0001:00015730       _SetDiversity              10016730 f   update.obj
 0001:00015780       _SetDiversityScalar        10016780 f   update.obj
 0001:000157c0       _SetDiversityGain          100167c0 f   update.obj
 0001:000157f0       _makewindow                100167f0 f   window.obj
 0001:00015fc0       _Audio_Callback            10016fc0 f   winmain.obj
 0001:00016180       _Audio_Callback2           10017180 f   winmain.obj
 0001:00016530       _process_samples_thread    10017530 f   winmain.obj
 0001:00016740       _closeup                   10017740 f   winmain.obj
 0001:000167e0       _setup                     100177e0 f   winmain.obj
 0001:00016c30       _reset_for_buflen          10017c30 f   winmain.obj
 0001:00016d00       _reset_for_samplerate      10017d00 f   winmain.obj
 0001:00017360       _WSCompand                 10018360 f   wscompand.obj
 0001:00017480       _WSCReset                  10018480 f   wscompand.obj
 0001:00017550       _newWSCompander            10018550 f   wscompand.obj
 0001:00017670       _delWSCompander            10018670 f   wscompand.obj
 0001:000176a0       _InitSPEEDTRIG             100186a0 f   fastrig1.obj
 0001:00017710       _fast_sin                  10018710 f   fastrig1.obj
 0001:00017790       _fast_cos                  10018790 f   fastrig1.obj
 0001:00017810       _fast_atan2                10018810 f   fastrig1.obj
 0001:00017970       _phasemod                  10018970 f   fastrig1.obj
 0001:000179c3       _timeSetEvent@20           100189c3 f   winMM:WINMM.dll
 0001:000179c9       _timeKillEvent@4           100189c9 f   winMM:WINMM.dll
 0001:000179cf       _fftwf_execute             100189cf f   libfftw3f-3:libfftw3f-3.dll
 0001:000179d5       _fftwf_plan_dft_1d         100189d5 f   libfftw3f-3:libfftw3f-3.dll
 0001:000179db       _fftwf_destroy_plan        100189db f   libfftw3f-3:libfftw3f-3.dll
 0001:000179e1       _fftwf_import_wisdom_from_string 100189e1 f   libfftw3f-3:libfftw3f-3.dll
 0001:000179e7       _sem_init                  100189e7 f   pthreadVC:pthreadVC.dll
 0001:000179ed       _sem_destroy               100189ed f   pthreadVC:pthreadVC.dll
 0001:000179f3       _sem_wait                  100189f3 f   pthreadVC:pthreadVC.dll
 0001:000179f9       _sem_post                  100189f9 f   pthreadVC:pthreadVC.dll
 0001:00017a00       __alldiv                   10018a00 f   MSVCRT:lldiv.obj
 0001:00017ab0       __alloca_probe             10018ab0 f   MSVCRT:chkstk.obj
 0001:00017ab0       __chkstk                   10018ab0 f   MSVCRT:chkstk.obj
 0001:00017ae0       __ftoui3                   10018ae0 f   MSVCRT:ftol3.obj
 0001:00017b30       __ftoul3                   10018b30 f   MSVCRT:ftol3.obj
 0001:00017ba0       __ftoul3_legacy            10018ba0 f   MSVCRT:ftol3.obj
 0001:00017bd0       __ftol3                    10018bd0 f   MSVCRT:ftol3.obj
 0001:00017c40       __dtoui3                   10018c40 f   MSVCRT:ftol3.obj
 0001:00017cc0       __dtoul3                   10018cc0 f   MSVCRT:ftol3.obj
 0001:00017d70       __dtoul3_legacy            10018d70 f   MSVCRT:ftol3.obj
 0001:00017da0       __dtol3                    10018da0 f   MSVCRT:ftol3.obj
 0001:00017e50       __ultod3                   10018e50 f   MSVCRT:ftol3.obj
 0001:00017ea0       __ltod3                    10018ea0 f   MSVCRT:ftol3.obj
 0001:00017ef0       __ultof3                   10018ef0 f   MSVCRT:ftol3.obj
 0001:00017f70       __ltof3                    10018f70 f   MSVCRT:ftol3.obj
 0001:000182f6       __CRT_INIT@12              100192f6 f   MSVCRT:dll_dllmain.obj
 0001:000182ff       __DllMainCRTStartup@12     100192ff f   MSVCRT:dll_dllmain.obj
 0001:00018322       ___isa_available_init      10019322 f   MSVCRT:cpu_disp.obj
 0001:00018543       ___security_init_cookie    10019543 f   MSVCRT:gs_support.obj
 0001:0001858e       _DllMain@12                1001958e f   MSVCRT:dll_dllmain_stub.obj
 0001:000185b0       ?__scrt_initialize_type_info@@YAXXZ 100195b0 f   MSVCRT:tncleanup.obj
 0001:000185bc       ?__scrt_uninitialize_type_info@@YAXXZ 100195bc f   MSVCRT:tncleanup.obj
 0001:000185c8       ___local_stdio_scanf_options 100195c8 f i MSVCRT:default_local_stdio_options.obj
 0001:000185ce       ___scrt_initialize_default_local_stdio_options 100195ce f   MSVCRT:default_local_stdio_options.obj
 0001:000185eb       ?configure_argv@__scrt_narrow_argv_policy@@SAHXZ 100195eb f i MSVCRT:utility.obj
 0001:0001863c       ?initialize_environment@__scrt_narrow_environment_policy@@SAHXZ 1001963c f i MSVCRT:utility.obj
 0001:00018674       _NtCurrentTeb              10019674 f i MSVCRT:utility.obj
 0001:0001867b       ___scrt_acquire_startup_lock 1001967b f   MSVCRT:utility.obj
 0001:000186ad       ___scrt_dllmain_after_initialize_c 100196ad f   MSVCRT:utility.obj
 0001:000186d8       ___scrt_dllmain_before_initialize_c 100196d8 f   MSVCRT:utility.obj
 0001:000186e6       ___scrt_dllmain_crt_thread_attach 100196e6 f   MSVCRT:utility.obj
 0001:00018705       ___scrt_dllmain_crt_thread_detach 10019705 f   MSVCRT:utility.obj
 0001:00018712       ___scrt_dllmain_exception_filter 10019712 f   MSVCRT:utility.obj
 0001:00018746       ___scrt_dllmain_uninitialize_c 10019746 f   MSVCRT:utility.obj
 0001:00018769       ___scrt_dllmain_uninitialize_critical 10019769 f   MSVCRT:utility.obj
 0001:00018776       ___scrt_initialize_crt     10019776 f   MSVCRT:utility.obj
 0001:000187af       ___scrt_initialize_onexit_tables 100197af f   MSVCRT:utility.obj
 0001:00018836       ___scrt_is_nonwritable_in_current_image 10019836 f   MSVCRT:utility.obj
 0001:000188ca       ___scrt_release_startup_lock 100198ca f   MSVCRT:utility.obj
 0001:000188e7       ___scrt_uninitialize_crt   100198e7 f   MSVCRT:utility.obj
 0001:0001890f       __onexit                   1001990f f   MSVCRT:utility.obj
 0001:0001893c       _at_quick_exit             1001993c f   MSVCRT:utility.obj
 0001:0001895f       _atexit                    1001995f f   MSVCRT:utility.obj
 0001:00018974       ___scrt_get_dyn_tls_init_callback 10019974 f   MSVCRT:dyn_tls_init.obj
 0001:0001897a       ___scrt_fastfail           1001997a f   MSVCRT:utility_desktop.obj
 0001:00018a8f       ___scrt_get_show_window_mode 10019a8f f   MSVCRT:utility_desktop.obj
 0001:00018ac0       ___scrt_initialize_mta     10019ac0 f   MSVCRT:utility_desktop.obj
 0001:00018ac5       ___scrt_initialize_winrt   10019ac5 f   MSVCRT:utility_desktop.obj
 0001:00018ac8       ___scrt_is_managed_app     10019ac8 f   MSVCRT:utility_desktop.obj
 0001:00018b0a       ___scrt_set_unhandled_exception_filter 10019b0a f   MSVCRT:utility_desktop.obj
 0001:00018b16       ___scrt_exe_initialize_mta 10019b16 f   MSVCRT:utility_desktop.obj
 0001:00018b16       ___scrt_stub_for_initialize_mta 10019b16 f   MSVCRT:utility_desktop.obj
 0001:00018b19       ___scrt_unhandled_exception_filter@4 10019b19 f   MSVCRT:utility_desktop.obj
 0001:00018b6f       __crt_debugger_hook        10019b6f f   MSVCRT:utility_desktop.obj
 0001:00018b77       __RTC_Initialize           10019b77 f   MSVCRT:initsect.obj
 0001:00018ba3       __RTC_Terminate            10019ba3 f   MSVCRT:initsect.obj
 0001:00018bd0       __SEH_prolog4              10019bd0 f   MSVCRT:sehprolg4.obj
 0001:00018c20       __SEH_epilog4              10019c20 f   MSVCRT:sehprolg4.obj
 0001:00018c34       __except_handler4          10019c34 f   MSVCRT:chandler4gs.obj
 0001:00018c63       @_guard_check_icall_nop@4  10019c63 f i MSVCRT:guard_support.obj
 0001:00018c66       _ReadNoFence               10019c66 f i MSVCRT:guard_support.obj
 0001:00018c70       _ReadPointerNoFence        10019c70 f i MSVCRT:guard_support.obj
 0001:00018c7a       __InlineInterlockedExchangePointer 10019c7a f i MSVCRT:guard_support.obj
 0001:00018c87       ___castguard_check_failure_debugbreak 10019c87 f i MSVCRT:guard_support.obj
 0001:00018ca2       ___castguard_check_failure_fastfail 10019ca2 f i MSVCRT:guard_support.obj
 0001:00018cc1       ___castguard_check_failure_nop 10019cc1 f i MSVCRT:guard_support.obj
 0001:00018cc4       ___castguard_check_failure_os_handled 10019cc4 f i MSVCRT:guard_support.obj
 0001:00018cfb       ___castguard_check_failure_user_handled 10019cfb f i MSVCRT:guard_support.obj
 0001:00018d69       ___castguard_set_user_handler 10019d69 f i MSVCRT:guard_support.obj
 0001:00018d78       ___castguard_slow_path_check_debugbreak 10019d78 f i MSVCRT:guard_support.obj
 0001:00018da5       ___castguard_slow_path_check_fastfail 10019da5 f i MSVCRT:guard_support.obj
 0001:00018dd6       ___castguard_slow_path_check_nop 10019dd6 f i MSVCRT:guard_support.obj
 0001:00018dd9       ___castguard_slow_path_check_os_handled 10019dd9 f i MSVCRT:guard_support.obj
 0001:00018e15       ___castguard_slow_path_check_user_handled 10019e15 f i MSVCRT:guard_support.obj
 0001:00018e76       __guard_icall_checks_enforced 10019e76 f i MSVCRT:guard_support.obj
 0001:00018e88       __get_startup_argv_mode    10019e88 f   MSVCRT:argv_mode.obj
 0001:00018e8c       ___scrt_is_ucrt_dll_in_use 10019e8c f   MSVCRT:ucrt_detection.obj
 0001:00018e98       @__security_check_cookie@4 10019e98 f   MSVCRT:secchk.obj
 0001:00018ea6       ___raise_securityfailure   10019ea6 f   MSVCRT:gs_report.obj
 0001:00018ece       ___report_gsfailure        10019ece f   MSVCRT:gs_report.obj
 0001:00018fc8       ___report_rangecheckfailure 10019fc8 f   MSVCRT:gs_report.obj
 0001:00018fd4       ___report_securityfailure  10019fd4 f   MSVCRT:gs_report.obj
 0001:000190a3       ___report_securityfailureEx 1001a0a3 f   MSVCRT:gs_report.obj
 0001:000191b8       _GetSystemTimeAsFileTime@4 1001a1b8 f   kernel32:KERNEL32.dll
 0001:000191be       _EnterCriticalSection@4    1001a1be f   kernel32:KERNEL32.dll
 0001:000191c4       _LeaveCriticalSection@4    1001a1c4 f   kernel32:KERNEL32.dll
 0001:000191ca       _InitializeCriticalSectionAndSpinCount@8 1001a1ca f   kernel32:KERNEL32.dll
 0001:000191d0       _DeleteCriticalSection@4   1001a1d0 f   kernel32:KERNEL32.dll
 0001:000191d6       _Sleep@4                   1001a1d6 f   kernel32:KERNEL32.dll
 0001:000191dc       _GetCurrentThreadId@0      1001a1dc f   kernel32:KERNEL32.dll
 0001:000191e2       _IsProcessorFeaturePresent@4 1001a1e2 f   kernel32:KERNEL32.dll
 0001:000191e8       _QueryPerformanceCounter@4 1001a1e8 f   kernel32:KERNEL32.dll
 0001:000191ee       _GetCurrentProcessId@0     1001a1ee f   kernel32:KERNEL32.dll
 0001:000191f4       _DisableThreadLibraryCalls@4 1001a1f4 f   kernel32:KERNEL32.dll
 0001:000191fa       _InitializeSListHead@4     1001a1fa f   kernel32:KERNEL32.dll
 0001:00019200       _IsDebuggerPresent@0       1001a200 f   kernel32:KERNEL32.dll
 0001:00019206       _UnhandledExceptionFilter@4 1001a206 f   kernel32:KERNEL32.dll
 0001:0001920c       _SetUnhandledExceptionFilter@4 1001a20c f   kernel32:KERNEL32.dll
 0001:00019212       _GetStartupInfoW@4         1001a212 f   kernel32:KERNEL32.dll
 0001:00019218       _GetModuleHandleW@4        1001a218 f   kernel32:KERNEL32.dll
 0001:0001921e       _GetCurrentProcess@0       1001a21e f   kernel32:KERNEL32.dll
 0001:00019224       _TerminateProcess@8        1001a224 f   kernel32:KERNEL32.dll
 0001:0001922a       _memset                    1001a22a f   vcruntime:VCRUNTIME140.dll
 0001:00019230       _memcpy                    1001a230 f   vcruntime:VCRUNTIME140.dll
 0001:00019236       ___std_type_info_destroy_list 1001a236 f   vcruntime:VCRUNTIME140.dll
 0001:0001923c       ___current_exception       1001a23c f   vcruntime:VCRUNTIME140.dll
 0001:00019242       ___current_exception_context 1001a242 f   vcruntime:VCRUNTIME140.dll
 0001:00019248       __except_handler4_common   1001a248 f   vcruntime:VCRUNTIME140.dll
 0001:0001924e       __libm_sse2_cos_precise    1001a24e f   ucrt:api-ms-win-crt-math-l1-1-0.dll
 0001:00019254       __libm_sse2_sin_precise    1001a254 f   ucrt:api-ms-win-crt-math-l1-1-0.dll
 0001:0001925a       __libm_sse2_sqrt_precise   1001a25a f   ucrt:api-ms-win-crt-math-l1-1-0.dll
 0001:00019260       __fstat64i32               1001a260 f   ucrt:api-ms-win-crt-filesystem-l1-1-0.dll
 0001:00019266       __stat64i32                1001a266 f   ucrt:api-ms-win-crt-filesystem-l1-1-0.dll
 0001:0001926c       ___daylight                1001a26c f   ucrt:api-ms-win-crt-time-l1-1-0.dll
 0001:00019272       ___timezone                1001a272 f   ucrt:api-ms-win-crt-time-l1-1-0.dll
 0001:00019278       __tzset                    1001a278 f   ucrt:api-ms-win-crt-time-l1-1-0.dll
 0001:0001927e       _exit                      1001a27e f   ucrt:api-ms-win-crt-runtime-l1-1-0.dll
 0001:00019284       _getenv                    1001a284 f   ucrt:api-ms-win-crt-environment-l1-1-0.dll
 0001:0001928a       ___acrt_iob_func           1001a28a f   ucrt:api-ms-win-crt-stdio-l1-1-0.dll
 0001:00019290       _fopen                     1001a290 f   ucrt:api-ms-win-crt-stdio-l1-1-0.dll
 0001:00019296       _freopen                   1001a296 f   ucrt:api-ms-win-crt-stdio-l1-1-0.dll
 0001:0001929c       ___stdio_common_vfprintf   1001a29c f   ucrt:api-ms-win-crt-stdio-l1-1-0.dll
 0001:000192a2       ___stdio_common_vsprintf   1001a2a2 f   ucrt:api-ms-win-crt-stdio-l1-1-0.dll
 0001:000192a8       _calloc                    1001a2a8 f   ucrt:api-ms-win-crt-heap-l1-1-0.dll
 0001:000192ae       _free                      1001a2ae f   ucrt:api-ms-win-crt-heap-l1-1-0.dll
 0001:000192b4       __aligned_free             1001a2b4 f   ucrt:api-ms-win-crt-heap-l1-1-0.dll
 0001:000192ba       __aligned_malloc           1001a2ba f   ucrt:api-ms-win-crt-heap-l1-1-0.dll
 0001:000192c0       _perror                    1001a2c0 f   ucrt:api-ms-win-crt-runtime-l1-1-0.dll
 0001:000192c6       __libm_sse2_pow_precise    1001a2c6 f   ucrt:api-ms-win-crt-math-l1-1-0.dll
 0001:000192cc       __libm_sse2_exp_precise    1001a2cc f   ucrt:api-ms-win-crt-math-l1-1-0.dll
 0001:000192d2       _malloc                    1001a2d2 f   ucrt:api-ms-win-crt-heap-l1-1-0.dll
 0001:000192d8       __CIsinh                   1001a2d8 f   ucrt:api-ms-win-crt-math-l1-1-0.dll
 0001:000192de       __libm_sse2_log_precise    1001a2de f   ucrt:api-ms-win-crt-math-l1-1-0.dll
 0001:000192e4       _ceil                      1001a2e4 f   ucrt:api-ms-win-crt-math-l1-1-0.dll
 0001:000192ea       _rand                      1001a2ea f   ucrt:api-ms-win-crt-utility-l1-1-0.dll
 0001:000192f0       _fflush                    1001a2f0 f   ucrt:api-ms-win-crt-stdio-l1-1-0.dll
 0001:000192f6       __libm_sse2_log10_precise  1001a2f6 f   ucrt:api-ms-win-crt-math-l1-1-0.dll
 0001:000192fc       _fclose                    1001a2fc f   ucrt:api-ms-win-crt-stdio-l1-1-0.dll
 0001:00019302       _fread                     1001a302 f   ucrt:api-ms-win-crt-stdio-l1-1-0.dll
 0001:00019308       _fwrite                    1001a308 f   ucrt:api-ms-win-crt-stdio-l1-1-0.dll
 0001:0001930e       _strtok                    1001a30e f   ucrt:api-ms-win-crt-string-l1-1-0.dll
 0001:00019314       __libm_sse2_atan_precise   1001a314 f   ucrt:api-ms-win-crt-math-l1-1-0.dll
 0001:0001931a       _floor                     1001a31a f   ucrt:api-ms-win-crt-math-l1-1-0.dll
 0001:00019320       __except1                  1001a320 f   ucrt:api-ms-win-crt-math-l1-1-0.dll
 0001:00019326       __initterm                 1001a326 f   ucrt:api-ms-win-crt-runtime-l1-1-0.dll
 0001:0001932c       __initterm_e               1001a32c f   ucrt:api-ms-win-crt-runtime-l1-1-0.dll
 0001:00019332       __seh_filter_dll           1001a332 f   ucrt:api-ms-win-crt-runtime-l1-1-0.dll
 0001:00019338       __configure_narrow_argv    1001a338 f   ucrt:api-ms-win-crt-runtime-l1-1-0.dll
 0001:0001933e       __initialize_narrow_environment 1001a33e f   ucrt:api-ms-win-crt-runtime-l1-1-0.dll
 0001:00019344       __initialize_onexit_table  1001a344 f   ucrt:api-ms-win-crt-runtime-l1-1-0.dll
 0001:0001934a       __register_onexit_function 1001a34a f   ucrt:api-ms-win-crt-runtime-l1-1-0.dll
 0001:00019350       __execute_onexit_table     1001a350 f   ucrt:api-ms-win-crt-runtime-l1-1-0.dll
 0001:00019356       __crt_atexit               1001a356 f   ucrt:api-ms-win-crt-runtime-l1-1-0.dll
 0001:0001935c       __crt_at_quick_exit        1001a35c f   ucrt:api-ms-win-crt-runtime-l1-1-0.dll
 0001:00019362       __cexit                    1001a362 f   ucrt:api-ms-win-crt-runtime-l1-1-0.dll
 0001:00019368       _terminate                 1001a368 f   ucrt:api-ms-win-crt-runtime-l1-1-0.dll
 0001:0001936e       __write                    1001a36e f   ucrt:api-ms-win-crt-stdio-l1-1-0.dll
 0001:0001936e       _write                     1001a36e f   ucrt:api-ms-win-crt-stdio-l1-1-0.dll
 0001:00019374       ___acrt_initialize         1001a374 f   MSVCRT:ucrt_stubs.obj
 0001:00019374       ___scrt_stub_for_acrt_initialize 1001a374 f   MSVCRT:ucrt_stubs.obj
 0001:00019374       ___vcrt_initialize         1001a374 f   MSVCRT:ucrt_stubs.obj
 0001:00019377       ___acrt_thread_attach      1001a377 f   MSVCRT:ucrt_stubs.obj
 0001:00019377       ___scrt_stub_for_acrt_thread_attach 1001a377 f   MSVCRT:ucrt_stubs.obj
 0001:00019377       ___vcrt_thread_attach      1001a377 f   MSVCRT:ucrt_stubs.obj
 0001:0001937a       ___acrt_thread_detach      1001a37a f   MSVCRT:ucrt_stubs.obj
 0001:0001937a       ___scrt_stub_for_acrt_thread_detach 1001a37a f   MSVCRT:ucrt_stubs.obj
 0001:0001937a       ___vcrt_thread_detach      1001a37a f   MSVCRT:ucrt_stubs.obj
 0001:0001937d       ___acrt_uninitialize       1001a37d f   MSVCRT:ucrt_stubs.obj
 0001:0001937d       ___scrt_stub_for_acrt_uninitialize 1001a37d f   MSVCRT:ucrt_stubs.obj
 0001:0001937d       ___vcrt_uninitialize       1001a37d f   MSVCRT:ucrt_stubs.obj
 0001:00019380       ___acrt_uninitialize_critical 1001a380 f   MSVCRT:ucrt_stubs.obj
 0001:00019380       ___scrt_stub_for_acrt_uninitialize_critical 1001a380 f   MSVCRT:ucrt_stubs.obj
 0001:00019380       ___vcrt_uninitialize_critical 1001a380 f   MSVCRT:ucrt_stubs.obj
 0001:00019383       ___scrt_stub_for_is_c_termination_complete 1001a383 f   MSVCRT:ucrt_stubs.obj
 0001:00019383       __is_c_termination_complete 1001a383 f   MSVCRT:ucrt_stubs.obj
 0001:00019386       __filter_x86_sse2_floating_point_exception 1001a386 f   MSVCRT:x86_exception_filter.obj
 0001:00019386       __filter_x86_sse2_floating_point_exception_default 1001a386 f   MSVCRT:x86_exception_filter.obj
 0002:00000000       __imp__LeaveCriticalSection@4 1001b000     kernel32:KERNEL32.dll
 0002:00000004       __imp__GetModuleHandleW@4  1001b004     kernel32:KERNEL32.dll
 0002:00000008       __imp__GetStartupInfoW@4   1001b008     kernel32:KERNEL32.dll
 0002:0000000c       __imp__SetUnhandledExceptionFilter@4 1001b00c     kernel32:KERNEL32.dll
 0002:00000010       __imp__UnhandledExceptionFilter@4 1001b010     kernel32:KERNEL32.dll
 0002:00000014       __imp__IsDebuggerPresent@0 1001b014     kernel32:KERNEL32.dll
 0002:00000018       __imp__InitializeSListHead@4 1001b018     kernel32:KERNEL32.dll
 0002:0000001c       __imp__DisableThreadLibraryCalls@4 1001b01c     kernel32:KERNEL32.dll
 0002:00000020       __imp__GetCurrentProcessId@0 1001b020     kernel32:KERNEL32.dll
 0002:00000024       __imp__QueryPerformanceCounter@4 1001b024     kernel32:KERNEL32.dll
 0002:00000028       __imp__IsProcessorFeaturePresent@4 1001b028     kernel32:KERNEL32.dll
 0002:0000002c       __imp__GetCurrentThreadId@0 1001b02c     kernel32:KERNEL32.dll
 0002:00000030       __imp__TerminateProcess@8  1001b030     kernel32:KERNEL32.dll
 0002:00000034       __imp__GetSystemTimeAsFileTime@4 1001b034     kernel32:KERNEL32.dll
 0002:00000038       __imp__EnterCriticalSection@4 1001b038     kernel32:KERNEL32.dll
 0002:0000003c       __imp__GetCurrentProcess@0 1001b03c     kernel32:KERNEL32.dll
 0002:00000040       __imp__InitializeCriticalSectionAndSpinCount@8 1001b040     kernel32:KERNEL32.dll
 0002:00000044       __imp__DeleteCriticalSection@4 1001b044     kernel32:KERNEL32.dll
 0002:00000048       __imp__Sleep@4             1001b048     kernel32:KERNEL32.dll
 0002:0000004c       \177KERNEL32_NULL_THUNK_DATA 1001b04c     kernel32:KERNEL32.dll
 0002:00000050       __imp__memset              1001b050     vcruntime:VCRUNTIME140.dll
 0002:00000054       __imp__memcpy              1001b054     vcruntime:VCRUNTIME140.dll
 0002:00000058       __imp____std_type_info_destroy_list 1001b058     vcruntime:VCRUNTIME140.dll
 0002:0000005c       __imp____current_exception 1001b05c     vcruntime:VCRUNTIME140.dll
 0002:00000060       __imp____current_exception_context 1001b060     vcruntime:VCRUNTIME140.dll
 0002:00000064       __imp___except_handler4_common 1001b064     vcruntime:VCRUNTIME140.dll
 0002:00000068       \177VCRUNTIME140_NULL_THUNK_DATA 1001b068     vcruntime:VCRUNTIME140.dll
 0002:0000006c       __imp__timeKillEvent@4     1001b06c     winMM:WINMM.dll
 0002:00000070       __imp__timeSetEvent@20     1001b070     winMM:WINMM.dll
 0002:00000074       \177WINMM_NULL_THUNK_DATA  1001b074     winMM:WINMM.dll
 0002:00000078       __imp__getenv              1001b078     ucrt:api-ms-win-crt-environment-l1-1-0.dll
 0002:0000007c       \177api-ms-win-crt-environment-l1-1-0_NULL_THUNK_DATA 1001b07c     ucrt:api-ms-win-crt-environment-l1-1-0.dll
 0002:00000080       __imp___stat64i32          1001b080     ucrt:api-ms-win-crt-filesystem-l1-1-0.dll
 0002:00000084       __imp___fstat64i32         1001b084     ucrt:api-ms-win-crt-filesystem-l1-1-0.dll
 0002:00000088       \177api-ms-win-crt-filesystem-l1-1-0_NULL_THUNK_DATA 1001b088     ucrt:api-ms-win-crt-filesystem-l1-1-0.dll
 0002:0000008c       __imp__malloc              1001b08c     ucrt:api-ms-win-crt-heap-l1-1-0.dll
 0002:00000090       __imp___aligned_malloc     1001b090     ucrt:api-ms-win-crt-heap-l1-1-0.dll
 0002:00000094       __imp___aligned_free       1001b094     ucrt:api-ms-win-crt-heap-l1-1-0.dll
 0002:00000098       __imp__free                1001b098     ucrt:api-ms-win-crt-heap-l1-1-0.dll
 0002:0000009c       __imp__calloc              1001b09c     ucrt:api-ms-win-crt-heap-l1-1-0.dll
 0002:000000a0       \177api-ms-win-crt-heap-l1-1-0_NULL_THUNK_DATA 1001b0a0     ucrt:api-ms-win-crt-heap-l1-1-0.dll
 0002:000000a4       __imp___libm_sse2_sin_precise 1001b0a4     ucrt:api-ms-win-crt-math-l1-1-0.dll
 0002:000000a8       __imp__ceil                1001b0a8     ucrt:api-ms-win-crt-math-l1-1-0.dll
 0002:000000ac       __imp___libm_sse2_log10_precise 1001b0ac     ucrt:api-ms-win-crt-math-l1-1-0.dll
 0002:000000b0       __imp___libm_sse2_atan_precise 1001b0b0     ucrt:api-ms-win-crt-math-l1-1-0.dll
 0002:000000b4       __imp___CIsinh             1001b0b4     ucrt:api-ms-win-crt-math-l1-1-0.dll
 0002:000000b8       __imp__floor               1001b0b8     ucrt:api-ms-win-crt-math-l1-1-0.dll
 0002:000000bc       __imp___libm_sse2_exp_precise 1001b0bc     ucrt:api-ms-win-crt-math-l1-1-0.dll
 0002:000000c0       __imp___libm_sse2_pow_precise 1001b0c0     ucrt:api-ms-win-crt-math-l1-1-0.dll
 0002:000000c4       __imp___except1            1001b0c4     ucrt:api-ms-win-crt-math-l1-1-0.dll
 0002:000000c8       __imp___libm_sse2_cos_precise 1001b0c8     ucrt:api-ms-win-crt-math-l1-1-0.dll
 0002:000000cc       __imp___libm_sse2_log_precise 1001b0cc     ucrt:api-ms-win-crt-math-l1-1-0.dll
 0002:000000d0       __imp___libm_sse2_sqrt_precise 1001b0d0     ucrt:api-ms-win-crt-math-l1-1-0.dll
 0002:000000d4       \177api-ms-win-crt-math-l1-1-0_NULL_THUNK_DATA 1001b0d4     ucrt:api-ms-win-crt-math-l1-1-0.dll
 0002:000000d8       __imp___seh_filter_dll     1001b0d8     ucrt:api-ms-win-crt-runtime-l1-1-0.dll
 0002:000000dc       __imp___initterm           1001b0dc     ucrt:api-ms-win-crt-runtime-l1-1-0.dll
 0002:000000e0       __imp___initialize_onexit_table 1001b0e0     ucrt:api-ms-win-crt-runtime-l1-1-0.dll
 0002:000000e4       __imp___configure_narrow_argv 1001b0e4     ucrt:api-ms-win-crt-runtime-l1-1-0.dll
 0002:000000e8       __imp___execute_onexit_table 1001b0e8     ucrt:api-ms-win-crt-runtime-l1-1-0.dll
 0002:000000ec       __imp__perror              1001b0ec     ucrt:api-ms-win-crt-runtime-l1-1-0.dll
 0002:000000f0       __imp__exit                1001b0f0     ucrt:api-ms-win-crt-runtime-l1-1-0.dll
 0002:000000f4       __imp___crt_atexit         1001b0f4     ucrt:api-ms-win-crt-runtime-l1-1-0.dll
 0002:000000f8       __imp___crt_at_quick_exit  1001b0f8     ucrt:api-ms-win-crt-runtime-l1-1-0.dll
 0002:000000fc       __imp___cexit              1001b0fc     ucrt:api-ms-win-crt-runtime-l1-1-0.dll
 0002:00000100       __imp___initialize_narrow_environment 1001b100     ucrt:api-ms-win-crt-runtime-l1-1-0.dll
 0002:00000104       __imp__terminate           1001b104     ucrt:api-ms-win-crt-runtime-l1-1-0.dll
 0002:00000108       __imp___register_onexit_function 1001b108     ucrt:api-ms-win-crt-runtime-l1-1-0.dll
 0002:0000010c       __imp___initterm_e         1001b10c     ucrt:api-ms-win-crt-runtime-l1-1-0.dll
 0002:00000110       \177api-ms-win-crt-runtime-l1-1-0_NULL_THUNK_DATA 1001b110     ucrt:api-ms-win-crt-runtime-l1-1-0.dll
 0002:00000114       __imp__fread               1001b114     ucrt:api-ms-win-crt-stdio-l1-1-0.dll
 0002:00000118       __imp__fwrite              1001b118     ucrt:api-ms-win-crt-stdio-l1-1-0.dll
 0002:0000011c       __imp____acrt_iob_func     1001b11c     ucrt:api-ms-win-crt-stdio-l1-1-0.dll
 0002:00000120       __imp__fopen               1001b120     ucrt:api-ms-win-crt-stdio-l1-1-0.dll
 0002:00000124       __imp__fclose              1001b124     ucrt:api-ms-win-crt-stdio-l1-1-0.dll
 0002:00000128       __imp___write              1001b128     ucrt:api-ms-win-crt-stdio-l1-1-0.dll
 0002:0000012c       __imp__freopen             1001b12c     ucrt:api-ms-win-crt-stdio-l1-1-0.dll
 0002:00000130       __imp____stdio_common_vsprintf 1001b130     ucrt:api-ms-win-crt-stdio-l1-1-0.dll
 0002:00000134       __imp__fflush              1001b134     ucrt:api-ms-win-crt-stdio-l1-1-0.dll
 0002:00000138       __imp____stdio_common_vfprintf 1001b138     ucrt:api-ms-win-crt-stdio-l1-1-0.dll
 0002:0000013c       \177api-ms-win-crt-stdio-l1-1-0_NULL_THUNK_DATA 1001b13c     ucrt:api-ms-win-crt-stdio-l1-1-0.dll
 0002:00000140       __imp__strtok              1001b140     ucrt:api-ms-win-crt-string-l1-1-0.dll
 0002:00000144       \177api-ms-win-crt-string-l1-1-0_NULL_THUNK_DATA 1001b144     ucrt:api-ms-win-crt-string-l1-1-0.dll
 0002:00000148       __imp____timezone          1001b148     ucrt:api-ms-win-crt-time-l1-1-0.dll
 0002:0000014c       __imp___tzset              1001b14c     ucrt:api-ms-win-crt-time-l1-1-0.dll
 0002:00000150       __imp____daylight          1001b150     ucrt:api-ms-win-crt-time-l1-1-0.dll
 0002:00000154       \177api-ms-win-crt-time-l1-1-0_NULL_THUNK_DATA 1001b154     ucrt:api-ms-win-crt-time-l1-1-0.dll
 0002:00000158       __imp__rand                1001b158     ucrt:api-ms-win-crt-utility-l1-1-0.dll
 0002:0000015c       \177api-ms-win-crt-utility-l1-1-0_NULL_THUNK_DATA 1001b15c     ucrt:api-ms-win-crt-utility-l1-1-0.dll
 0002:00000160       __imp__fftwf_import_wisdom_from_string 1001b160     libfftw3f-3:libfftw3f-3.dll
 0002:00000164       __imp__fftwf_plan_dft_1d   1001b164     libfftw3f-3:libfftw3f-3.dll
 0002:00000168       __imp__fftwf_execute       1001b168     libfftw3f-3:libfftw3f-3.dll
 0002:0000016c       __imp__fftwf_destroy_plan  1001b16c     libfftw3f-3:libfftw3f-3.dll
 0002:00000170       \177libfftw3f-3_NULL_THUNK_DATA 1001b170     libfftw3f-3:libfftw3f-3.dll
 0002:00000174       __imp__sem_wait            1001b174     pthreadVC:pthreadVC.dll
 0002:00000178       __imp__sem_post            1001b178     pthreadVC:pthreadVC.dll
 0002:0000017c       __imp__sem_init            1001b17c     pthreadVC:pthreadVC.dll
 0002:00000180       __imp__sem_destroy         1001b180     pthreadVC:pthreadVC.dll
 0002:00000184       \177pthreadVC_NULL_THUNK_DATA 1001b184     pthreadVC:pthreadVC.dll
 0002:00000188       ___guard_check_icall_fptr  1001b188     MSVCRT:guard_support.obj
 0002:0000018c       ___guard_xfg_check_icall_fptr 1001b18c     MSVCRT:guard_support.obj
 0002:00000190       ___castguard_check_failure_os_handled_fptr 1001b190     MSVCRT:guard_support.obj
 0002:00000194       ___xc_a                    1001b194     MSVCRT:initializers.obj
 0002:00000198       ___xc_z                    1001b198     MSVCRT:initializers.obj
 0002:0000019c       ___xi_a                    1001b19c     MSVCRT:initializers.obj
 0002:000001a0       ___xi_z                    1001b1a0     MSVCRT:initializers.obj
 0002:000001a4       ___xp_a                    1001b1a4     MSVCRT:initializers.obj
 0002:000001a8       ___xp_z                    1001b1a8     MSVCRT:initializers.obj
 0002:000001ac       ___xt_a                    1001b1ac     MSVCRT:initializers.obj
 0002:000001b0       ___xt_z                    1001b1b0     MSVCRT:initializers.obj
 0002:000001c0       __real@3727c5ac            1001b1c0     am_demod.obj
 0002:000001c4       __real@38d1b717            1001b1c4     am_demod.obj
 0002:000001c8       __real@3e800000            1001b1c8     am_demod.obj
 0002:000001cc       __real@3e99999a            1001b1cc     am_demod.obj
 0002:000001d0       __real@3f000000            1001b1d0     am_demod.obj
 0002:000001d8       __real@3f50624dd2f1a9fc    1001b1d8     am_demod.obj
 0002:000001e0       __real@3f7ff972            1001b1e0     am_demod.obj
 0002:000001e4       __real@3f7fff58            1001b1e4     am_demod.obj
 0002:000001e8       __real@3feff7ced916872b    1001b1e8     am_demod.obj
 0002:000001f0       __real@401921fb54442d18    1001b1f0     am_demod.obj
 0002:000001f8       __real@40c90fdb            1001b1f8     am_demod.obj
 0002:00000200       __xmm@7fffffffffffffff7fffffffffffffff 1001b200     am_demod.obj
 0002:00000210       ??_C@_0BO@GJFJKLMD@block_size?5zero?5in?5in_blocks?6@ 1001b210     banal.obj
 0002:00000230       ??_C@_0BO@EFDGKKLN@can?8t?5open?5?$CC?$CFs?$CC?5in?5mode?5?$CC?$CFs?$CC?6@ 1001b230     banal.obj
 0002:00000250       ??_C@_0CA@NDENOFEA@can?8t?5reopen?5?$CC?$CFs?$CC?5in?5mode?5?$CC?$CFs?$CC?6@ 1001b250     banal.obj
 0002:00000270       ??_C@_06FIHLFAKK@?$CFds?$CFdu@ 1001b270     banal.obj
 0002:00000278       ??_C@_04IFOJIINB@?4?1?$CFs@ 1001b278     banal.obj
 0002:00000280       ??_C@_01KDCPPGHE@r@        1001b280     banal.obj
 0002:00000284       ??_C@_04GHGFPGNC@HOME@     1001b284     banal.obj
 0002:0000028c       ??_C@_0BB@LIOFJDLH@can?8t?5get?5HOME?$CB?6@ 1001b28c     banal.obj
 0002:000002a0       ??_C@_05GFOLEBJA@?$CFs?1?$CFs@ 1001b2a0     banal.obj
 0002:000002a8       ??_C@_0P@DMOPGNJA@safealloc?3?5?$CFs?6@ 1001b2a8     bufvec.obj
 0002:000002b8       ??_C@_09GGNIEMPK@safealloc@ 1001b2b8     bufvec.obj
 0002:000002c4       ??_C@_06IDJABAFD@newCXB@   1001b2c4     bufvec.obj
 0002:000002cc       ??_C@_06HABKCLAF@newRLB@   1001b2cc     bufvec.obj
 0002:000002d4       ??_C@_0P@BIJNLEIF@dump_REAL?3?5?$CFs?6@ 1001b2d4     bufvec.obj
 0002:000002e4       ??_C@_07KDCPMODK@?$CF5d?5?$CFg?6@ 1001b2e4     bufvec.obj
 0002:000002ec       ??_C@_0N@KKHGCHMP@dump_CX?3?5?$CFs?6@ 1001b2ec     bufvec.obj
 0002:000002fc       ??_C@_0L@HMLOPKPK@?$CF5d?5?$CFg?5?$CFg?6@ 1001b2fc     bufvec.obj
 0002:00000308       __real@00000000            1001b308     bufvec.obj
 0002:00000310       __real@3ff0000000000000    1001b310     bufvec.obj
 0002:00000318       __real@d8635fa9            1001b318     bufvec.obj
 0002:00000320       __xmm@80000000800000008000000080000000 1001b320     bufvec.obj
 0002:00000330       ??_C@_08HEPKGCKB@IQ?5state@ 1001b330     correctIQ.obj
 0002:0000033c       ??_C@_0M@PIKEBHDO@correctIQ?5w@ 1001b33c     correctIQ.obj
 0002:00000348       ??_C@_0M@GGCHDKLA@correctIQ?5y@ 1001b348     correctIQ.obj
 0002:00000354       ??_C@_0O@HOOLDAP@correctIQ?5del@ 1001b354     correctIQ.obj
 0002:00000364       ??_C@_0O@DDCKEHNH@CWToneGenDesc@ 1001b364     cwtones.obj
 0002:00000374       ??_C@_0L@JPDMIBMM@CWTone?5osc@ 1001b374     cwtones.obj
 0002:00000380       ??_C@_0O@LLLFCGBE@CWToneGen?5buf@ 1001b380     cwtones.obj
 0002:00000390       __real@3f800000            1001b390     cwtones.obj
 0002:00000398       __real@3fe0000000000000    1001b398     cwtones.obj
 0002:000003a0       __real@400921fb54442895    1001b3a0     cwtones.obj
 0002:000003a8       __real@401921fb54442895    1001b3a8     cwtones.obj
 0002:000003b0       __real@4024000000000000    1001b3b0     cwtones.obj
 0002:000003b8       __real@4034000000000000    1001b3b8     cwtones.obj
 0002:000003c0       __real@408f400000000000    1001b3c0     cwtones.obj
 0002:000003c8       __real@c01921fb54442d18    1001b3c8     cwtones.obj
 0002:000003d0       ??_C@_09NDJHDODP@DCBlocker@ 1001b3d0     dcblock.obj
 0002:000003dc       __real@3851b717            1001b3dc     dcblock.obj
 0002:000003e0       __real@3f7ffcb9            1001b3e0     dcblock.obj
 0002:000003e8       __real@3fedec74263f1a4c    1001b3e8     dcblock.obj
 0002:000003f0       __real@3fee6c0bad89f0c2    1001b3f0     dcblock.obj
 0002:000003f8       __real@3fef3e2df3b6cf12    1001b3f8     dcblock.obj
 0002:00000400       __real@3fef69c4ba752a7b    1001b400     dcblock.obj
 0002:00000408       __real@3ff026151dd2009c    1001b408     dcblock.obj
 0002:00000410       __real@3ff03126e978d4fe    1001b410     dcblock.obj
 0002:00000418       __real@3ff068e245afe286    1001b418     dcblock.obj
 0002:00000420       __real@3ff08bb964c3ac9b    1001b420     dcblock.obj
 0002:00000428       __real@3fffb43066863918    1001b428     dcblock.obj
 0002:00000430       __real@400f6e0e7a5afec3    1001b430     dcblock.obj
 0002:00000438       __real@400fcef675f1267c    1001b438     dcblock.obj
 0002:00000440       __real@4010000000000000    1001b440     dcblock.obj
 0002:00000448       __real@4017024316046d30    1001b448     dcblock.obj
 0002:00000450       __real@4017b6bcba277b11    1001b450     dcblock.obj
 0002:00000458       __real@4017cc3802233b86    1001b458     dcblock.obj
 0002:00000460       __real@4018000000000000    1001b460     dcblock.obj
 0002:00000468       __real@401e2cb149e47a93    1001b468     dcblock.obj
 0002:00000470       __real@401fbb4dc27b712d    1001b470     dcblock.obj
 0002:00000478       __real@4020000000000000    1001b478     dcblock.obj
 0002:00000480       __real@402d00fc4829534f    1001b480     dcblock.obj
 0002:00000488       __real@402d7f3364dc4d9e    1001b488     dcblock.obj
 0002:00000490       __real@402e000000000000    1001b490     dcblock.obj
 0002:00000498       __real@40337fd96de75b91    1001b498     dcblock.obj
 0002:000004a0       __real@403a9fdaa73393b4    1001b4a0     dcblock.obj
 0002:000004a8       __real@403b885b6be5c607    1001b4a8     dcblock.obj
 0002:000004b0       __real@403c000000000000    1001b4b0     dcblock.obj
 0002:000004b8       __real@404ad925b661c028    1001b4b8     dcblock.obj
 0002:000004c0       __real@404b4d648b76517c    1001b4c0     dcblock.obj
 0002:000004c8       __real@404c000000000000    1001b4c8     dcblock.obj
 0002:000004d0       __real@4050ebdea49fa0de    1001b4d0     dcblock.obj
 0002:000004d8       __real@4051800000000000    1001b4d8     dcblock.obj
 0002:000004e0       ??_C@_0O@MJIPOLKH@agc?5in?5buffer@ 1001b4e0     dttspagc.obj
 0002:000004f0       ??_C@_0BE@HKCBKDJA@circular?5agc?5buffer@ 1001b4f0     dttspagc.obj
 0002:00000504       __real@3a83126f            1001b504     dttspagc.obj
 0002:00000508       __real@3b30f27c            1001b508     dttspagc.obj
 0002:0000050c       __real@3b449ba6            1001b50c     dttspagc.obj
 0002:00000510       __real@3dcccccd            1001b510     dttspagc.obj
 0002:00000518       __real@3fc999999999999a    1001b518     dttspagc.obj
 0002:00000520       __real@4008000000000000    1001b520     dttspagc.obj
 0002:00000528       __real@c08f400000000000    1001b528     dttspagc.obj
 0002:00000530       __real@40000000            1001b530     filt2p2z.obj
 0002:00000538       __real@4000000000000000    1001b538     filt2p2z.obj
 0002:00000540       __real@40800000            1001b540     filt2p2z.obj
 0002:00000544       __real@41a00000            1001b544     filt2p2z.obj
 0002:00000548       __real@c0000000            1001b548     filt2p2z.obj
 0002:0000054c       ??_C@_0BE@DDNCOPCJ@newFIR_Lowpass_REAL@ 1001b54c     filter.obj
 0002:00000560       ??_C@_0BL@OCGNLGFL@newFIR_Lowpass_REAL?5window@ 1001b560     filter.obj
 0002:0000057c       ??_C@_0BH@JFOFIKHG@newFIR_Lowpass_COMPLEX@ 1001b57c     filter.obj
 0002:00000594       ??_C@_0BF@LANPMBP@newFIR_Bandpass_REAL@ 1001b594     filter.obj
 0002:000005ac       ??_C@_0BM@JCKGGOMA@newFIR_Bandpass_REAL?5window@ 1001b5ac     filter.obj
 0002:000005c8       ??_C@_0BI@MCIAJNLL@newFIR_Bandpass_COMPLEX@ 1001b5c8     filter.obj
 0002:000005e0       ??_C@_0BP@KANJJAON@newFIR_Bandpass_COMPLEX?5window@ 1001b5e0     filter.obj
 0002:00000600       ??_C@_0BF@BEIKFNLP@newFIR_Highpass_REAL@ 1001b600     filter.obj
 0002:00000618       ??_C@_0BM@MPBFEKO@newFIR_Highpass_REAL?5window@ 1001b618     filter.obj
 0002:00000634       ??_C@_0BE@OGDLFNBJ@newFIR_Hilbert_REAL@ 1001b634     filter.obj
 0002:00000648       ??_C@_0BL@CJECENHC@newFIR_Hilbert_REAL?5window@ 1001b648     filter.obj
 0002:00000664       ??_C@_0BH@LOKLPJNF@newFIR_Hilbert_COMPLEX@ 1001b664     filter.obj
 0002:0000067c       ??_C@_0BO@HPMNOLCI@newFIR_Hilbert_COMPLEX?5window@ 1001b67c     filter.obj
 0002:0000069c       ??_C@_0BF@BMJBHONL@newFIR_Bandstop_REAL@ 1001b69c     filter.obj
 0002:000006b4       ??_C@_0BM@CALEMFLM@newFIR_Bandstop_REAL?5window@ 1001b6b4     filter.obj
 0002:000006d0       __xmm@00000003000000020000000100000000 1001b6d0     filter.obj
 0002:000006e0       __xmm@3f8000003f8000003f8000003f800000 1001b6e0     filter.obj
 0002:000006f0       __xmm@3ff00000000000003ff0000000000000 1001b6f0     filter.obj
 0002:00000700       __xmm@80000000000000008000000000000000 1001b700     filter.obj
 0002:00000710       ??_C@_0BG@OOMKNAHB@fb?5partition?5pointers@ 1001b710     filterbank.obj
 0002:00000728       ??_C@_0BI@KOLIBJAF@fb?5partition?5delay?5line@ 1001b728     filterbank.obj
 0002:00000740       ??_C@_0CG@IGCBHPPI@newFIRDownsampler?3?5downsample?5r@ 1001b740     filterbank.obj
 0002:00000768       ??_C@_0CC@BNMOJGGG@newFIRUpsampler?3?5upsample?5rotat@ 1001b768     filterbank.obj
 0002:0000078c       ??_C@_0BB@CHMHLHAD@fft?5input?5buffer@ 1001b78c     filterbank.obj
 0002:000007a0       __xmm@41f00000000000000000000000000000 1001b7a0     filterbank.obj
 0002:000007b0       __real@24e69595            1001b7b0     fm_demod.obj
 0002:000007b8       __real@3f1a36e2eb1c432d    1001b7b8     fm_demod.obj
 0002:000007c0       __real@3f947ae147ae147b    1001b7c0     fm_demod.obj
 0002:000007c8       __real@3fc3333333333333    1001b7c8     fm_demod.obj
 0002:000007d0       __real@3fd999999999999a    1001b7d0     fm_demod.obj
 0002:000007d8       __real@3fefff2e48e8a71e    1001b7d8     fm_demod.obj
 0002:000007e0       __real@4069000000000000    1001b7e0     fm_demod.obj
 0002:000007e8       __real@40988b2f704a9409    1001b7e8     fm_demod.obj
 0002:000007f0       __real@40deadfb4c5d390c    1001b7f0     fm_demod.obj
 0002:000007f8       __real@4684d000            1001b7f8     fm_demod.obj
 0002:00000800       __real@bfe0000000000000    1001b800     fm_demod.obj
 0002:00000808       ??_C@_0N@NMJEKKDK@new?5eq?5state@ 1001b808     graphiceq.obj
 0002:00000818       ??_C@_0N@KCALNMGO@EQ?5input?5CXB@ 1001b818     graphiceq.obj
 0002:00000828       ??_C@_0O@DDEDDPMA@EQ?5output?5CXB@ 1001b828     graphiceq.obj
 0002:00000838       __real@473b8000            1001b838     graphiceq.obj
 0002:0000083c       __real@47bb8000            1001b83c     graphiceq.obj
 0002:00000840       __real@483b8000            1001b840     graphiceq.obj
 0002:00000844       ??_C@_0BE@FLFEMHH@Hilbert?5Transformer@ 1001b844     hilbert.obj
 0002:00000858       ??_C@_0BN@KIHJICCK@Hilbert?5Transformer?5c?5vector@ 1001b858     hilbert.obj
 0002:00000878       ??_C@_0BO@PAOPLDCN@Hilbert?5Transformer?5x1?5vector@ 1001b878     hilbert.obj
 0002:00000898       ??_C@_0BO@BPCNNIBD@Hilbert?5Transformer?5y1?5vector@ 1001b898     hilbert.obj
 0002:000008b8       ??_C@_0CB@BJONJLMD@Hilbert?5Transformer?5input?5buffe@ 1001b8b8     hilbert.obj
 0002:000008dc       ??_C@_0CC@EBADNGKN@Hilbert?5Transformer?5output?5buff@ 1001b8dc     hilbert.obj
 0002:00000900       __real@3b007358            1001b900     hilbert.obj
 0002:00000904       __real@3ee0c49c            1001b904     hilbert.obj
 0002:00000908       __real@3f160419            1001b908     hilbert.obj
 0002:0000090c       __real@3f3cac08            1001b90c     hilbert.obj
 0002:00000910       __real@3f6c8b44            1001b910     hilbert.obj
 0002:00000920       __xmm@400921fb54442895400921fb54442895 1001b920     hilbert.obj
 0002:00000930       __xmm@402e000000000000402e000000000000 1001b930     hilbert.obj
 0002:00000940       ??_C@_0CD@HJLDDBDG@ISO?3?5band?5index?5out?5of?5range?5?$CI?$CF@ 1001b940     isoband.obj
 0002:00000964       ??_C@_0P@LMJEKMAI@keyer?5PLAYING?6@ 1001b964     keyd.obj
 0002:00000974       ??_C@_09JAKBDCMK@Read?5key?6@ 1001b974     keyd.obj
 0002:00000980       ??_C@_0L@HANIJJBK@whichkey?5?6@ 1001b980     keyd.obj
 0002:0000098c       ??_C@_0M@OKAODJBG@key_thread?6@ 1001b98c     keyd.obj
 0002:00000998       ??_C@_0BD@MOBIECFL@keyer?5NOT?5playing?6@ 1001b998     keyd.obj
 0002:000009ac       ??_C@_0BB@NHJBFHFA@Critical?5Section@ 1001b9ac     keyd.obj
 0002:000009c0       ??_C@_0O@IPADDEGG@Timer?5failed?6@ 1001b9c0     keyd.obj
 0002:000009d0       __real@400c000000000000    1001b9d0     keyd.obj
 0002:000009d8       __real@40e7700000000000    1001b9d8     keyd.obj
 0002:000009e0       ??_C@_0M@IMKDHHNE@KEYERSTATE?6@ 1001b9e0     keyer.obj
 0002:000009f0       ??_C@_0FJ@GBEGAKOC@KEYERSTATE_DAH?$CImidway?5?$DN?5?$CFf?$CJ?3?5?5d@ 1001b9f0     keyer.obj
 0002:00000a50       ??_C@_0EP@HMPAPKKL@KEYERSTATE_DAH?$CI?$CFf?$CJ?3?5?5dahmem?5?$DN?51@ 1001ba50     keyer.obj
 0002:00000aa0       ??_C@_0GP@LIHJENDD@KEYERSTATE_DAH?$CI?$CFf?$CJ?3?5?5dahmem?5?$DN?51@ 1001baa0     keyer.obj
 0002:00000b10       ??_C@_0GP@LHKPPKCP@KEYERSTATE_DAH?$CI?$CFf?$CJ?3?5?5ditmem?5?$DN?51@ 1001bb10     keyer.obj
 0002:00000b80       ??_C@_0FJ@FHHJNNPL@KEYERSTATE_DAH?$CImiddle?5?$DN?5?$CFf?$CJ?3?5?5d@ 1001bb80     keyer.obj
 0002:00000be0       ??_C@_0EP@CBHKIDFO@KEYERSTATE_DAH?$CI?$CFf?$CJ?3?5?5ditmem?5?$DN?51@ 1001bbe0     keyer.obj
 0002:00000c30       ??_C@_0GL@NDJGCKNN@KEYERSTATE_DAH?$CI?$CFf?$CJ?3?5?5ditmem?5?$DN?51@ 1001bc30     keyer.obj
 0002:00000ca0       ??_C@_0GP@NIOKIGLN@KEYERSTATE_DAH?$CI?$CFf?$CJ?3?5?5ditmem?5?$DN?51@ 1001bca0     keyer.obj
 0002:00000d10       ??_C@_0FB@MPMHDBNI@KEYERSTATE_TIMEOUT_DAH?$CI?$CFf?$CJ?3?5?5di@ 1001bd10     keyer.obj
 0002:00000d68       ??_C@_0FD@NGHOOGDA@KEYERSTATE_TIMEOUT_DIT?$CI?$CFf?$CJ?3?5?5da@ 1001bd68     keyer.obj
 0002:00000dc0       ??_C@_0GM@GLCHABCH@KEYERSTATE_TIMEOUT_CHARACTER_SP@ 1001bdc0     keyer.obj
 0002:00000e30       ??_C@_0GM@OONPMGOJ@KEYERSTATE_TIMEOUT_CHARACTER_SP@ 1001be30     keyer.obj
 0002:00000e9c       ??_C@_0O@BJPHOFDF@newKeyerState@ 1001be9c     keyer.obj
 0002:00000eac       ??_C@_0O@JLIIDLJB@newKeyerLogic@ 1001beac     keyer.obj
 0002:00000ebc       __real@42480000            1001bebc     keyer.obj
 0002:00000ec0       __real@44960000            1001bec0     keyer.obj
 0002:00000ec4       ??_C@_0BB@ONHLDOEI@KEYERSTATE_DIT1?6@ 1001bec4     keyerio.obj
 0002:00000ee0       __xmm@00000001000000010000000100000001 1001bee0     keyerio.obj
 0002:00000ef0       __xmm@ffffffffffffffffffffffffffffffff 1001bef0     keyerio.obj
 0002:00000f00       ??_C@_0P@NJEKNCFN@new_lmsr?5state@ 1001bf00     lmadf.obj
 0002:00000f10       ??_C@_09CPBHLLEI@lmadf?5CXB@ 1001bf10     lmadf.obj
 0002:00000f1c       ??_C@_0L@GOGALCP@lmsr?5delay@ 1001bf1c     lmadf.obj
 0002:00000f28       ??_C@_0M@CEHIOMMN@lmsr?5filter@ 1001bf28     lmadf.obj
 0002:00000f34       ??_C@_01NOFIACDB@w@        1001bf34     lmadf.obj
 0002:00000f38       ??_C@_0N@LJCILFAA@lms_filt?4csv@ 1001bf38     lmadf.obj
 0002:00000f48       ??_C@_07FDNLNPCG@?$CFf?0?5?$CFf?6@ 1001bf48     lmadf.obj
 0002:00000f50       ??_C@_0O@EJMBFHEG@lms_delay?4csv@ 1001bf50     lmadf.obj
 0002:00000f60       ??_C@_09FGLKDPHL@block?5lms@ 1001bf60     lmadf.obj
 0002:00000f6c       ??_C@_0BF@FNGPFEGA@block?5lms?5delay?5line@ 1001bf6c     lmadf.obj
 0002:00000f84       ??_C@_0BI@GBCBLAFI@block?5lms?5output?5signal@ 1001bf84     lmadf.obj
 0002:00000f9c       ??_C@_0BL@CAOIPKGN@block?5lms?5output?5transform@ 1001bf9c     lmadf.obj
 0002:00000fb8       ??_C@_0BK@GPMGBDLC@block?5lms?5Error?5transform@ 1001bfb8     lmadf.obj
 0002:00000fd4       ??_C@_0BH@LEFFPIGO@block?5lms?5Error?5signal@ 1001bfd4     lmadf.obj
 0002:00000fec       ??_C@_0BL@GFDICNID@block?5lms?5signal?5transform@ 1001bfec     lmadf.obj
 0002:00001008       ??_C@_0BL@MJCGEMAP@block?5lms?5filter?5transform@ 1001c008     lmadf.obj
 0002:00001024       ??_C@_0BL@IKDIFLBM@block?5lms?5update?5transform@ 1001c024     lmadf.obj
 0002:00001040       ??_C@_0BI@PPJCCOEH@block?5lms?5update?5signal@ 1001c040     lmadf.obj
 0002:00001058       __real@3b800000            1001c058     lmadf.obj
 0002:00001060       __real@3e7ff19e23a836fc    1001c060     lmadf.obj
 0002:00001068       ??_C@_0M@GCOKLJJD@new?5nbstate@ 1001c068     noiseblanker.obj
 0002:00001074       __real@3c23d70a            1001c074     noiseblanker.obj
 0002:00001078       __real@3f400000            1001c078     noiseblanker.obj
 0002:00001080       __real@3f847ae147ae147b    1001c080     noiseblanker.obj
 0002:00001088       __real@3fd3333333333333    1001c088     noiseblanker.obj
 0002:00001090       __real@3fe3333333333333    1001c090     noiseblanker.obj
 0002:00001098       __real@3fe999999999999a    1001c098     noiseblanker.obj
 0002:000010a0       ??_C@_0CF@NPIHDDKL@complex?5buffer?5for?5oscillator?5o@ 1001c0a0     oscillator.obj
 0002:000010c8       ??_C@_0CC@DAOPPKKK@real?5buffer?5for?5oscillator?5outp@ 1001c0c8     oscillator.obj
 0002:000010ec       ??_C@_0BI@IHIIAAPM@new?5overlap?1save?5filter@ 1001c0ec     ovsv.obj
 0002:00001104       ??_C@_0BO@GEIFOEKP@raw?5signal?5vec?5in?5newFiltOvSv@ 1001c104     ovsv.obj
 0002:00001124       ??_C@_0BM@HHFFPDBC@filter?5z?5vec?5in?5newFiltOvSv@ 1001c124     ovsv.obj
 0002:00001140       ??_C@_0BP@KJOAOOPI@signal?5in?5z?5vec?5in?5newFiltOvSv@ 1001c140     ovsv.obj
 0002:00001160       ??_C@_0CA@LENGBLIF@signal?5out?5z?5vec?5in?5newFiltOvSv@ 1001c160     ovsv.obj
 0002:00001180       ??_C@_0CB@OMDAADCL@temp?5filter?5z?5vec?5in?5newFiltOvS@ 1001c180     ovsv.obj
 0002:000011a4       ??_C@_0N@GLJFPGDI@PF?5Resampler@ 1001c1a4     resample.obj
 0002:000011b4       ??_C@_0BH@EGELPGEJ@Filter?5buff?3?5resampler@ 1001c1b4     resample.obj
 0002:000011cc       __real@3ee66666            1001c1cc     resample.obj
 0002:000011d0       ??_C@_0O@PFKCMGEA@Ring?5creation@ 1001c1d0     ringb.obj
 0002:000011e0       ??_C@_0BA@MLDEFPNP@Ring?5buffer?5buf@ 1001c1e0     ringb.obj
 0002:000011f0       ??_C@_0BE@HHDHKCOH@Float?5Ring?5creation@ 1001c1f0     ringb.obj
 0002:00001204       ??_C@_0BG@CBFONBFM@Ring?5buffer?5float?5buf@ 1001c204     ringb.obj
 0002:0000121c       _MAX_NOTCHES_IN_PASSBAND   1001c21c     sdr.obj
 0002:00001220       ??_C@_0BA@EJLGOMD@RX?5filter?5cache@ 1001c220     sdr.obj
 0002:00001230       ??_C@_0BJ@BNCENDLM@init?5rx?$FLthread?$FN?$FLk?$FN?4buf?4i@ 1001c230     sdr.obj
 0002:0000124c       ??_C@_0BJ@ELHOHEDK@init?5rx?$FLthread?$FN?$FLk?$FN?4buf?4o@ 1001c24c     sdr.obj
 0002:00001268       ??_C@_0BC@FNMKKCHC@SDR?5RX?5Oscillator@ 1001c268     sdr.obj
 0002:0000127c       ??_C@_03FDJCJIDI@AGC@      1001c27c     sdr.obj
 0002:00001280       ??_C@_0BB@JNAMBCKD@AM?5detector?5blew@ 1001c280     sdr.obj
 0002:00001294       ??_C@_0BH@MFJLJHMJ@New?5FM?5Demod?5structure@ 1001c294     sdr.obj
 0002:000012ac       ??_C@_0BA@FHAKAHCH@TX?5filter?5cache@ 1001c2ac     sdr.obj
 0002:000012bc       ??_C@_0BG@DHBDIOBA@init?5tx?$FLthread?$FN?4buf?4i@ 1001c2bc     sdr.obj
 0002:000012d4       ??_C@_0BG@GBEJCJJG@init?5tx?$FLthread?$FN?4buf?4o@ 1001c2d4     sdr.obj
 0002:000012ec       ??_C@_0BH@FDFADLIO@init?5tx?$FLthread?$FN?4buf?4ic@ 1001c2ec     sdr.obj
 0002:00001304       ??_C@_0BH@FHNNEHDM@init?5tx?$FLthread?$FN?4buf?4oc@ 1001c304     sdr.obj
 0002:0000131c       ??_C@_0BC@KFAIOJME@SDR?5TX?5Oscillator@ 1001c31c     sdr.obj
 0002:00001330       ??_C@_0BH@HMICGMCM@SDR?5TX?5CTTS?5Oscillator@ 1001c330     sdr.obj
[...]
 0001:00018cea       ___castguard_check_failure_os_handled_wrapper 10019cea f   MSVCRT:guard_support.obj
 0001:00018d2f       ___castguard_check_failure_user_handled_wrapper 10019d2f f   MSVCRT:guard_support.obj
 0001:00018d4e       ___castguard_compat_check  10019d4e f   MSVCRT:guard_support.obj
 0001:00018e5c       ___castguard_slow_path_compat_check 10019e5c f   MSVCRT:guard_support.obj
 0002:000017f0       _bias_low                  1001c7f0     MSVCRT:ftol3.obj
 0002:00001800       _bias_high                 1001c800     MSVCRT:ftol3.obj
 0002:00001810       _DP2to32                   1001c810     MSVCRT:ftol3.obj
 0002:00001818       _NaN                       1001c818     MSVCRT:ftol3.obj
 0002:0000181c       _onept5                    1001c81c     MSVCRT:ftol3.obj
 0002:00001824       _GS_ExceptionPointers      1001c824     MSVCRT:gs_report.obj
 0002:00002090       __sehtable$?dllmain_crt_process_attach@@YAHQAUHINSTANCE__@@QAX@Z 1001d090     MSVCRT:dll_dllmain.obj
 0002:000020b0       __sehtable$?dllmain_crt_process_detach@@YAH_N@Z 1001d0b0     MSVCRT:dll_dllmain.obj
 0002:000020d8       __sehtable$?dllmain_dispatch@@YAHQAUHINSTANCE__@@KQAX@Z 1001d0d8     MSVCRT:dll_dllmain.obj
 0002:000020f8       __sehtable$___scrt_is_nonwritable_in_current_image 1001d0f8     MSVCRT:utility.obj
 0002:00002120       .edata                     1001d120     DttSP.exp
 0002:00002148       rgpv                       1001d148     DttSP.exp
 0002:000023dc       rgszName                   1001d3dc     DttSP.exp
 0002:00002670       rgwOrd                     1001d670     DttSP.exp
 0002:000027ba       szName                     1001d7ba     DttSP.exp
 0002:000027c4       $N00001                    1001d7c4     DttSP.exp
 0002:000027cf       $N00002                    1001d7cf     DttSP.exp
 0002:000027de       $N00003                    1001d7de     DttSP.exp
 0002:000027ee       $N00004                    1001d7ee     DttSP.exp
 0002:000027fc       $N00005                    1001d7fc     DttSP.exp
 0002:0000280b       $N00006                    1001d80b     DttSP.exp
 0002:0000281c       $N00007                    1001d81c     DttSP.exp
 0002:0000282d       $N00008                    1001d82d     DttSP.exp
 0002:0000283d       $N00009                    1001d83d     DttSP.exp
 0002:0000284e       $N00010                    1001d84e     DttSP.exp
 0002:0000285a       $N00011                    1001d85a     DttSP.exp
 0002:00002871       $N00012                    1001d871     DttSP.exp
 0002:0000287d       $N00013                    1001d87d     DttSP.exp
 0002:00002889       $N00014                    1001d889     DttSP.exp
 0002:00002896       $N00015                    1001d896     DttSP.exp
 0002:000028a3       $N00016                    1001d8a3     DttSP.exp
 0002:000028b4       $N00017                    1001d8b4     DttSP.exp
 0002:000028c4       $N00018                    1001d8c4     DttSP.exp
 0002:000028d6       $N00019                    1001d8d6     DttSP.exp
 0002:000028e1       $N00020                    1001d8e1     DttSP.exp
 0002:000028ef       $N00021                    1001d8ef     DttSP.exp
 0002:00002905       $N00022                    1001d905     DttSP.exp
 0002:00002918       $N00023                    1001d918     DttSP.exp
 0002:00002925       $N00024                    1001d925     DttSP.exp
 0002:00002932       $N00025                    1001d932     DttSP.exp
 0002:00002946       $N00026                    1001d946     DttSP.exp
 0002:00002957       $N00027                    1001d957     DttSP.exp
 0002:0000296a       $N00028                    1001d96a     DttSP.exp
 0002:00002973       $N00029                    1001d973     DttSP.exp
 0002:00002980       $N00030                    1001d980     DttSP.exp
 0002:0000298e       $N00031                    1001d98e     DttSP.exp
 0002:0000299f       $N00032                    1001d99f     DttSP.exp
 0002:000029ad       $N00033                    1001d9ad     DttSP.exp
 0002:000029ba       $N00034                    1001d9ba     DttSP.exp
 0002:000029c8       $N00035                    1001d9c8     DttSP.exp
 0002:000029e0       $N00036                    1001d9e0     DttSP.exp
 0002:000029f3       $N00037                    1001d9f3     DttSP.exp
 0002:00002a01       $N00038                    1001da01     DttSP.exp
 0002:00002a0f       $N00039                    1001da0f     DttSP.exp
 0002:00002a20       $N00040                    1001da20     DttSP.exp
 0002:00002a2f       $N00041                    1001da2f     DttSP.exp
 0002:00002a36       $N00042                    1001da36     DttSP.exp
 0002:00002a41       $N00043                    1001da41     DttSP.exp
 0002:00002a4e       $N00044                    1001da4e     DttSP.exp
 0002:00002a55       $N00045                    1001da55     DttSP.exp
 0002:00002a62       $N00046                    1001da62     DttSP.exp
 0002:00002a6f       $N00047                    1001da6f     DttSP.exp
 0002:00002a7c       $N00048                    1001da7c     DttSP.exp
 0002:00002a8f       $N00049                    1001da8f     DttSP.exp
 0002:00002aa0       $N00050                    1001daa0     DttSP.exp
 0002:00002ab2       $N00051                    1001dab2     DttSP.exp
 0002:00002ac3       $N00052                    1001dac3     DttSP.exp
 0002:00002ad3       $N00053                    1001dad3     DttSP.exp
 0002:00002ae7       $N00054                    1001dae7     DttSP.exp
 0002:00002afb       $N00055                    1001dafb     DttSP.exp
 0002:00002b0a       $N00056                    1001db0a     DttSP.exp
 0002:00002b1d       $N00057                    1001db1d     DttSP.exp
 0002:00002b2e       $N00058                    1001db2e     DttSP.exp
 0002:00002b42       $N00059                    1001db42     DttSP.exp
 0002:00002b52       $N00060                    1001db52     DttSP.exp
 0002:00002b66       $N00061                    1001db66     DttSP.exp
 0002:00002b73       $N00062                    1001db73     DttSP.exp
 0002:00002b80       $N00063                    1001db80     DttSP.exp
 0002:00002b91       $N00064                    1001db91     DttSP.exp
 0002:00002ba4       $N00065                    1001dba4     DttSP.exp
 0002:00002bba       $N00066                    1001dbba     DttSP.exp
 0002:00002bc6       $N00067                    1001dbc6     DttSP.exp
 0002:00002bd2       $N00068                    1001dbd2     DttSP.exp
 0002:00002be0       $N00069                    1001dbe0     DttSP.exp
 0002:00002bef       $N00070                    1001dbef     DttSP.exp
 0002:00002bfb       $N00071                    1001dbfb     DttSP.exp
 0002:00002c09       $N00072                    1001dc09     DttSP.exp
 0002:00002c17       $N00073                    1001dc17     DttSP.exp
 0002:00002c25       $N00074                    1001dc25     DttSP.exp
 0002:00002c34       $N00075                    1001dc34     DttSP.exp
 0002:00002c41       $N00076                    1001dc41     DttSP.exp
 0002:00002c4d       $N00077                    1001dc4d     DttSP.exp
 0002:00002c5f       $N00078                    1001dc5f     DttSP.exp
 0002:00002c6b       $N00079                    1001dc6b     DttSP.exp
 0002:00002c7c       $N00080                    1001dc7c     DttSP.exp
 0002:00002c89       $N00081                    1001dc89     DttSP.exp
 0002:00002c96       $N00082                    1001dc96     DttSP.exp
 0002:00002cad       $N00083                    1001dcad     DttSP.exp
 0002:00002cbc       $N00084                    1001dcbc     DttSP.exp
 0002:00002cc9       $N00085                    1001dcc9     DttSP.exp
 0002:00002cdd       $N00086                    1001dcdd     DttSP.exp
 0002:00002cea       $N00087                    1001dcea     DttSP.exp
 0002:00002cfc       $N00088                    1001dcfc     DttSP.exp
 0002:00002d0b       $N00089                    1001dd0b     DttSP.exp
 0002:00002d1e       $N00090                    1001dd1e     DttSP.exp
 0002:00002d2c       $N00091                    1001dd2c     DttSP.exp
 0002:00002d3b       $N00092                    1001dd3b     DttSP.exp
 0002:00002d43       $N00093                    1001dd43     DttSP.exp
 0002:00002d49       $N00094                    1001dd49     DttSP.exp
 0002:00002d53       $N00095                    1001dd53     DttSP.exp
 0002:00002d59       $N00096                    1001dd59     DttSP.exp
 0002:00002d63       $N00097                    1001dd63     DttSP.exp
 0002:00002d6f       $N00098                    1001dd6f     DttSP.exp
 0002:00002d7b       $N00099                    1001dd7b     DttSP.exp
 0002:00002d86       $N00100                    1001dd86     DttSP.exp
 0002:00002d8f       $N00101                    1001dd8f     DttSP.exp
 0002:00002d9e       $N00102                    1001dd9e     DttSP.exp
 0002:00002dac       $N00103                    1001ddac     DttSP.exp
 0002:00002db9       $N00104                    1001ddb9     DttSP.exp
 0002:00002dcf       $N00105                    1001ddcf     DttSP.exp
 0002:00002ddd       $N00106                    1001dddd     DttSP.exp
 0002:00002de9       $N00107                    1001dde9     DttSP.exp
 0002:00002df6       $N00108                    1001ddf6     DttSP.exp
 0002:00002e07       $N00109                    1001de07     DttSP.exp
 0002:00002e18       $N00110                    1001de18     DttSP.exp
 0002:00002e24       $N00111                    1001de24     DttSP.exp
 0002:00002e37       $N00112                    1001de37     DttSP.exp
 0002:00002e4e       $N00113                    1001de4e     DttSP.exp
 0002:00002e63       $N00114                    1001de63     DttSP.exp
 0002:00002e6c       $N00115                    1001de6c     DttSP.exp
 0002:00002e7c       $N00116                    1001de7c     DttSP.exp
 0002:00002e85       $N00117                    1001de85     DttSP.exp
 0002:00002e99       $N00118                    1001de99     DttSP.exp
 0002:00002ea7       $N00119                    1001dea7     DttSP.exp
 0002:00002eb0       $N00120                    1001deb0     DttSP.exp
 0002:00002ebd       $N00121                    1001debd     DttSP.exp
 0002:00002ecb       $N00122                    1001decb     DttSP.exp
 0002:00002ee0       $N00123                    1001dee0     DttSP.exp
 0002:00002ef0       $N00124                    1001def0     DttSP.exp
 0002:00002efe       $N00125                    1001defe     DttSP.exp
 0002:00002f09       $N00126                    1001df09     DttSP.exp
 0002:00002f15       $N00127                    1001df15     DttSP.exp
 0002:00002f27       $N00128                    1001df27     DttSP.exp
 0002:00002f2e       $N00129                    1001df2e     DttSP.exp
 0002:00002f42       $N00130                    1001df42     DttSP.exp
 0002:00002f4d       $N00131                    1001df4d     DttSP.exp
 0002:00002f63       $N00132                    1001df63     DttSP.exp
 0002:00002f72       $N00133                    1001df72     DttSP.exp
 0002:00002f7e       $N00134                    1001df7e     DttSP.exp
 0002:00002f8c       $N00135                    1001df8c     DttSP.exp
 0002:00002f99       $N00136                    1001df99     DttSP.exp
 0002:00002fad       $N00137                    1001dfad     DttSP.exp
 0002:00002fba       $N00138                    1001dfba     DttSP.exp
 0002:00002fc9       $N00139                    1001dfc9     DttSP.exp
 0002:00002fd6       $N00140                    1001dfd6     DttSP.exp
 0002:00002fe6       $N00141                    1001dfe6     DttSP.exp
 0002:00002ff7       $N00142                    1001dff7     DttSP.exp
 0002:00003003       $N00143                    1001e003     DttSP.exp
 0002:00003016       $N00144                    1001e016     DttSP.exp
 0002:00003028       $N00145                    1001e028     DttSP.exp
 0002:00003039       $N00146                    1001e039     DttSP.exp
 0002:00003048       $N00147                    1001e048     DttSP.exp
 0002:00003058       $N00148                    1001e058     DttSP.exp
 0002:00003061       $N00149                    1001e061     DttSP.exp
 0002:00003071       $N00150                    1001e071     DttSP.exp
 0002:00003080       $N00151                    1001e080     DttSP.exp
 0002:00003090       $N00152                    1001e090     DttSP.exp
 0002:0000309d       $N00153                    1001e09d     DttSP.exp
 0002:000030a9       $N00154                    1001e0a9     DttSP.exp
 0002:000030c1       $N00155                    1001e0c1     DttSP.exp
 0002:000030cd       $N00156                    1001e0cd     DttSP.exp
 0002:000030d7       $N00157                    1001e0d7     DttSP.exp
 0002:000030e1       $N00158                    1001e0e1     DttSP.exp
 0002:000030ec       $N00159                    1001e0ec     DttSP.exp
 0002:000030f6       $N00160                    1001e0f6     DttSP.exp
 0002:00003107       $N00161                    1001e107     DttSP.exp
 0002:0000311a       $N00162                    1001e11a     DttSP.exp
 0002:0000312a       $N00163                    1001e12a     DttSP.exp
 0002:0000313b       $N00164                    1001e13b     DttSP.exp
 0002:00003152       $N00165                    1001e152     DttSP.exp
 0002:00003438       .idata$6                   1001e438     winMM:WINMM.dll
 0002:0000349e       .idata$6                   1001e49e     libfftw3f-3:libfftw3f-3.dll
 0002:000034e0       .idata$6                   1001e4e0     pthreadVC:pthreadVC.dll
 0002:000036b0       .idata$6                   1001e6b0     kernel32:KERNEL32.dll
 0002:00003740       .idata$6                   1001e740     vcruntime:VCRUNTIME140.dll
 0002:00003a72       .idata$6                   1001ea72     ucrt:api-ms-win-crt-math-l1-1-0.dll
 0002:00003a92       .idata$6                   1001ea92     ucrt:api-ms-win-crt-filesystem-l1-1-0.dll
 0002:00003ab8       .idata$6                   1001eab8     ucrt:api-ms-win-crt-time-l1-1-0.dll
 0002:00003ad8       .idata$6                   1001ead8     ucrt:api-ms-win-crt-runtime-l1-1-0.dll
 0002:00003afa       .idata$6                   1001eafa     ucrt:api-ms-win-crt-environment-l1-1-0.dll
 0002:00003b20       .idata$6                   1001eb20     ucrt:api-ms-win-crt-stdio-l1-1-0.dll
 0002:00003b40       .idata$6                   1001eb40     ucrt:api-ms-win-crt-heap-l1-1-0.dll
 0002:00003b60       .idata$6                   1001eb60     ucrt:api-ms-win-crt-utility-l1-1-0.dll
 0002:00003b82       .idata$6                   1001eb82     ucrt:api-ms-win-crt-string-l1-1-0.dll
 0003:00000024       _EQ_Num_48000              1001f024     graphiceq.obj
 0003:00000030       _EQ_Den_48000              1001f030     graphiceq.obj
 0003:00000038       _EQ_Num_96000              1001f038     graphiceq.obj
 0003:00000044       _EQ_Den_96000              1001f044     graphiceq.obj
 0003:0000004c       _EQ_Num_192000             1001f04c     graphiceq.obj
 0003:00000058       _EQ_Den_192000             1001f058     graphiceq.obj
 0003:00000060       _pole                      1001f060     hilbert.obj
 0003:00000090       __ISOband_info             1001f090     isoband.obj
 0003:00000350       _wpm                       1001f350     keyd.obj
 0003:00000354       _freq                      1001f354     keyd.obj
 0003:00000358       _ramp                      1001f358     keyd.obj
 0003:0000035c       _mid_element               1001f35c     keyd.obj
 0003:00000360       __white                    1001f360     splitfields.obj
 0003:00000368       _fast_atan_table           1001f368     fastrig1.obj
 0003:000007e0       ?buff@?1??fmt_tv@@9@9      1001f7e0     banal.obj
 0003:000008e0       __safemem_currcount        1001f8e0     bufvec.obj
 0003:000008ec       _EQ_Num                    1001f8ec     graphiceq.obj
 0003:000008f8       _EQ_Den                    1001f8f8     graphiceq.obj
 0003:00000909       _playing1                  1001f909     keyd.obj
 0003:0000090a       _playing                   1001f90a     keyd.obj
 0003:0000090b       _iambic                    1001f90b     keyd.obj
 0003:0000090c       _CS_CW                     1001f90c     keyd.obj
 0003:00000924       _UPDATE_OK                 1001f924     keyd.obj
 0003:0000093c       _cs_cw                     1001f93c     keyd.obj
 0003:00000940       _update_ok                 1001f940     keyd.obj
 0003:00000944       _bug                       1001f944     keyd.obj
 0003:00000945       _cw_ring_reset             1001f945     keyd.obj
 0003:00000946       _auto_space_char           1001f946     keyd.obj
 0003:00000948       _gain                      1001f948     keyd.obj
 0003:0000094c       ?keyerState@?1??klogic@@9@9 1001f94c     keyer.obj
 0003:00000950       ?last_element@?1??klogic@@9@9 1001f950     keyer.obj
 0003:00000954       ?ditmem@?1??klogic@@9@9    1001f954     keyer.obj
 0003:00000955       ?dahmem@?1??klogic@@9@9    1001f955     keyer.obj
 0003:00000956       ?squeezeStartedAfterCurrentElementStartedPlaying@?1??klogic@@9@9 1001f956     keyer.obj
 0003:00000957       ?squeezeStartedBeforeCurrentElementStartedPlaying@?1??klogic@@9@9 1001f957     keyer.obj
 0003:00000958       ?squeezeReleasedBeforeMidpointAndModeBStrict@?1??klogic@@9@9 1001f958     keyer.obj
 0003:00000959       ?afterflagdebug@?1??klogic@@9@9 1001f959     keyer.obj
 0003:00000960       ?keystate@?1??read_straight_key@@9@9 1001f960     keyerio.obj
 0003:00000964       ?debounce_buf_i@?1??read_straight_key@@9@9 1001f964     keyerio.obj
 0003:00000968       ?debounce_buf@?1??read_straight_key@@9@9 1001f968     keyerio.obj
 0003:000009e0       ?dah_debounce_buf@?1??read_iambic_key@@9@9 1001f9e0     keyerio.obj
 0003:00000a00       ?dit_debounce_buf@?1??read_iambic_key@@9@9 1001fa00     keyerio.obj
 0003:00000a20       ?dah@?1??read_iambic_key@@9@9 1001fa20     keyerio.obj
 0003:00000a24       ?debounce_buf_i@?1??read_iambic_key@@9@9 1001fa24     keyerio.obj
 0003:00000a28       ?dit@?1??read_iambic_key@@9@9 1001fa28     keyerio.obj
 0003:00000a34       _mic_avg                   1001fa34     sdr.obj
 0003:00000a38       _mic_pk                    1001fa38     sdr.obj
 0003:00000a3c       _alc_avg                   1001fa3c     sdr.obj
 0003:00000a40       _alc_pk                    1001fa40     sdr.obj
 0003:00000a44       _lev_avg                   1001fa44     sdr.obj
 0003:00000a48       _lev_pk                    1001fa48     sdr.obj
 0003:00000a4c       _eq_avg                    1001fa4c     sdr.obj
 0003:00000a50       _eq_pk                     1001fa50     sdr.obj
 0003:00000a54       _comp_avg                  1001fa54     sdr.obj
 0003:00000a58       _comp_pk                   1001fa58     sdr.obj
 0003:00000a5c       _cpdr_avg                  1001fa5c     sdr.obj
 0003:00000a60       _cpdr_pk                   1001fa60     sdr.obj
 0003:00000a64       _TABLE_FACTOR              1001fa64     fastrig1.obj
 0003:00000a68       _sinT                      1001fa68     fastrig1.obj
 0003:00000a6c       _cosT                      1001fa6c     fastrig1.obj
 0003:00000a70       ?__proc_attached@@3HA      1001fa70     MSVCRT:dll_dllmain.obj
 0003:00000aa0       ?is_initialized_as_dll@@3_NA 1001faa0     MSVCRT:utility.obj
 0003:00000aa1       ?module_local_atexit_table_initialized@@3_NA 1001faa1     MSVCRT:utility.obj
 0003:00000aa4       ?module_local_atexit_table@@3U_onexit_table_t@@A 1001faa4     MSVCRT:utility.obj
 0003:00000ab0       ?module_local_at_quick_exit_table@@3U_onexit_table_t@@A 1001fab0     MSVCRT:utility.obj
 0003:00000ac8       _GS_ExceptionRecord        1001fac8     MSVCRT:gs_report.obj
 0003:00000b18       _GS_ContextRecord          1001fb18     MSVCRT:gs_report.obj
 0004:000000a0       $R000000                   1005e0a0     DttSP.res
 0004:000003b8       $R000318                   1005e3b8     DttSP.res
